ARM Linker, 5.03 [Build 24] [MDK-ARM Standard]

==============================================================================

Section Cross References

    app.o(i.main) refers to usbd_core.o(i.USBD_Init) for USBD_Init
    app.o(i.main) refers to stm324xg_eval.o(i.STM_EVAL_LEDToggle) for STM_EVAL_LEDToggle
    app.o(i.main) refers to usbd_usr.o(.data) for USR_cb
    app.o(i.main) refers to usbd_hid_core.o(.data) for USBD_HID_cb
    app.o(i.main) refers to usbd_desc.o(.data) for USR_desc
    app.o(i.main) refers to app.o(.bss) for .bss
    stm32fxxx_it.o(i.EXTI15_10_IRQHandler) refers to stm32f4xx_exti.o(i.EXTI_GetITStatus) for EXTI_GetITStatus
    stm32fxxx_it.o(i.EXTI15_10_IRQHandler) refers to stm32f4xx_rcc.o(i.RCC_HSEConfig) for RCC_HSEConfig
    stm32fxxx_it.o(i.EXTI15_10_IRQHandler) refers to stm32f4xx_rcc.o(i.RCC_GetFlagStatus) for RCC_GetFlagStatus
    stm32fxxx_it.o(i.EXTI15_10_IRQHandler) refers to stm32f4xx_rcc.o(i.RCC_PLLCmd) for RCC_PLLCmd
    stm32fxxx_it.o(i.EXTI15_10_IRQHandler) refers to stm32f4xx_rcc.o(i.RCC_SYSCLKConfig) for RCC_SYSCLKConfig
    stm32fxxx_it.o(i.EXTI15_10_IRQHandler) refers to stm32f4xx_rcc.o(i.RCC_GetSYSCLKSource) for RCC_GetSYSCLKSource
    stm32fxxx_it.o(i.EXTI15_10_IRQHandler) refers to usb_core.o(i.USB_OTG_UngateClock) for USB_OTG_UngateClock
    stm32fxxx_it.o(i.EXTI15_10_IRQHandler) refers to usb_core.o(i.USB_OTG_ActiveRemoteWakeup) for USB_OTG_ActiveRemoteWakeup
    stm32fxxx_it.o(i.EXTI15_10_IRQHandler) refers to printfb.o(i.__0printf$bare) for __2printf
    stm32fxxx_it.o(i.EXTI15_10_IRQHandler) refers to stm32f4xx_exti.o(i.EXTI_ClearITPendingBit) for EXTI_ClearITPendingBit
    stm32fxxx_it.o(i.EXTI15_10_IRQHandler) refers to app.o(.bss) for USB_OTG_dev
    stm32fxxx_it.o(i.EXTI15_10_IRQHandler) refers to stm32fxxx_it.o(.data) for .data
    stm32fxxx_it.o(i.EXTI15_10_IRQHandler) refers to lcd_log.o(.data) for LCD_LineColor
    stm32fxxx_it.o(i.OTG_FS_WKUP_IRQHandler) refers to stm32f4xx_rcc.o(i.RCC_HSEConfig) for RCC_HSEConfig
    stm32fxxx_it.o(i.OTG_FS_WKUP_IRQHandler) refers to stm32f4xx_rcc.o(i.RCC_GetFlagStatus) for RCC_GetFlagStatus
    stm32fxxx_it.o(i.OTG_FS_WKUP_IRQHandler) refers to stm32f4xx_rcc.o(i.RCC_PLLCmd) for RCC_PLLCmd
    stm32fxxx_it.o(i.OTG_FS_WKUP_IRQHandler) refers to stm32f4xx_rcc.o(i.RCC_SYSCLKConfig) for RCC_SYSCLKConfig
    stm32fxxx_it.o(i.OTG_FS_WKUP_IRQHandler) refers to stm32f4xx_rcc.o(i.RCC_GetSYSCLKSource) for RCC_GetSYSCLKSource
    stm32fxxx_it.o(i.OTG_FS_WKUP_IRQHandler) refers to usb_core.o(i.USB_OTG_UngateClock) for USB_OTG_UngateClock
    stm32fxxx_it.o(i.OTG_FS_WKUP_IRQHandler) refers to stm32f4xx_exti.o(i.EXTI_ClearITPendingBit) for EXTI_ClearITPendingBit
    stm32fxxx_it.o(i.OTG_FS_WKUP_IRQHandler) refers to app.o(.bss) for USB_OTG_dev
    stm32fxxx_it.o(i.OTG_HS_EP1_IN_IRQHandler) refers to usb_dcd_int.o(i.USBD_OTG_EP1IN_ISR_Handler) for USBD_OTG_EP1IN_ISR_Handler
    stm32fxxx_it.o(i.OTG_HS_EP1_IN_IRQHandler) refers to app.o(.bss) for USB_OTG_dev
    stm32fxxx_it.o(i.OTG_HS_EP1_OUT_IRQHandler) refers to usb_dcd_int.o(i.USBD_OTG_EP1OUT_ISR_Handler) for USBD_OTG_EP1OUT_ISR_Handler
    stm32fxxx_it.o(i.OTG_HS_EP1_OUT_IRQHandler) refers to app.o(.bss) for USB_OTG_dev
    stm32fxxx_it.o(i.OTG_HS_IRQHandler) refers to usb_dcd_int.o(i.USBD_OTG_ISR_Handler) for USBD_OTG_ISR_Handler
    stm32fxxx_it.o(i.OTG_HS_IRQHandler) refers to app.o(.bss) for USB_OTG_dev
    stm32fxxx_it.o(i.OTG_HS_WKUP_IRQHandler) refers to stm32f4xx_rcc.o(i.RCC_HSEConfig) for RCC_HSEConfig
    stm32fxxx_it.o(i.OTG_HS_WKUP_IRQHandler) refers to stm32f4xx_rcc.o(i.RCC_GetFlagStatus) for RCC_GetFlagStatus
    stm32fxxx_it.o(i.OTG_HS_WKUP_IRQHandler) refers to stm32f4xx_rcc.o(i.RCC_PLLCmd) for RCC_PLLCmd
    stm32fxxx_it.o(i.OTG_HS_WKUP_IRQHandler) refers to stm32f4xx_rcc.o(i.RCC_SYSCLKConfig) for RCC_SYSCLKConfig
    stm32fxxx_it.o(i.OTG_HS_WKUP_IRQHandler) refers to stm32f4xx_rcc.o(i.RCC_GetSYSCLKSource) for RCC_GetSYSCLKSource
    stm32fxxx_it.o(i.OTG_HS_WKUP_IRQHandler) refers to usb_core.o(i.USB_OTG_UngateClock) for USB_OTG_UngateClock
    stm32fxxx_it.o(i.OTG_HS_WKUP_IRQHandler) refers to stm32f4xx_exti.o(i.EXTI_ClearITPendingBit) for EXTI_ClearITPendingBit
    stm32fxxx_it.o(i.OTG_HS_WKUP_IRQHandler) refers to stm32fxxx_it.o(.data) for .data
    stm32fxxx_it.o(i.OTG_HS_WKUP_IRQHandler) refers to app.o(.bss) for USB_OTG_dev
    stm32fxxx_it.o(i.SysTick_Handler) refers to stm324xg_eval_ioe.o(i.IOE_JoyStickGetState) for IOE_JoyStickGetState
    stm32fxxx_it.o(i.SysTick_Handler) refers to usbd_hid_core.o(i.USBD_HID_SendReport) for USBD_HID_SendReport
    stm32fxxx_it.o(i.SysTick_Handler) refers to stm32fxxx_it.o(.data) for .data
    stm32fxxx_it.o(i.SysTick_Handler) refers to app.o(.bss) for USB_OTG_dev
    usb_bsp.o(i.USB_OTG_BSP_EnableInterrupt) refers to misc.o(i.NVIC_PriorityGroupConfig) for NVIC_PriorityGroupConfig
    usb_bsp.o(i.USB_OTG_BSP_EnableInterrupt) refers to misc.o(i.NVIC_Init) for NVIC_Init
[...]
    i.BusFault_Handler                       0x08000240   Section        0  stm32fxxx_it.o(i.BusFault_Handler)
    i.DCD_EP_Close                           0x08000242   Section        0  usb_dcd.o(i.DCD_EP_Close)
    i.DCD_EP_ClrStall                        0x0800026e   Section        0  usb_dcd.o(i.DCD_EP_ClrStall)
    i.DCD_EP_Flush                           0x080002a6   Section        0  usb_dcd.o(i.DCD_EP_Flush)
    i.DCD_EP_Open                            0x080002be   Section        0  usb_dcd.o(i.DCD_EP_Open)
    i.DCD_EP_PrepareRx                       0x080002fa   Section        0  usb_dcd.o(i.DCD_EP_PrepareRx)
    i.DCD_EP_SetAddress                      0x08000334   Section        0  usb_dcd.o(i.DCD_EP_SetAddress)
    i.DCD_EP_Stall                           0x08000344   Section        0  usb_dcd.o(i.DCD_EP_Stall)
    i.DCD_EP_Tx                              0x0800037c   Section        0  usb_dcd.o(i.DCD_EP_Tx)
    i.DCD_HandleInEP_ISR                     0x080003b4   Section        0  usb_dcd_int.o(i.DCD_HandleInEP_ISR)
    DCD_HandleInEP_ISR                       0x080003b5   Thumb Code   198  usb_dcd_int.o(i.DCD_HandleInEP_ISR)
    i.DCD_HandleOutEP_ISR                    0x08000480   Section        0  usb_dcd_int.o(i.DCD_HandleOutEP_ISR)
    DCD_HandleOutEP_ISR                      0x08000481   Thumb Code   166  usb_dcd_int.o(i.DCD_HandleOutEP_ISR)
    i.DCD_HandleRxStatusQueueLevel_ISR       0x0800052c   Section        0  usb_dcd_int.o(i.DCD_HandleRxStatusQueueLevel_ISR)
    DCD_HandleRxStatusQueueLevel_ISR         0x0800052d   Thumb Code   124  usb_dcd_int.o(i.DCD_HandleRxStatusQueueLevel_ISR)
    i.DCD_HandleUSBSuspend_ISR               0x080005a8   Section        0  usb_dcd_int.o(i.DCD_HandleUSBSuspend_ISR)
    DCD_HandleUSBSuspend_ISR                 0x080005a9   Thumb Code   102  usb_dcd_int.o(i.DCD_HandleUSBSuspend_ISR)
    i.DCD_HandleUsbReset_ISR                 0x08000618   Section        0  usb_dcd_int.o(i.DCD_HandleUsbReset_ISR)
    DCD_HandleUsbReset_ISR                   0x08000619   Thumb Code   138  usb_dcd_int.o(i.DCD_HandleUsbReset_ISR)
    i.DCD_Init                               0x080006a8   Section        0  usb_dcd.o(i.DCD_Init)
    i.DCD_WriteEmptyTxFifo                   0x08000732   Section        0  usb_dcd_int.o(i.DCD_WriteEmptyTxFifo)
    DCD_WriteEmptyTxFifo                     0x08000733   Thumb Code   122  usb_dcd_int.o(i.DCD_WriteEmptyTxFifo)
    i.DMA_ClearFlag                          0x080007ac   Section        0  stm32f4xx_dma.o(i.DMA_ClearFlag)
    i.DMA_Cmd                                0x080007d8   Section        0  stm32f4xx_dma.o(i.DMA_Cmd)
    i.DMA_DeInit                             0x080007ec   Section        0  stm32f4xx_dma.o(i.DMA_DeInit)
    i.DMA_GetFlagStatus                      0x08000910   Section        0  stm32f4xx_dma.o(i.DMA_GetFlagStatus)
    i.DMA_Init                               0x08000944   Section        0  stm32f4xx_dma.o(i.DMA_Init)
    i.DebugMon_Handler                       0x08000998   Section        0  stm32fxxx_it.o(i.DebugMon_Handler)
    i.EXTI15_10_IRQHandler                   0x0800099c   Section        0  stm32fxxx_it.o(i.EXTI15_10_IRQHandler)
    i.EXTI_ClearITPendingBit                 0x08000a54   Section        0  stm32f4xx_exti.o(i.EXTI_ClearITPendingBit)
    i.EXTI_GetITStatus                       0x08000a60   Section        0  stm32f4xx_exti.o(i.EXTI_GetITStatus)
    i.EXTI_Init                              0x08000a80   Section        0  stm32f4xx_exti.o(i.EXTI_Init)
    i.FSMC_NORSRAMCmd                        0x08000af0   Section        0  stm32f4xx_fsmc.o(i.FSMC_NORSRAMCmd)
    i.FSMC_NORSRAMInit                       0x08000b10   Section        0  stm32f4xx_fsmc.o(i.FSMC_NORSRAMInit)
    i.GPIO_Init                              0x08000bd0   Section        0  stm32f4xx_gpio.o(i.GPIO_Init)
    i.GPIO_PinAFConfig                       0x08000c72   Section        0  stm32f4xx_gpio.o(i.GPIO_PinAFConfig)
    i.HardFault_Handler                      0x08000c92   Section        0  stm32fxxx_it.o(i.HardFault_Handler)
    i.I2C_CheckEvent                         0x08000c94   Section        0  stm32f4xx_i2c.o(i.I2C_CheckEvent)
    i.I2C_DMACmd                             0x08000cac   Section        0  stm32f4xx_i2c.o(i.I2C_DMACmd)
    i.I2C_DMALastTransferCmd                 0x08000cc0   Section        0  stm32f4xx_i2c.o(i.I2C_DMALastTransferCmd)
    i.I2C_GenerateSTART                      0x08000cd4   Section        0  stm32f4xx_i2c.o(i.I2C_GenerateSTART)
    i.I2C_GenerateSTOP                       0x08000ce8   Section        0  stm32f4xx_i2c.o(i.I2C_GenerateSTOP)
    i.I2C_GetFlagStatus                      0x08000cfc   Section        0  stm32f4xx_i2c.o(i.I2C_GetFlagStatus)
    i.I2C_Init                               0x08000d28   Section        0  stm32f4xx_i2c.o(i.I2C_Init)
    i.I2C_ReadDeviceRegister                 0x08000ddc   Section        0  stm324xg_eval_ioe.o(i.I2C_ReadDeviceRegister)
    i.I2C_Send7bitAddress                    0x08000f4c   Section        0  stm32f4xx_i2c.o(i.I2C_Send7bitAddress)
    i.I2C_SendData                           0x08000f5c   Section        0  stm32f4xx_i2c.o(i.I2C_SendData)
    i.I2C_WriteDeviceRegister                0x08000f60   Section        0  stm324xg_eval_ioe.o(i.I2C_WriteDeviceRegister)
    i.IOE_Config                             0x08001094   Section        0  stm324xg_eval_ioe.o(i.IOE_Config)
    i.IOE_DMA_Config                         0x0800119c   Section        0  stm324xg_eval_ioe.o(i.IOE_DMA_Config)
    IOE_DMA_Config                           0x0800119d   Thumb Code   102  stm324xg_eval_ioe.o(i.IOE_DMA_Config)
    i.IOE_FnctCmd                            0x0800120c   Section        0  stm324xg_eval_ioe.o(i.IOE_FnctCmd)
    i.IOE_GPIO_Config                        0x08001230   Section        0  stm324xg_eval_ioe.o(i.IOE_GPIO_Config)
    IOE_GPIO_Config                          0x08001231   Thumb Code   144  stm324xg_eval_ioe.o(i.IOE_GPIO_Config)
    i.IOE_IOAFConfig                         0x080012c8   Section        0  stm324xg_eval_ioe.o(i.IOE_IOAFConfig)
    i.IOE_IOEdgeConfig                       0x080012ec   Section        0  stm324xg_eval_ioe.o(i.IOE_IOEdgeConfig)
    i.IOE_IOPinConfig                        0x08001336   Section        0  stm324xg_eval_ioe.o(i.IOE_IOPinConfig)
    i.IOE_IsOperational                      0x0800135c   Section        0  stm324xg_eval_ioe.o(i.IOE_IsOperational)
    i.IOE_JoyStickGetState                   0x08001380   Section        0  stm324xg_eval_ioe.o(i.IOE_JoyStickGetState)
    i.IOE_ReadID                             0x080013be   Section        0  stm324xg_eval_ioe.o(i.IOE_ReadID)
    i.IOE_Reset                              0x080013dc   Section        0  stm324xg_eval_ioe.o(i.IOE_Reset)
    i.IOE_TS_Config                          0x080013fc   Section        0  stm324xg_eval_ioe.o(i.IOE_TS_Config)
    i.IOE_TempSens_Config                    0x080014b8   Section        0  stm324xg_eval_ioe.o(i.IOE_TempSens_Config)
    i.IOE_WriteIOPin                         0x080014fc   Section        0  stm324xg_eval_ioe.o(i.IOE_WriteIOPin)
    i.LCD_Clear                              0x08001526   Section        0  stm324xg_eval_lcd.o(i.LCD_Clear)
    i.LCD_ClearLine                          0x0800154c   Section        0  stm324xg_eval_lcd.o(i.LCD_ClearLine)
    i.LCD_CtrlLinesConfig                    0x0800157c   Section        0  stm324xg_eval_lcd.o(i.LCD_CtrlLinesConfig)
    i.LCD_DisplayChar                        0x080016b0   Section        0  stm324xg_eval_lcd.o(i.LCD_DisplayChar)
    i.LCD_DisplayStringLine                  0x080016d0   Section        0  stm324xg_eval_lcd.o(i.LCD_DisplayStringLine)
    i.LCD_DrawChar                           0x08001708   Section        0  stm324xg_eval_lcd.o(i.LCD_DrawChar)
    i.LCD_FSMCConfig                         0x08001784   Section        0  stm324xg_eval_lcd.o(i.LCD_FSMCConfig)
    i.LCD_GetFont                            0x080017dc   Section        0  stm324xg_eval_lcd.o(i.LCD_GetFont)
    i.LCD_LOG_DeInit                         0x080017e8   Section        0  lcd_log.o(i.LCD_LOG_DeInit)
    i.LCD_LOG_Init                           0x08001810   Section        0  lcd_log.o(i.LCD_LOG_Init)
    i.LCD_LOG_SetFooter                      0x08001820   Section        0  lcd_log.o(i.LCD_LOG_SetFooter)
    i.LCD_LOG_SetHeader                      0x08001884   Section        0  lcd_log.o(i.LCD_LOG_SetHeader)
    i.LCD_LOG_UpdateDisplay                  0x08001914   Section        0  lcd_log.o(i.LCD_LOG_UpdateDisplay)
    LCD_LOG_UpdateDisplay                    0x08001915   Thumb Code   150  lcd_log.o(i.LCD_LOG_UpdateDisplay)
    i.LCD_ReadReg                            0x080019b4   Section        0  stm324xg_eval_lcd.o(i.LCD_ReadReg)
    i.LCD_SetBackColor                       0x080019c0   Section        0  stm324xg_eval_lcd.o(i.LCD_SetBackColor)
    i.LCD_SetCursor                          0x080019d0   Section        0  stm324xg_eval_lcd.o(i.LCD_SetCursor)
    i.LCD_SetFont                            0x080019e8   Section        0  stm324xg_eval_lcd.o(i.LCD_SetFont)
    i.LCD_SetTextColor                       0x080019f4   Section        0  stm324xg_eval_lcd.o(i.LCD_SetTextColor)
    i.LCD_WriteReg                           0x08001a04   Section        0  stm324xg_eval_lcd.o(i.LCD_WriteReg)
    i.MemManage_Handler                      0x08001a0e   Section        0  stm32fxxx_it.o(i.MemManage_Handler)
    i.NMI_Handler                            0x08001a10   Section        0  stm32fxxx_it.o(i.NMI_Handler)
    i.NVIC_Init                              0x08001a14   Section        0  misc.o(i.NVIC_Init)
    i.NVIC_PriorityGroupConfig               0x08001a78   Section        0  misc.o(i.NVIC_PriorityGroupConfig)
    i.OTG_FS_WKUP_IRQHandler                 0x08001a8c   Section        0  stm32fxxx_it.o(i.OTG_FS_WKUP_IRQHandler)
    i.OTG_HS_EP1_IN_IRQHandler               0x08001ae8   Section        0  stm32fxxx_it.o(i.OTG_HS_EP1_IN_IRQHandler)
    i.OTG_HS_EP1_OUT_IRQHandler              0x08001af4   Section        0  stm32fxxx_it.o(i.OTG_HS_EP1_OUT_IRQHandler)
    i.OTG_HS_IRQHandler                      0x08001b00   Section        0  stm32fxxx_it.o(i.OTG_HS_IRQHandler)
    i.OTG_HS_WKUP_IRQHandler                 0x08001b0c   Section        0  stm32fxxx_it.o(i.OTG_HS_WKUP_IRQHandler)
    i.PendSV_Handler                         0x08001b78   Section        0  stm32fxxx_it.o(i.PendSV_Handler)
    i.RCC_AHB1PeriphClockCmd                 0x08001b7c   Section        0  stm32f4xx_rcc.o(i.RCC_AHB1PeriphClockCmd)
    i.RCC_AHB2PeriphClockCmd                 0x08001b94   Section        0  stm32f4xx_rcc.o(i.RCC_AHB2PeriphClockCmd)
    i.RCC_AHB3PeriphClockCmd                 0x08001bac   Section        0  stm32f4xx_rcc.o(i.RCC_AHB3PeriphClockCmd)
    i.RCC_APB1PeriphClockCmd                 0x08001bc4   Section        0  stm32f4xx_rcc.o(i.RCC_APB1PeriphClockCmd)
    i.RCC_APB1PeriphResetCmd                 0x08001bdc   Section        0  stm32f4xx_rcc.o(i.RCC_APB1PeriphResetCmd)
    i.RCC_APB2PeriphClockCmd                 0x08001bf4   Section        0  stm32f4xx_rcc.o(i.RCC_APB2PeriphClockCmd)
    i.RCC_GetClocksFreq                      0x08001c0c   Section        0  stm32f4xx_rcc.o(i.RCC_GetClocksFreq)
    i.RCC_GetFlagStatus                      0x08001ca0   Section        0  stm32f4xx_rcc.o(i.RCC_GetFlagStatus)
    i.RCC_GetSYSCLKSource                    0x08001cd4   Section        0  stm32f4xx_rcc.o(i.RCC_GetSYSCLKSource)
    i.RCC_HSEConfig                          0x08001ce4   Section        0  stm32f4xx_rcc.o(i.RCC_HSEConfig)
    i.RCC_PLLCmd                             0x08001cf4   Section        0  stm32f4xx_rcc.o(i.RCC_PLLCmd)
    i.RCC_SYSCLKConfig                       0x08001d00   Section        0  stm32f4xx_rcc.o(i.RCC_SYSCLKConfig)
    i.STM324xG_LCD_Init                      0x08001d14   Section        0  stm324xg_eval_lcd.o(i.STM324xG_LCD_Init)
    i.STM_EVAL_LEDInit                       0x08002124   Section        0  stm324xg_eval.o(i.STM_EVAL_LEDInit)
    i.STM_EVAL_LEDToggle                     0x0800216c   Section        0  stm324xg_eval.o(i.STM_EVAL_LEDToggle)
    i.STM_EVAL_PBInit                        0x08002188   Section        0  stm324xg_eval.o(i.STM_EVAL_PBInit)
    i.SVC_Handler                            0x0800222c   Section        0  stm32fxxx_it.o(i.SVC_Handler)
    i.SYSCFG_EXTILineConfig                  0x08002230   Section        0  stm32f4xx_syscfg.o(i.SYSCFG_EXTILineConfig)
    i.SetSysClock                            0x08002258   Section        0  system_stm32f4xx.o(i.SetSysClock)
    SetSysClock                              0x08002259   Thumb Code   162  system_stm32f4xx.o(i.SetSysClock)
    i.SysTick_Handler                        0x0800230c   Section        0  stm32fxxx_it.o(i.SysTick_Handler)
    i.SystemInit                             0x08002368   Section        0  system_stm32f4xx.o(i.SystemInit)
    i.USBD_ClrCfg                            0x080023c4   Section        0  usbd_core.o(i.USBD_ClrCfg)
    i.USBD_CtlContinueRx                     0x080023d2   Section        0  usbd_ioreq.o(i.USBD_CtlContinueRx)
    i.USBD_CtlContinueSendData               0x080023e4   Section        0  usbd_ioreq.o(i.USBD_CtlContinueSendData)
    i.USBD_CtlError                          0x080023f6   Section        0  usbd_req.o(i.USBD_CtlError)
    i.USBD_CtlReceiveStatus                  0x08002412   Section        0  usbd_ioreq.o(i.USBD_CtlReceiveStatus)
    i.USBD_CtlSendData                       0x08002434   Section        0  usbd_ioreq.o(i.USBD_CtlSendData)
    i.USBD_CtlSendStatus                     0x08002454   Section        0  usbd_ioreq.o(i.USBD_CtlSendStatus)
    i.USBD_DataInStage                       0x08002478   Section        0  usbd_core.o(i.USBD_DataInStage)
    USBD_DataInStage                         0x08002479   Thumb Code   172  usbd_core.o(i.USBD_DataInStage)
    i.USBD_DataOutStage                      0x08002528   Section        0  usbd_core.o(i.USBD_DataOutStage)
    USBD_DataOutStage                        0x08002529   Thumb Code   120  usbd_core.o(i.USBD_DataOutStage)
    i.USBD_DevConnected                      0x080025a0   Section        0  usbd_core.o(i.USBD_DevConnected)
    USBD_DevConnected                        0x080025a1   Thumb Code    22  usbd_core.o(i.USBD_DevConnected)
    i.USBD_DevDisconnected                   0x080025b6   Section        0  usbd_core.o(i.USBD_DevDisconnected)
    USBD_DevDisconnected                     0x080025b7   Thumb Code    32  usbd_core.o(i.USBD_DevDisconnected)
    i.USBD_GetDescriptor                     0x080025d8   Section        0  usbd_req.o(i.USBD_GetDescriptor)
    USBD_GetDescriptor                       0x080025d9   Thumb Code   292  usbd_req.o(i.USBD_GetDescriptor)
    i.USBD_GetString                         0x08002700   Section        0  usbd_req.o(i.USBD_GetString)
    i.USBD_HID_DataIn                        0x08002746   Section        0  usbd_hid_core.o(i.USBD_HID_DataIn)
    USBD_HID_DataIn                          0x08002747   Thumb Code    12  usbd_hid_core.o(i.USBD_HID_DataIn)
    i.USBD_HID_DeInit                        0x08002752   Section        0  usbd_hid_core.o(i.USBD_HID_DeInit)
    USBD_HID_DeInit                          0x08002753   Thumb Code    22  usbd_hid_core.o(i.USBD_HID_DeInit)
    i.USBD_HID_GetCfgDesc                    0x08002768   Section        0  usbd_hid_core.o(i.USBD_HID_GetCfgDesc)
    USBD_HID_GetCfgDesc                      0x08002769   Thumb Code     8  usbd_hid_core.o(i.USBD_HID_GetCfgDesc)
    i.USBD_HID_Init                          0x08002774   Section        0  usbd_hid_core.o(i.USBD_HID_Init)
    USBD_HID_Init                            0x08002775   Thumb Code    30  usbd_hid_core.o(i.USBD_HID_Init)
    i.USBD_HID_SendReport                    0x08002792   Section        0  usbd_hid_core.o(i.USBD_HID_SendReport)
    i.USBD_HID_Setup                         0x080027ac   Section        0  usbd_hid_core.o(i.USBD_HID_Setup)
    USBD_HID_Setup                           0x080027ad   Thumb Code   158  usbd_hid_core.o(i.USBD_HID_Setup)
    i.USBD_Init                              0x08002850   Section        0  usbd_core.o(i.USBD_Init)
    i.USBD_IsoINIncomplete                   0x08002886   Section        0  usbd_core.o(i.USBD_IsoINIncomplete)
    USBD_IsoINIncomplete                     0x08002887   Thumb Code    14  usbd_core.o(i.USBD_IsoINIncomplete)
    i.USBD_IsoOUTIncomplete                  0x08002894   Section        0  usbd_core.o(i.USBD_IsoOUTIncomplete)
    USBD_IsoOUTIncomplete                    0x08002895   Thumb Code    14  usbd_core.o(i.USBD_IsoOUTIncomplete)
    i.USBD_OTG_EP1IN_ISR_Handler             0x080028a4   Section        0  usb_dcd_int.o(i.USBD_OTG_EP1IN_ISR_Handler)
    i.USBD_OTG_EP1OUT_ISR_Handler            0x0800291c   Section        0  usb_dcd_int.o(i.USBD_OTG_EP1OUT_ISR_Handler)
    i.USBD_OTG_ISR_Handler                   0x0800296c   Section        0  usb_dcd_int.o(i.USBD_OTG_ISR_Handler)
    i.USBD_ParseSetupRequest                 0x08002ae4   Section        0  usbd_req.o(i.USBD_ParseSetupRequest)
    i.USBD_Reset                             0x08002b28   Section        0  usbd_core.o(i.USBD_Reset)
    USBD_Reset                               0x08002b29   Thumb Code    46  usbd_core.o(i.USBD_Reset)
    i.USBD_Resume                            0x08002b56   Section        0  usbd_core.o(i.USBD_Resume)
    USBD_Resume                              0x08002b57   Thumb Code    22  usbd_core.o(i.USBD_Resume)
    i.USBD_SOF                               0x08002b6c   Section        0  usbd_core.o(i.USBD_SOF)
    USBD_SOF                                 0x08002b6d   Thumb Code    16  usbd_core.o(i.USBD_SOF)
    i.USBD_SetCfg                            0x08002b7c   Section        0  usbd_core.o(i.USBD_SetCfg)
    i.USBD_SetConfig                         0x08002b98   Section        0  usbd_req.o(i.USBD_SetConfig)
    USBD_SetConfig                           0x08002b99   Thumb Code   112  usbd_req.o(i.USBD_SetConfig)
    i.USBD_SetFeature                        0x08002c0c   Section        0  usbd_req.o(i.USBD_SetFeature)
    USBD_SetFeature                          0x08002c0d   Thumb Code   118  usbd_req.o(i.USBD_SetFeature)
    i.USBD_SetupStage                        0x08002c88   Section        0  usbd_core.o(i.USBD_SetupStage)
    USBD_SetupStage                          0x08002c89   Thumb Code    72  usbd_core.o(i.USBD_SetupStage)
    i.USBD_StdDevReq                         0x08002cd0   Section        0  usbd_req.o(i.USBD_StdDevReq)
    i.USBD_StdEPReq                          0x08002dc0   Section        0  usbd_req.o(i.USBD_StdEPReq)
    i.USBD_StdItfReq                         0x08002e94   Section        0  usbd_req.o(i.USBD_StdItfReq)
    i.USBD_Suspend                           0x08002eca   Section        0  usbd_core.o(i.USBD_Suspend)
    USBD_Suspend                             0x08002ecb   Thumb Code    26  usbd_core.o(i.USBD_Suspend)
    i.USBD_USR_ConfigStrDescriptor           0x08002ee4   Section        0  usbd_desc.o(i.USBD_USR_ConfigStrDescriptor)
    i.USBD_USR_DeviceConfigured              0x08002f04   Section        0  usbd_usr.o(i.USBD_USR_DeviceConfigured)
    i.USBD_USR_DeviceConnected               0x08002f34   Section        0  usbd_usr.o(i.USBD_USR_DeviceConnected)
    i.USBD_USR_DeviceDescriptor              0x08002f64   Section        0  usbd_desc.o(i.USBD_USR_DeviceDescriptor)
    i.USBD_USR_DeviceDisconnected            0x08002f70   Section        0  usbd_usr.o(i.USBD_USR_DeviceDisconnected)
    i.USBD_USR_DeviceReset                   0x08002fa0   Section        0  usbd_usr.o(i.USBD_USR_DeviceReset)
    i.USBD_USR_DeviceResumed                 0x08003020   Section        0  usbd_usr.o(i.USBD_USR_DeviceResumed)
    i.USBD_USR_DeviceSuspended               0x08003050   Section        0  usbd_usr.o(i.USBD_USR_DeviceSuspended)
    i.USBD_USR_Init                          0x08003084   Section        0  usbd_usr.o(i.USBD_USR_Init)
    i.USBD_USR_InterfaceStrDescriptor        0x080031a4   Section        0  usbd_desc.o(i.USBD_USR_InterfaceStrDescriptor)
    i.USBD_USR_LangIDStrDescriptor           0x080031c8   Section        0  usbd_desc.o(i.USBD_USR_LangIDStrDescriptor)
    i.USBD_USR_ManufacturerStrDescriptor     0x080031d4   Section        0  usbd_desc.o(i.USBD_USR_ManufacturerStrDescriptor)
    i.USBD_USR_ProductStrDescriptor          0x080031fc   Section        0  usbd_desc.o(i.USBD_USR_ProductStrDescriptor)
    i.USBD_USR_SerialStrDescriptor           0x08003240   Section        0  usbd_desc.o(i.USBD_USR_SerialStrDescriptor)
    i.USB_OTG_ActiveRemoteWakeup             0x0800327c   Section        0  usb_core.o(i.USB_OTG_ActiveRemoteWakeup)
    i.USB_OTG_BSP_EnableInterrupt            0x080032be   Section        0  usb_bsp.o(i.USB_OTG_BSP_EnableInterrupt)
    i.USB_OTG_BSP_Init                       0x08003328   Section        0  usb_bsp.o(i.USB_OTG_BSP_Init)
    i.USB_OTG_BSP_mDelay                     0x08003470   Section        0  usb_bsp.o(i.USB_OTG_BSP_mDelay)
    i.USB_OTG_BSP_uDelay                     0x0800347a   Section        0  usb_bsp.o(i.USB_OTG_BSP_uDelay)
    i.USB_OTG_CoreInit                       0x08003490   Section        0  usb_core.o(i.USB_OTG_CoreInit)
    i.USB_OTG_CoreInitDev                    0x08003510   Section        0  usb_core.o(i.USB_OTG_CoreInitDev)
    i.USB_OTG_CoreReset                      0x080036ac   Section        0  usb_core.o(i.USB_OTG_CoreReset)
    USB_OTG_CoreReset                        0x080036ad   Thumb Code    84  usb_core.o(i.USB_OTG_CoreReset)
    i.USB_OTG_DisableGlobalInt               0x08003704   Section        0  usb_core.o(i.USB_OTG_DisableGlobalInt)
    i.USB_OTG_EP0Activate                    0x08003714   Section        0  usb_core.o(i.USB_OTG_EP0Activate)
    i.USB_OTG_EP0StartXfer                   0x08003750   Section        0  usb_core.o(i.USB_OTG_EP0StartXfer)
    i.USB_OTG_EP0_OutStart                   0x08003808   Section        0  usb_core.o(i.USB_OTG_EP0_OutStart)
    i.USB_OTG_EPActivate                     0x0800382c   Section        0  usb_core.o(i.USB_OTG_EPActivate)
    i.USB_OTG_EPClearStall                   0x08003894   Section        0  usb_core.o(i.USB_OTG_EPClearStall)
    i.USB_OTG_EPDeactivate                   0x080038c6   Section        0  usb_core.o(i.USB_OTG_EPDeactivate)
    i.USB_OTG_EPSetStall                     0x08003914   Section        0  usb_core.o(i.USB_OTG_EPSetStall)
    i.USB_OTG_EPStartXfer                    0x08003944   Section        0  usb_core.o(i.USB_OTG_EPStartXfer)
    i.USB_OTG_EnableDevInt                   0x08003a68   Section        0  usb_core.o(i.USB_OTG_EnableDevInt)
    i.USB_OTG_EnableGlobalInt                0x08003ab8   Section        0  usb_core.o(i.USB_OTG_EnableGlobalInt)
    i.USB_OTG_FlushRxFifo                    0x08003ac8   Section        0  usb_core.o(i.USB_OTG_FlushRxFifo)
    i.USB_OTG_FlushTxFifo                    0x08003b00   Section        0  usb_core.o(i.USB_OTG_FlushTxFifo)
    i.USB_OTG_GetDeviceSpeed                 0x08003b40   Section        0  usb_core.o(i.USB_OTG_GetDeviceSpeed)
    i.USB_OTG_InitDevSpeed                   0x08003b66   Section        0  usb_core.o(i.USB_OTG_InitDevSpeed)
    i.USB_OTG_IsDeviceMode                   0x08003b72   Section        0  usb_core.o(i.USB_OTG_IsDeviceMode)
    i.USB_OTG_ReadCoreItr                    0x08003b84   Section        0  usb_core.o(i.USB_OTG_ReadCoreItr)
    i.USB_OTG_ReadDevAllInEPItr              0x08003b8e   Section        0  usb_core.o(i.USB_OTG_ReadDevAllInEPItr)
    i.USB_OTG_ReadDevAllOutEp_itr            0x08003b9a   Section        0  usb_core.o(i.USB_OTG_ReadDevAllOutEp_itr)
    i.USB_OTG_ReadDevOutEP_itr               0x08003ba6   Section        0  usb_core.o(i.USB_OTG_ReadDevOutEP_itr)
    i.USB_OTG_ReadPacket                     0x08003bb6   Section        0  usb_core.o(i.USB_OTG_ReadPacket)
    i.USB_OTG_SelectCore                     0x08003bd8   Section        0  usb_core.o(i.USB_OTG_SelectCore)
    i.USB_OTG_SetCurrentMode                 0x08003ca0   Section        0  usb_core.o(i.USB_OTG_SetCurrentMode)
    i.USB_OTG_UngateClock                    0x08003cca   Section        0  usb_core.o(i.USB_OTG_UngateClock)
    i.USB_OTG_WritePacket                    0x08003ce8   Section        0  usb_core.o(i.USB_OTG_WritePacket)
    i.UsageFault_Handler                     0x08003d10   Section        0  stm32fxxx_it.o(i.UsageFault_Handler)
    i.__0printf$bare                         0x08003d14   Section        0  printfb.o(i.__0printf$bare)
    i.__scatterload_copy                     0x08003d24   Section       14  handlers.o(i.__scatterload_copy)
    i.__scatterload_null                     0x08003d32   Section        2  handlers.o(i.__scatterload_null)
    i.__scatterload_zeroinit                 0x08003d34   Section       14  handlers.o(i.__scatterload_zeroinit)
    i._printf_core                           0x08003d42   Section        0  printfb.o(i._printf_core)
    _printf_core                             0x08003d43   Thumb Code    34  printfb.o(i._printf_core)
    i.delay                                  0x08003d64   Section        0  stm324xg_eval_lcd.o(i.delay)
    delay                                    0x08003d65   Thumb Code    22  stm324xg_eval_lcd.o(i.delay)
    i.delay                                  0x08003d80   Section        0  stm324xg_eval_ioe.o(i.delay)
    delay                                    0x08003d81   Thumb Code    22  stm324xg_eval_ioe.o(i.delay)
    i.fputc                                  0x08003d9c   Section        0  lcd_log.o(i.fputc)
    i.main                                   0x08003e98   Section        0  app.o(i.main)
    .constdata                               0x08003ee8   Section     4560  stm324xg_eval_lcd.o(.constdata)
    .constdata                               0x080050b8   Section     2304  stm324xg_eval_lcd.o(.constdata)
    .constdata                               0x080059b8   Section     2304  stm324xg_eval_lcd.o(.constdata)
    .constdata                               0x080062b8   Section       92  stm324xg_eval.o(.constdata)
    .data                                    0x20000000   Section        8  stm32fxxx_it.o(.data)
    HID_Buffer                               0x20000004   Data           4  stm32fxxx_it.o(.data)
    .data                                    0x20000008   Section       28  usbd_usr.o(.data)
    .data                                    0x20000024   Section       28  usbd_desc.o(.data)
    .data                                    0x20000040   Section       22  usbd_desc.o(.data)
    .data                                    0x20000058   Section       10  usbd_desc.o(.data)
    .data                                    0x20000064   Section       16  usbd_req.o(.data)
    cfgidx                                   0x20000064   Data           1  usbd_req.o(.data)
    .data                                    0x20000074   Section       44  usbd_core.o(.data)
    .data                                    0x200000a0   Section        4  usbd_core.o(.data)
    .data                                    0x200000a4   Section        4  usbd_core.o(.data)
    .data                                    0x200000a8   Section       48  usbd_hid_core.o(.data)
    .data                                    0x200000d8   Section      134  usbd_hid_core.o(.data)
    USBD_HID_AltSet                          0x200000d8   Data           4  usbd_hid_core.o(.data)
    USBD_HID_Protocol                        0x200000dc   Data           4  usbd_hid_core.o(.data)
    USBD_HID_IdleState                       0x200000e0   Data           4  usbd_hid_core.o(.data)
    USBD_HID_CfgDesc                         0x200000e4   Data          34  usbd_hid_core.o(.data)
    USBD_HID_Desc                            0x20000108   Data           9  usbd_hid_core.o(.data)
    HID_MOUSE_ReportDesc                     0x20000114   Data          74  usbd_hid_core.o(.data)
    .data                                    0x2000015e   Section       18  lcd_log.o(.data)
    .data                                    0x20000170   Section       20  system_stm32f4xx.o(.data)
    .data                                    0x20000184   Section       16  stm324xg_eval_lcd.o(.data)
    LCD_Currentfonts                         0x20000188   Data           4  stm324xg_eval_lcd.o(.data)
    .data                                    0x20000194   Section        8  stm324xg_eval_lcd.o(.data)
    .data                                    0x2000019c   Section        8  stm324xg_eval_lcd.o(.data)
    .data                                    0x200001a4   Section       44  stm324xg_eval.o(.data)
    .data                                    0x200001d0   Section       24  stm324xg_eval_ioe.o(.data)
    _x                                       0x200001d4   Data           4  stm324xg_eval_ioe.o(.data)
    _y                                       0x200001d8   Data           4  stm324xg_eval_ioe.o(.data)
    tmp                                      0x200001dc   Data           4  stm324xg_eval_ioe.o(.data)
    .data                                    0x200001e8   Section       16  stm32f4xx_rcc.o(.data)
    APBAHBPrescTable                         0x200001e8   Data          16  stm32f4xx_rcc.o(.data)
    .data                                    0x200001f8   Section        4  stdout.o(.data)
    .bss                                     0x200001fc   Section     1524  app.o(.bss)
    .bss                                     0x200007f0   Section       64  usbd_req.o(.bss)
    .bss                                     0x20000830   Section      468  lcd_log.o(.bss)
    STACK                                    0x20000a08   Section     1024  startup_stm32f4xx.o(STACK)

    Global Symbols

    Symbol Name                              Value     Ov Type        Size  Object(Section)

    BuildAttributes$$THM_ISAv4$E$P$D$K$B$S$7EM$VFPi3$EXTD16$VFPS$VFMA$PE$A:L22UL41UL21$X:L11$S22US41US21$IEEE1$IW$USESV6$~STKCKD$USESV7$~SHL$OSPACE$ROPI$EBA8$MICROLIB$REQ8$PRES8$EABIv2 0x00000000   Number         0  anon$$obj.o ABSOLUTE
    __ARM_use_no_argv                        0x00000000   Number         0  app.o ABSOLUTE
    __cpp_initialize__aeabi_                  - Undefined Weak Reference
    __cxa_finalize                            - Undefined Weak Reference
    _clock_init                               - Undefined Weak Reference
    _microlib_exit                            - Undefined Weak Reference
    __Vectors_Size                           0x00000188   Number         0  startup_stm32f4xx.o ABSOLUTE
    __Vectors                                0x08000000   Data           4  startup_stm32f4xx.o(RESET)
    __Vectors_End                            0x08000188   Data           0  startup_stm32f4xx.o(RESET)
    __main                                   0x08000189   Thumb Code     0  entry.o(.ARM.Collect$$$$00000000)
    _main_stk                                0x08000189   Thumb Code     0  entry2.o(.ARM.Collect$$$$00000001)
    _main_scatterload                        0x0800018d   Thumb Code     0  entry5.o(.ARM.Collect$$$$00000004)
    __main_after_scatterload                 0x08000191   Thumb Code     0  entry5.o(.ARM.Collect$$$$00000004)
    _main_clock                              0x08000191   Thumb Code     0  entry7b.o(.ARM.Collect$$$$00000008)
    _main_cpp_init                           0x08000191   Thumb Code     0  entry8b.o(.ARM.Collect$$$$0000000A)
    _main_init                               0x08000191   Thumb Code     0  entry9a.o(.ARM.Collect$$$$0000000B)
    __rt_final_cpp                           0x08000199   Thumb Code     0  entry10a.o(.ARM.Collect$$$$0000000D)
    __rt_final_exit                          0x08000199   Thumb Code     0  entry11a.o(.ARM.Collect$$$$0000000F)
    Reset_Handler                            0x0800019d   Thumb Code     8  startup_stm32f4xx.o(.text)
    ADC_IRQHandler                           0x080001b7   Thumb Code     0  startup_stm32f4xx.o(.text)
    CAN1_RX0_IRQHandler                      0x080001b7   Thumb Code     0  startup_stm32f4xx.o(.text)
    CAN1_RX1_IRQHandler                      0x080001b7   Thumb Code     0  startup_stm32f4xx.o(.text)
    CAN1_SCE_IRQHandler                      0x080001b7   Thumb Code     0  startup_stm32f4xx.o(.text)
    CAN1_TX_IRQHandler                       0x080001b7   Thumb Code     0  startup_stm32f4xx.o(.text)
    CAN2_RX0_IRQHandler                      0x080001b7   Thumb Code     0  startup_stm32f4xx.o(.text)
    CAN2_RX1_IRQHandler                      0x080001b7   Thumb Code     0  startup_stm32f4xx.o(.text)
    CAN2_SCE_IRQHandler                      0x080001b7   Thumb Code     0  startup_stm32f4xx.o(.text)
    CAN2_TX_IRQHandler                       0x080001b7   Thumb Code     0  startup_stm32f4xx.o(.text)
    CRYP_IRQHandler                          0x080001b7   Thumb Code     0  startup_stm32f4xx.o(.text)
    DCMI_IRQHandler                          0x080001b7   Thumb Code     0  startup_stm32f4xx.o(.text)
    DMA1_Stream0_IRQHandler                  0x080001b7   Thumb Code     0  startup_stm32f4xx.o(.text)
    DMA1_Stream1_IRQHandler                  0x080001b7   Thumb Code     0  startup_stm32f4xx.o(.text)
    DMA1_Stream2_IRQHandler                  0x080001b7   Thumb Code     0  startup_stm32f4xx.o(.text)
    DMA1_Stream3_IRQHandler                  0x080001b7   Thumb Code     0  startup_stm32f4xx.o(.text)
    DMA1_Stream4_IRQHandler                  0x080001b7   Thumb Code     0  startup_stm32f4xx.o(.text)
    DMA1_Stream5_IRQHandler                  0x080001b7   Thumb Code     0  startup_stm32f4xx.o(.text)
    DMA1_Stream6_IRQHandler                  0x080001b7   Thumb Code     0  startup_stm32f4xx.o(.text)
    DMA1_Stream7_IRQHandler                  0x080001b7   Thumb Code     0  startup_stm32f4xx.o(.text)
    DMA2_Stream0_IRQHandler                  0x080001b7   Thumb Code     0  startup_stm32f4xx.o(.text)
    DMA2_Stream1_IRQHandler                  0x080001b7   Thumb Code     0  startup_stm32f4xx.o(.text)
    DMA2_Stream2_IRQHandler                  0x080001b7   Thumb Code     0  startup_stm32f4xx.o(.text)
    DMA2_Stream3_IRQHandler                  0x080001b7   Thumb Code     0  startup_stm32f4xx.o(.text)
    DMA2_Stream4_IRQHandler                  0x080001b7   Thumb Code     0  startup_stm32f4xx.o(.text)
    DMA2_Stream5_IRQHandler                  0x080001b7   Thumb Code     0  startup_stm32f4xx.o(.text)
    DMA2_Stream6_IRQHandler                  0x080001b7   Thumb Code     0  startup_stm32f4xx.o(.text)
    DMA2_Stream7_IRQHandler                  0x080001b7   Thumb Code     0  startup_stm32f4xx.o(.text)
    ETH_IRQHandler                           0x080001b7   Thumb Code     0  startup_stm32f4xx.o(.text)
    ETH_WKUP_IRQHandler                      0x080001b7   Thumb Code     0  startup_stm32f4xx.o(.text)
    EXTI0_IRQHandler                         0x080001b7   Thumb Code     0  startup_stm32f4xx.o(.text)
    EXTI1_IRQHandler                         0x080001b7   Thumb Code     0  startup_stm32f4xx.o(.text)
    EXTI2_IRQHandler                         0x080001b7   Thumb Code     0  startup_stm32f4xx.o(.text)
    EXTI3_IRQHandler                         0x080001b7   Thumb Code     0  startup_stm32f4xx.o(.text)
    EXTI4_IRQHandler                         0x080001b7   Thumb Code     0  startup_stm32f4xx.o(.text)
    EXTI9_5_IRQHandler                       0x080001b7   Thumb Code     0  startup_stm32f4xx.o(.text)
    FLASH_IRQHandler                         0x080001b7   Thumb Code     0  startup_stm32f4xx.o(.text)
    FPU_IRQHandler                           0x080001b7   Thumb Code     0  startup_stm32f4xx.o(.text)
    FSMC_IRQHandler                          0x080001b7   Thumb Code     0  startup_stm32f4xx.o(.text)
    HASH_RNG_IRQHandler                      0x080001b7   Thumb Code     0  startup_stm32f4xx.o(.text)
    I2C1_ER_IRQHandler                       0x080001b7   Thumb Code     0  startup_stm32f4xx.o(.text)
    I2C1_EV_IRQHandler                       0x080001b7   Thumb Code     0  startup_stm32f4xx.o(.text)
    I2C2_ER_IRQHandler                       0x080001b7   Thumb Code     0  startup_stm32f4xx.o(.text)
    I2C2_EV_IRQHandler                       0x080001b7   Thumb Code     0  startup_stm32f4xx.o(.text)
    I2C3_ER_IRQHandler                       0x080001b7   Thumb Code     0  startup_stm32f4xx.o(.text)
    I2C3_EV_IRQHandler                       0x080001b7   Thumb Code     0  startup_stm32f4xx.o(.text)
    OTG_FS_IRQHandler                        0x080001b7   Thumb Code     0  startup_stm32f4xx.o(.text)
    PVD_IRQHandler                           0x080001b7   Thumb Code     0  startup_stm32f4xx.o(.text)
    RCC_IRQHandler                           0x080001b7   Thumb Code     0  startup_stm32f4xx.o(.text)
    RTC_Alarm_IRQHandler                     0x080001b7   Thumb Code     0  startup_stm32f4xx.o(.text)
    RTC_WKUP_IRQHandler                      0x080001b7   Thumb Code     0  startup_stm32f4xx.o(.text)
    SDIO_IRQHandler                          0x080001b7   Thumb Code     0  startup_stm32f4xx.o(.text)
    SPI1_IRQHandler                          0x080001b7   Thumb Code     0  startup_stm32f4xx.o(.text)
    SPI2_IRQHandler                          0x080001b7   Thumb Code     0  startup_stm32f4xx.o(.text)
    SPI3_IRQHandler                          0x080001b7   Thumb Code     0  startup_stm32f4xx.o(.text)
    TAMP_STAMP_IRQHandler                    0x080001b7   Thumb Code     0  startup_stm32f4xx.o(.text)
    TIM1_BRK_TIM9_IRQHandler                 0x080001b7   Thumb Code     0  startup_stm32f4xx.o(.text)
    TIM1_CC_IRQHandler                       0x080001b7   Thumb Code     0  startup_stm32f4xx.o(.text)
    TIM1_TRG_COM_TIM11_IRQHandler            0x080001b7   Thumb Code     0  startup_stm32f4xx.o(.text)
    TIM1_UP_TIM10_IRQHandler                 0x080001b7   Thumb Code     0  startup_stm32f4xx.o(.text)
    TIM2_IRQHandler                          0x080001b7   Thumb Code     0  startup_stm32f4xx.o(.text)
    TIM3_IRQHandler                          0x080001b7   Thumb Code     0  startup_stm32f4xx.o(.text)
    TIM4_IRQHandler                          0x080001b7   Thumb Code     0  startup_stm32f4xx.o(.text)
    TIM5_IRQHandler                          0x080001b7   Thumb Code     0  startup_stm32f4xx.o(.text)
    TIM6_DAC_IRQHandler                      0x080001b7   Thumb Code     0  startup_stm32f4xx.o(.text)
    TIM7_IRQHandler                          0x080001b7   Thumb Code     0  startup_stm32f4xx.o(.text)
    TIM8_BRK_TIM12_IRQHandler                0x080001b7   Thumb Code     0  startup_stm32f4xx.o(.text)
    TIM8_CC_IRQHandler                       0x080001b7   Thumb Code     0  startup_stm32f4xx.o(.text)
    TIM8_TRG_COM_TIM14_IRQHandler            0x080001b7   Thumb Code     0  startup_stm32f4xx.o(.text)
    TIM8_UP_TIM13_IRQHandler                 0x080001b7   Thumb Code     0  startup_stm32f4xx.o(.text)
    UART4_IRQHandler                         0x080001b7   Thumb Code     0  startup_stm32f4xx.o(.text)
    UART5_IRQHandler                         0x080001b7   Thumb Code     0  startup_stm32f4xx.o(.text)
    USART1_IRQHandler                        0x080001b7   Thumb Code     0  startup_stm32f4xx.o(.text)
    USART2_IRQHandler                        0x080001b7   Thumb Code     0  startup_stm32f4xx.o(.text)
    USART3_IRQHandler                        0x080001b7   Thumb Code     0  startup_stm32f4xx.o(.text)
    USART6_IRQHandler                        0x080001b7   Thumb Code     0  startup_stm32f4xx.o(.text)
    WWDG_IRQHandler                          0x080001b7   Thumb Code     0  startup_stm32f4xx.o(.text)
    __scatterload                            0x080001c1   Thumb Code    28  init.o(.text)
    __scatterload_rt2                        0x080001c1   Thumb Code     0  init.o(.text)
    __decompress                             0x080001e5   Thumb Code     0  __dczerorl2.o(.text)
    __decompress1                            0x080001e5   Thumb Code    92  __dczerorl2.o(.text)
    BusFault_Handler                         0x08000241   Thumb Code     2  stm32fxxx_it.o(i.BusFault_Handler)
    DCD_EP_Close                             0x08000243   Thumb Code    44  usb_dcd.o(i.DCD_EP_Close)
    DCD_EP_ClrStall                          0x0800026f   Thumb Code    56  usb_dcd.o(i.DCD_EP_ClrStall)
    DCD_EP_Flush                             0x080002a7   Thumb Code    24  usb_dcd.o(i.DCD_EP_Flush)
    DCD_EP_Open                              0x080002bf   Thumb Code    60  usb_dcd.o(i.DCD_EP_Open)
    DCD_EP_PrepareRx                         0x080002fb   Thumb Code    58  usb_dcd.o(i.DCD_EP_PrepareRx)
    DCD_EP_SetAddress                        0x08000335   Thumb Code    16  usb_dcd.o(i.DCD_EP_SetAddress)
    DCD_EP_Stall                             0x08000345   Thumb Code    56  usb_dcd.o(i.DCD_EP_Stall)
    DCD_EP_Tx                                0x0800037d   Thumb Code    54  usb_dcd.o(i.DCD_EP_Tx)
    DCD_Init                                 0x080006a9   Thumb Code   138  usb_dcd.o(i.DCD_Init)
    DMA_ClearFlag                            0x080007ad   Thumb Code    32  stm32f4xx_dma.o(i.DMA_ClearFlag)
    DMA_Cmd                                  0x080007d9   Thumb Code    20  stm32f4xx_dma.o(i.DMA_Cmd)
    DMA_DeInit                               0x080007ed   Thumb Code   272  stm32f4xx_dma.o(i.DMA_DeInit)
    DMA_GetFlagStatus                        0x08000911   Thumb Code    40  stm32f4xx_dma.o(i.DMA_GetFlagStatus)
    DMA_Init                                 0x08000945   Thumb Code    80  stm32f4xx_dma.o(i.DMA_Init)
    DebugMon_Handler                         0x08000999   Thumb Code     2  stm32fxxx_it.o(i.DebugMon_Handler)
    EXTI15_10_IRQHandler                     0x0800099d   Thumb Code   144  stm32fxxx_it.o(i.EXTI15_10_IRQHandler)
    EXTI_ClearITPendingBit                   0x08000a55   Thumb Code     6  stm32f4xx_exti.o(i.EXTI_ClearITPendingBit)
    EXTI_GetITStatus                         0x08000a61   Thumb Code    28  stm32f4xx_exti.o(i.EXTI_GetITStatus)
    EXTI_Init                                0x08000a81   Thumb Code   108  stm32f4xx_exti.o(i.EXTI_Init)
    FSMC_NORSRAMCmd                          0x08000af1   Thumb Code    28  stm32f4xx_fsmc.o(i.FSMC_NORSRAMCmd)
    FSMC_NORSRAMInit                         0x08000b11   Thumb Code   192  stm32f4xx_fsmc.o(i.FSMC_NORSRAMInit)
    GPIO_Init                                0x08000bd1   Thumb Code   162  stm32f4xx_gpio.o(i.GPIO_Init)
    GPIO_PinAFConfig                         0x08000c73   Thumb Code    32  stm32f4xx_gpio.o(i.GPIO_PinAFConfig)
    HardFault_Handler                        0x08000c93   Thumb Code     2  stm32fxxx_it.o(i.HardFault_Handler)
    I2C_CheckEvent                           0x08000c95   Thumb Code    24  stm32f4xx_i2c.o(i.I2C_CheckEvent)
    I2C_DMACmd                               0x08000cad   Thumb Code    20  stm32f4xx_i2c.o(i.I2C_DMACmd)
    I2C_DMALastTransferCmd                   0x08000cc1   Thumb Code    20  stm32f4xx_i2c.o(i.I2C_DMALastTransferCmd)
    I2C_GenerateSTART                        0x08000cd5   Thumb Code    20  stm32f4xx_i2c.o(i.I2C_GenerateSTART)
    I2C_GenerateSTOP                         0x08000ce9   Thumb Code    20  stm32f4xx_i2c.o(i.I2C_GenerateSTOP)
    I2C_GetFlagStatus                        0x08000cfd   Thumb Code    42  stm32f4xx_i2c.o(i.I2C_GetFlagStatus)
    I2C_Init                                 0x08000d29   Thumb Code   172  stm32f4xx_i2c.o(i.I2C_Init)
    I2C_ReadDeviceRegister                   0x08000ddd   Thumb Code   344  stm324xg_eval_ioe.o(i.I2C_ReadDeviceRegister)
    I2C_Send7bitAddress                      0x08000f4d   Thumb Code    16  stm32f4xx_i2c.o(i.I2C_Send7bitAddress)
    I2C_SendData                             0x08000f5d   Thumb Code     4  stm32f4xx_i2c.o(i.I2C_SendData)
    I2C_WriteDeviceRegister                  0x08000f61   Thumb Code   284  stm324xg_eval_ioe.o(i.I2C_WriteDeviceRegister)
    IOE_Config                               0x08001095   Thumb Code   254  stm324xg_eval_ioe.o(i.IOE_Config)
    IOE_FnctCmd                              0x0800120d   Thumb Code    36  stm324xg_eval_ioe.o(i.IOE_FnctCmd)
    IOE_IOAFConfig                           0x080012c9   Thumb Code    36  stm324xg_eval_ioe.o(i.IOE_IOAFConfig)
    IOE_IOEdgeConfig                         0x080012ed   Thumb Code    74  stm324xg_eval_ioe.o(i.IOE_IOEdgeConfig)
    IOE_IOPinConfig                          0x08001337   Thumb Code    36  stm324xg_eval_ioe.o(i.IOE_IOPinConfig)
    IOE_IsOperational                        0x0800135d   Thumb Code    32  stm324xg_eval_ioe.o(i.IOE_IsOperational)
    IOE_JoyStickGetState                     0x08001381   Thumb Code    62  stm324xg_eval_ioe.o(i.IOE_JoyStickGetState)
    IOE_ReadID                               0x080013bf   Thumb Code    30  stm324xg_eval_ioe.o(i.IOE_ReadID)
    IOE_Reset                                0x080013dd   Thumb Code    32  stm324xg_eval_ioe.o(i.IOE_Reset)
    IOE_TS_Config                            0x080013fd   Thumb Code   184  stm324xg_eval_ioe.o(i.IOE_TS_Config)
    IOE_TempSens_Config                      0x080014b9   Thumb Code    68  stm324xg_eval_ioe.o(i.IOE_TempSens_Config)
    IOE_WriteIOPin                           0x080014fd   Thumb Code    42  stm324xg_eval_ioe.o(i.IOE_WriteIOPin)
    LCD_Clear                                0x08001527   Thumb Code    38  stm324xg_eval_lcd.o(i.LCD_Clear)
    LCD_ClearLine                            0x0800154d   Thumb Code    44  stm324xg_eval_lcd.o(i.LCD_ClearLine)
    LCD_CtrlLinesConfig                      0x0800157d   Thumb Code   292  stm324xg_eval_lcd.o(i.LCD_CtrlLinesConfig)
    LCD_DisplayChar                          0x080016b1   Thumb Code    26  stm324xg_eval_lcd.o(i.LCD_DisplayChar)
    LCD_DisplayStringLine                    0x080016d1   Thumb Code    52  stm324xg_eval_lcd.o(i.LCD_DisplayStringLine)
    LCD_DrawChar                             0x08001709   Thumb Code   120  stm324xg_eval_lcd.o(i.LCD_DrawChar)
    LCD_FSMCConfig                           0x08001785   Thumb Code    88  stm324xg_eval_lcd.o(i.LCD_FSMCConfig)
    LCD_GetFont                              0x080017dd   Thumb Code     6  stm324xg_eval_lcd.o(i.LCD_GetFont)
    LCD_LOG_DeInit                           0x080017e9   Thumb Code    34  lcd_log.o(i.LCD_LOG_DeInit)
    LCD_LOG_Init                             0x08001811   Thumb Code    16  lcd_log.o(i.LCD_LOG_Init)
    LCD_LOG_SetFooter                        0x08001821   Thumb Code   100  lcd_log.o(i.LCD_LOG_SetFooter)
    LCD_LOG_SetHeader                        0x08001885   Thumb Code   136  lcd_log.o(i.LCD_LOG_SetHeader)
    LCD_ReadReg                              0x080019b5   Thumb Code    10  stm324xg_eval_lcd.o(i.LCD_ReadReg)
    LCD_SetBackColor                         0x080019c1   Thumb Code    12  stm324xg_eval_lcd.o(i.LCD_SetBackColor)
    LCD_SetCursor                            0x080019d1   Thumb Code    24  stm324xg_eval_lcd.o(i.LCD_SetCursor)
    LCD_SetFont                              0x080019e9   Thumb Code     6  stm324xg_eval_lcd.o(i.LCD_SetFont)
    LCD_SetTextColor                         0x080019f5   Thumb Code    12  stm324xg_eval_lcd.o(i.LCD_SetTextColor)
    LCD_WriteReg                             0x08001a05   Thumb Code    10  stm324xg_eval_lcd.o(i.LCD_WriteReg)
    MemManage_Handler                        0x08001a0f   Thumb Code     2  stm32fxxx_it.o(i.MemManage_Handler)
    NMI_Handler                              0x08001a11   Thumb Code     2  stm32fxxx_it.o(i.NMI_Handler)
    NVIC_Init                                0x08001a15   Thumb Code    92  misc.o(i.NVIC_Init)
    NVIC_PriorityGroupConfig                 0x08001a79   Thumb Code    10  misc.o(i.NVIC_PriorityGroupConfig)
    OTG_FS_WKUP_IRQHandler                   0x08001a8d   Thumb Code    82  stm32fxxx_it.o(i.OTG_FS_WKUP_IRQHandler)
    OTG_HS_EP1_IN_IRQHandler                 0x08001ae9   Thumb Code     6  stm32fxxx_it.o(i.OTG_HS_EP1_IN_IRQHandler)
    OTG_HS_EP1_OUT_IRQHandler                0x08001af5   Thumb Code     6  stm32fxxx_it.o(i.OTG_HS_EP1_OUT_IRQHandler)
    OTG_HS_IRQHandler                        0x08001b01   Thumb Code     6  stm32fxxx_it.o(i.OTG_HS_IRQHandler)
    OTG_HS_WKUP_IRQHandler                   0x08001b0d   Thumb Code    96  stm32fxxx_it.o(i.OTG_HS_WKUP_IRQHandler)
    PendSV_Handler                           0x08001b79   Thumb Code     2  stm32fxxx_it.o(i.PendSV_Handler)
    RCC_AHB1PeriphClockCmd                   0x08001b7d   Thumb Code    18  stm32f4xx_rcc.o(i.RCC_AHB1PeriphClockCmd)
    RCC_AHB2PeriphClockCmd                   0x08001b95   Thumb Code    18  stm32f4xx_rcc.o(i.RCC_AHB2PeriphClockCmd)
    RCC_AHB3PeriphClockCmd                   0x08001bad   Thumb Code    18  stm32f4xx_rcc.o(i.RCC_AHB3PeriphClockCmd)
    RCC_APB1PeriphClockCmd                   0x08001bc5   Thumb Code    18  stm32f4xx_rcc.o(i.RCC_APB1PeriphClockCmd)
    RCC_APB1PeriphResetCmd                   0x08001bdd   Thumb Code    18  stm32f4xx_rcc.o(i.RCC_APB1PeriphResetCmd)
    RCC_APB2PeriphClockCmd                   0x08001bf5   Thumb Code    18  stm32f4xx_rcc.o(i.RCC_APB2PeriphClockCmd)
    RCC_GetClocksFreq                        0x08001c0d   Thumb Code   132  stm32f4xx_rcc.o(i.RCC_GetClocksFreq)
    RCC_GetFlagStatus                        0x08001ca1   Thumb Code    46  stm32f4xx_rcc.o(i.RCC_GetFlagStatus)
    RCC_GetSYSCLKSource                      0x08001cd5   Thumb Code    10  stm32f4xx_rcc.o(i.RCC_GetSYSCLKSource)
    RCC_HSEConfig                            0x08001ce5   Thumb Code    10  stm32f4xx_rcc.o(i.RCC_HSEConfig)
    RCC_PLLCmd                               0x08001cf5   Thumb Code     6  stm32f4xx_rcc.o(i.RCC_PLLCmd)
    RCC_SYSCLKConfig                         0x08001d01   Thumb Code    14  stm32f4xx_rcc.o(i.RCC_SYSCLKConfig)
    STM324xG_LCD_Init                        0x08001d15   Thumb Code  1034  stm324xg_eval_lcd.o(i.STM324xG_LCD_Init)
    STM_EVAL_LEDInit                         0x08002125   Thumb Code    62  stm324xg_eval.o(i.STM_EVAL_LEDInit)
    STM_EVAL_LEDToggle                       0x0800216d   Thumb Code    20  stm324xg_eval.o(i.STM_EVAL_LEDToggle)
    STM_EVAL_PBInit                          0x08002189   Thumb Code   156  stm324xg_eval.o(i.STM_EVAL_PBInit)
    SVC_Handler                              0x0800222d   Thumb Code     2  stm32fxxx_it.o(i.SVC_Handler)
    SYSCFG_EXTILineConfig                    0x08002231   Thumb Code    34  stm32f4xx_syscfg.o(i.SYSCFG_EXTILineConfig)
    SysTick_Handler                          0x0800230d   Thumb Code    84  stm32fxxx_it.o(i.SysTick_Handler)
    SystemInit                               0x08002369   Thumb Code    74  system_stm32f4xx.o(i.SystemInit)
    USBD_ClrCfg                              0x080023c5   Thumb Code    14  usbd_core.o(i.USBD_ClrCfg)
    USBD_CtlContinueRx                       0x080023d3   Thumb Code    18  usbd_ioreq.o(i.USBD_CtlContinueRx)
    USBD_CtlContinueSendData                 0x080023e5   Thumb Code    18  usbd_ioreq.o(i.USBD_CtlContinueSendData)
    USBD_CtlError                            0x080023f7   Thumb Code    28  usbd_req.o(i.USBD_CtlError)
    USBD_CtlReceiveStatus                    0x08002413   Thumb Code    34  usbd_ioreq.o(i.USBD_CtlReceiveStatus)
    USBD_CtlSendData                         0x08002435   Thumb Code    32  usbd_ioreq.o(i.USBD_CtlSendData)
    USBD_CtlSendStatus                       0x08002455   Thumb Code    34  usbd_ioreq.o(i.USBD_CtlSendStatus)
    USBD_GetString                           0x08002701   Thumb Code    70  usbd_req.o(i.USBD_GetString)
    USBD_HID_SendReport                      0x08002793   Thumb Code    24  usbd_hid_core.o(i.USBD_HID_SendReport)
    USBD_Init                                0x08002851   Thumb Code    54  usbd_core.o(i.USBD_Init)
    USBD_OTG_EP1IN_ISR_Handler               0x080028a5   Thumb Code   116  usb_dcd_int.o(i.USBD_OTG_EP1IN_ISR_Handler)
    USBD_OTG_EP1OUT_ISR_Handler              0x0800291d   Thumb Code    74  usb_dcd_int.o(i.USBD_OTG_EP1OUT_ISR_Handler)
    USBD_OTG_ISR_Handler                     0x0800296d   Thumb Code   370  usb_dcd_int.o(i.USBD_OTG_ISR_Handler)
    USBD_ParseSetupRequest                   0x08002ae5   Thumb Code    68  usbd_req.o(i.USBD_ParseSetupRequest)
    USBD_SetCfg                              0x08002b7d   Thumb Code    26  usbd_core.o(i.USBD_SetCfg)
    USBD_StdDevReq                           0x08002cd1   Thumb Code   236  usbd_req.o(i.USBD_StdDevReq)
    USBD_StdEPReq                            0x08002dc1   Thumb Code   208  usbd_req.o(i.USBD_StdEPReq)
    USBD_StdItfReq                           0x08002e95   Thumb Code    54  usbd_req.o(i.USBD_StdItfReq)
    USBD_USR_ConfigStrDescriptor             0x08002ee5   Thumb Code    16  usbd_desc.o(i.USBD_USR_ConfigStrDescriptor)
    USBD_USR_DeviceConfigured                0x08002f05   Thumb Code    14  usbd_usr.o(i.USBD_USR_DeviceConfigured)
    USBD_USR_DeviceConnected                 0x08002f35   Thumb Code    14  usbd_usr.o(i.USBD_USR_DeviceConnected)
    USBD_USR_DeviceDescriptor                0x08002f65   Thumb Code     8  usbd_desc.o(i.USBD_USR_DeviceDescriptor)
    USBD_USR_DeviceDisconnected              0x08002f71   Thumb Code    14  usbd_usr.o(i.USBD_USR_DeviceDisconnected)
    USBD_USR_DeviceReset                     0x08002fa1   Thumb Code    20  usbd_usr.o(i.USBD_USR_DeviceReset)
    USBD_USR_DeviceResumed                   0x08003021   Thumb Code    14  usbd_usr.o(i.USBD_USR_DeviceResumed)
    USBD_USR_DeviceSuspended                 0x08003051   Thumb Code    14  usbd_usr.o(i.USBD_USR_DeviceSuspended)
    USBD_USR_Init                            0x08003085   Thumb Code   138  usbd_usr.o(i.USBD_USR_Init)
    USBD_USR_InterfaceStrDescriptor          0x080031a5   Thumb Code    16  usbd_desc.o(i.USBD_USR_InterfaceStrDescriptor)
    USBD_USR_LangIDStrDescriptor             0x080031c9   Thumb Code     8  usbd_desc.o(i.USBD_USR_LangIDStrDescriptor)
    USBD_USR_ManufacturerStrDescriptor       0x080031d5   Thumb Code    16  usbd_desc.o(i.USBD_USR_ManufacturerStrDescriptor)
    USBD_USR_ProductStrDescriptor            0x080031fd   Thumb Code    24  usbd_desc.o(i.USBD_USR_ProductStrDescriptor)
    USBD_USR_SerialStrDescriptor             0x08003241   Thumb Code    24  usbd_desc.o(i.USBD_USR_SerialStrDescriptor)
    USB_OTG_ActiveRemoteWakeup               0x0800327d   Thumb Code    66  usb_core.o(i.USB_OTG_ActiveRemoteWakeup)
    USB_OTG_BSP_EnableInterrupt              0x080032bf   Thumb Code   104  usb_bsp.o(i.USB_OTG_BSP_EnableInterrupt)
    USB_OTG_BSP_Init                         0x08003329   Thumb Code   324  usb_bsp.o(i.USB_OTG_BSP_Init)
    USB_OTG_BSP_mDelay                       0x08003471   Thumb Code    10  usb_bsp.o(i.USB_OTG_BSP_mDelay)
    USB_OTG_BSP_uDelay                       0x0800347b   Thumb Code    22  usb_bsp.o(i.USB_OTG_BSP_uDelay)
    USB_OTG_CoreInit                         0x08003491   Thumb Code   128  usb_core.o(i.USB_OTG_CoreInit)
    USB_OTG_CoreInitDev                      0x08003511   Thumb Code   410  usb_core.o(i.USB_OTG_CoreInitDev)
    USB_OTG_DisableGlobalInt                 0x08003705   Thumb Code    16  usb_core.o(i.USB_OTG_DisableGlobalInt)
    USB_OTG_EP0Activate                      0x08003715   Thumb Code    58  usb_core.o(i.USB_OTG_EP0Activate)
    USB_OTG_EP0StartXfer                     0x08003751   Thumb Code   182  usb_core.o(i.USB_OTG_EP0StartXfer)
    USB_OTG_EP0_OutStart                     0x08003809   Thumb Code    32  usb_core.o(i.USB_OTG_EP0_OutStart)
    USB_OTG_EPActivate                       0x0800382d   Thumb Code   104  usb_core.o(i.USB_OTG_EPActivate)
    USB_OTG_EPClearStall                     0x08003895   Thumb Code    50  usb_core.o(i.USB_OTG_EPClearStall)
    USB_OTG_EPDeactivate                     0x080038c7   Thumb Code    78  usb_core.o(i.USB_OTG_EPDeactivate)
    USB_OTG_EPSetStall                       0x08003915   Thumb Code    48  usb_core.o(i.USB_OTG_EPSetStall)
    USB_OTG_EPStartXfer                      0x08003945   Thumb Code   290  usb_core.o(i.USB_OTG_EPStartXfer)
    USB_OTG_EnableDevInt                     0x08003a69   Thumb Code    74  usb_core.o(i.USB_OTG_EnableDevInt)
    USB_OTG_EnableGlobalInt                  0x08003ab9   Thumb Code    16  usb_core.o(i.USB_OTG_EnableGlobalInt)
    USB_OTG_FlushRxFifo                      0x08003ac9   Thumb Code    52  usb_core.o(i.USB_OTG_FlushRxFifo)
    USB_OTG_FlushTxFifo                      0x08003b01   Thumb Code    60  usb_core.o(i.USB_OTG_FlushTxFifo)
    USB_OTG_GetDeviceSpeed                   0x08003b41   Thumb Code    38  usb_core.o(i.USB_OTG_GetDeviceSpeed)
    USB_OTG_InitDevSpeed                     0x08003b67   Thumb Code    12  usb_core.o(i.USB_OTG_InitDevSpeed)
    USB_OTG_IsDeviceMode                     0x08003b73   Thumb Code    18  usb_core.o(i.USB_OTG_IsDeviceMode)
    USB_OTG_ReadCoreItr                      0x08003b85   Thumb Code    10  usb_core.o(i.USB_OTG_ReadCoreItr)
    USB_OTG_ReadDevAllInEPItr                0x08003b8f   Thumb Code    12  usb_core.o(i.USB_OTG_ReadDevAllInEPItr)
    USB_OTG_ReadDevAllOutEp_itr              0x08003b9b   Thumb Code    12  usb_core.o(i.USB_OTG_ReadDevAllOutEp_itr)
    USB_OTG_ReadDevOutEP_itr                 0x08003ba7   Thumb Code    16  usb_core.o(i.USB_OTG_ReadDevOutEP_itr)
    USB_OTG_ReadPacket                       0x08003bb7   Thumb Code    32  usb_core.o(i.USB_OTG_ReadPacket)
    USB_OTG_SelectCore                       0x08003bd9   Thumb Code   196  usb_core.o(i.USB_OTG_SelectCore)
    USB_OTG_SetCurrentMode                   0x08003ca1   Thumb Code    42  usb_core.o(i.USB_OTG_SetCurrentMode)
    USB_OTG_UngateClock                      0x08003ccb   Thumb Code    30  usb_core.o(i.USB_OTG_UngateClock)
    USB_OTG_WritePacket                      0x08003ce9   Thumb Code    40  usb_core.o(i.USB_OTG_WritePacket)
    UsageFault_Handler                       0x08003d11   Thumb Code     2  stm32fxxx_it.o(i.UsageFault_Handler)
    __0printf$bare                           0x08003d15   Thumb Code     8  printfb.o(i.__0printf$bare)
    __1printf$bare                           0x08003d15   Thumb Code     0  printfb.o(i.__0printf$bare)
    __2printf                                0x08003d15   Thumb Code     0  printfb.o(i.__0printf$bare)
    __scatterload_copy                       0x08003d25   Thumb Code    14  handlers.o(i.__scatterload_copy)
    __scatterload_null                       0x08003d33   Thumb Code     2  handlers.o(i.__scatterload_null)
    __scatterload_zeroinit                   0x08003d35   Thumb Code    14  handlers.o(i.__scatterload_zeroinit)
    fputc                                    0x08003d9d   Thumb Code   244  lcd_log.o(i.fputc)
    main                                     0x08003e99   Thumb Code    64  app.o(i.main)
    ASCII16x24_Table                         0x08003ee8   Data        4560  stm324xg_eval_lcd.o(.constdata)
    ASCII12x12_Table                         0x080050b8   Data        2304  stm324xg_eval_lcd.o(.constdata)
    ASCII8x12_Table                          0x080059b8   Data        2304  stm324xg_eval_lcd.o(.constdata)
    COM_TX_PIN                               0x080062b8   Data           2  stm324xg_eval.o(.constdata)
    COM_RX_PIN                               0x080062ba   Data           2  stm324xg_eval.o(.constdata)
    COM_TX_PIN_SOURCE                        0x080062bc   Data           2  stm324xg_eval.o(.constdata)
    COM_RX_PIN_SOURCE                        0x080062be   Data           2  stm324xg_eval.o(.constdata)
    COM_TX_AF                                0x080062c0   Data           2  stm324xg_eval.o(.constdata)
    COM_RX_AF                                0x080062c2   Data           2  stm324xg_eval.o(.constdata)
    COM_USART_CLK                            0x080062c4   Data           4  stm324xg_eval.o(.constdata)
    COM_TX_PORT_CLK                          0x080062c8   Data           4  stm324xg_eval.o(.constdata)
    COM_RX_PORT_CLK                          0x080062cc   Data           4  stm324xg_eval.o(.constdata)
    BUTTON_PIN                               0x080062d0   Data           6  stm324xg_eval.o(.constdata)
    BUTTON_EXTI_LINE                         0x080062d6   Data           6  stm324xg_eval.o(.constdata)
    BUTTON_PORT_SOURCE                       0x080062dc   Data           6  stm324xg_eval.o(.constdata)
    BUTTON_PIN_SOURCE                        0x080062e2   Data           6  stm324xg_eval.o(.constdata)
    BUTTON_IRQn                              0x080062e8   Data           6  stm324xg_eval.o(.constdata)
    GPIO_PIN                                 0x080062ee   Data           8  stm324xg_eval.o(.constdata)
    GPIO_CLK                                 0x080062f8   Data          16  stm324xg_eval.o(.constdata)
    BUTTON_CLK                               0x08006308   Data          12  stm324xg_eval.o(.constdata)
    Region$$Table$$Base                      0x08006314   Number         0  anon$$obj.o(Region$$Table)
    Region$$Table$$Limit                     0x08006334   Number         0  anon$$obj.o(Region$$Table)
    remote_wakeup                            0x20000000   Data           4  stm32fxxx_it.o(.data)
    USR_cb                                   0x20000008   Data          28  usbd_usr.o(.data)
    USR_desc                                 0x20000024   Data          28  usbd_desc.o(.data)
    USBD_LangIDDesc                          0x20000040   Data           4  usbd_desc.o(.data)
    USBD_DeviceDesc                          0x20000044   Data          18  usbd_desc.o(.data)
    USBD_DeviceQualifierDesc                 0x20000058   Data          10  usbd_desc.o(.data)
    USBD_ep_status                           0x20000068   Data           4  usbd_req.o(.data)
    USBD_default_cfg                         0x2000006c   Data           4  usbd_req.o(.data)
    USBD_cfg_status                          0x20000070   Data           4  usbd_req.o(.data)
    USBD_DCD_INT_cb                          0x20000074   Data          44  usbd_core.o(.data)
    USBD_DCD_INT_fops                        0x200000a0   Data           4  usbd_core.o(.data)
    SET_TEST_MODE                            0x200000a4   Data           4  usbd_core.o(.data)
    USBD_HID_cb                              0x200000a8   Data          48  usbd_hid_core.o(.data)
    LCD_CacheBuffer_yptr_invert              0x2000015e   Data           1  lcd_log.o(.data)
    LCD_ScrollActive                         0x2000015f   Data           1  lcd_log.o(.data)
    LCD_Lock                                 0x20000160   Data           1  lcd_log.o(.data)
    LCD_Scrolled                             0x20000161   Data           1  lcd_log.o(.data)
    LCD_LineColor                            0x20000162   Data           2  lcd_log.o(.data)
    LCD_CacheBuffer_xptr                     0x20000164   Data           2  lcd_log.o(.data)
    LCD_CacheBuffer_yptr_top                 0x20000166   Data           2  lcd_log.o(.data)
    LCD_CacheBuffer_yptr_bottom              0x20000168   Data           2  lcd_log.o(.data)
    LCD_CacheBuffer_yptr_top_bak             0x2000016a   Data           2  lcd_log.o(.data)
    LCD_CacheBuffer_yptr_bottom_bak          0x2000016c   Data           2  lcd_log.o(.data)
    LCD_ScrollBackStep                       0x2000016e   Data           2  lcd_log.o(.data)
    SystemCoreClock                          0x20000170   Data           4  system_stm32f4xx.o(.data)
    AHBPrescTable                            0x20000174   Data          16  system_stm32f4xx.o(.data)
    TextColor                                0x20000184   Data           2  stm324xg_eval_lcd.o(.data)
    BackColor                                0x20000186   Data           2  stm324xg_eval_lcd.o(.data)
    Font16x24                                0x2000018c   Data           8  stm324xg_eval_lcd.o(.data)
    Font12x12                                0x20000194   Data           8  stm324xg_eval_lcd.o(.data)
    Font8x12                                 0x2000019c   Data           8  stm324xg_eval_lcd.o(.data)
    COM_USART                                0x200001a4   Data           4  stm324xg_eval.o(.data)
    COM_TX_PORT                              0x200001a8   Data           4  stm324xg_eval.o(.data)
    COM_RX_PORT                              0x200001ac   Data           4  stm324xg_eval.o(.data)
    NVIC_InitStructure                       0x200001b0   Data           4  stm324xg_eval.o(.data)
    GPIO_PORT                                0x200001b4   Data          16  stm324xg_eval.o(.data)
    BUTTON_PORT                              0x200001c4   Data          12  stm324xg_eval.o(.data)
    IOE_TimeOut                              0x200001d0   Data           4  stm324xg_eval_ioe.o(.data)
    TS_State                                 0x200001e0   Data           8  stm324xg_eval_ioe.o(.data)
    __stdout                                 0x200001f8   Data           4  stdout.o(.data)
    USB_OTG_dev                              0x200001fc   Data        1524  app.o(.bss)
    USBD_StrDesc                             0x200007f0   Data          64  usbd_req.o(.bss)
    LCD_CacheBuffer                          0x20000830   Data         468  lcd_log.o(.bss)
    __initial_sp                             0x20000e08   Data           0  startup_stm32f4xx.o(STACK)



==============================================================================

Memory Map of the image

  Image Entry point : 0x08000189

  Load Region LR_IROM1 (Base: 0x08000000, Size: 0x00006530, Max: 0x00100000, ABSOLUTE, COMPRESSED[0x0000647c])

    Execution Region ER_IROM1 (Base: 0x08000000, Size: 0x00006334, Max: 0x00100000, ABSOLUTE)

    Base Addr    Size         Type   Attr      Idx    E Section Name        Object

    0x08000000   0x00000188   Data   RO         1257    RESET               startup_stm32f4xx.o
    0x08000188   0x00000000   Code   RO         3648  * .ARM.Collect$$$$00000000  mc_w.l(entry.o)
    0x08000188   0x00000004   Code   RO         3919    .ARM.Collect$$$$00000001  mc_w.l(entry2.o)
    0x0800018c   0x00000004   Code   RO         3922    .ARM.Collect$$$$00000004  mc_w.l(entry5.o)
    0x08000190   0x00000000   Code   RO         3924    .ARM.Collect$$$$00000008  mc_w.l(entry7b.o)
    0x08000190   0x00000000   Code   RO         3926    .ARM.Collect$$$$0000000A  mc_w.l(entry8b.o)
    0x08000190   0x00000008   Code   RO         3927    .ARM.Collect$$$$0000000B  mc_w.l(entry9a.o)
    0x08000198   0x00000000   Code   RO         3929    .ARM.Collect$$$$0000000D  mc_w.l(entry10a.o)
    0x08000198   0x00000000   Code   RO         3931    .ARM.Collect$$$$0000000F  mc_w.l(entry11a.o)
    0x08000198   0x00000004   Code   RO         3920    .ARM.Collect$$$$00002712  mc_w.l(entry2.o)
    0x0800019c   0x00000024   Code   RO         1258    .text               startup_stm32f4xx.o
    0x080001c0   0x00000024   Code   RO         3949    .text               mc_w.l(init.o)
    0x080001e4   0x0000005c   Code   RO         3965    .text               mc_w.l(__dczerorl2.o)
    0x08000240   0x00000002   Code   RO          191    i.BusFault_Handler  stm32fxxx_it.o
    0x08000242   0x0000002c   Code   RO          823    i.DCD_EP_Close      usb_dcd.o
    0x0800026e   0x00000038   Code   RO          824    i.DCD_EP_ClrStall   usb_dcd.o
    0x080002a6   0x00000018   Code   RO          825    i.DCD_EP_Flush      usb_dcd.o
    0x080002be   0x0000003c   Code   RO          826    i.DCD_EP_Open       usb_dcd.o
    0x080002fa   0x0000003a   Code   RO          827    i.DCD_EP_PrepareRx  usb_dcd.o
    0x08000334   0x00000010   Code   RO          828    i.DCD_EP_SetAddress  usb_dcd.o
    0x08000344   0x00000038   Code   RO          829    i.DCD_EP_Stall      usb_dcd.o
    0x0800037c   0x00000036   Code   RO          830    i.DCD_EP_Tx         usb_dcd.o
    0x080003b2   0x00000002   PAD
    0x080003b4   0x000000cc   Code   RO          533    i.DCD_HandleInEP_ISR  usb_dcd_int.o
    0x08000480   0x000000ac   Code   RO          534    i.DCD_HandleOutEP_ISR  usb_dcd_int.o
    0x0800052c   0x0000007c   Code   RO          535    i.DCD_HandleRxStatusQueueLevel_ISR  usb_dcd_int.o
    0x080005a8   0x00000070   Code   RO          536    i.DCD_HandleUSBSuspend_ISR  usb_dcd_int.o
    0x08000618   0x00000090   Code   RO          537    i.DCD_HandleUsbReset_ISR  usb_dcd_int.o
    0x080006a8   0x0000008a   Code   RO          832    i.DCD_Init          usb_dcd.o
    0x08000732   0x0000007a   Code   RO          538    i.DCD_WriteEmptyTxFifo  usb_dcd_int.o
    0x080007ac   0x0000002c   Code   RO         2268    i.DMA_ClearFlag     stm32f4xx_dma.o
    0x080007d8   0x00000014   Code   RO         2270    i.DMA_Cmd           stm32f4xx_dma.o
    0x080007ec   0x00000124   Code   RO         2271    i.DMA_DeInit        stm32f4xx_dma.o
    0x08000910   0x00000034   Code   RO         2279    i.DMA_GetFlagStatus  stm32f4xx_dma.o
    0x08000944   0x00000054   Code   RO         2282    i.DMA_Init          stm32f4xx_dma.o
    0x08000998   0x00000002   Code   RO          192    i.DebugMon_Handler  stm32fxxx_it.o
    0x0800099a   0x00000002   PAD
    0x0800099c   0x000000b8   Code   RO          193    i.EXTI15_10_IRQHandler  stm32fxxx_it.o
    0x08000a54   0x0000000c   Code   RO         2397    i.EXTI_ClearITPendingBit  stm32f4xx_exti.o
    0x08000a60   0x00000020   Code   RO         2401    i.EXTI_GetITStatus  stm32f4xx_exti.o
    0x08000a80   0x00000070   Code   RO         2402    i.EXTI_Init         stm32f4xx_exti.o
    0x08000af0   0x00000020   Code   RO         2663    i.FSMC_NORSRAMCmd   stm32f4xx_fsmc.o
    0x08000b10   0x000000c0   Code   RO         2665    i.FSMC_NORSRAMInit  stm32f4xx_fsmc.o
    0x08000bd0   0x000000a2   Code   RO         2781    i.GPIO_Init         stm32f4xx_gpio.o
    0x08000c72   0x00000020   Code   RO         2782    i.GPIO_PinAFConfig  stm32f4xx_gpio.o
    0x08000c92   0x00000002   Code   RO          194    i.HardFault_Handler  stm32fxxx_it.o
    0x08000c94   0x00000018   Code   RO         2881    i.I2C_CheckEvent    stm32f4xx_i2c.o
    0x08000cac   0x00000014   Code   RO         2885    i.I2C_DMACmd        stm32f4xx_i2c.o
    0x08000cc0   0x00000014   Code   RO         2886    i.I2C_DMALastTransferCmd  stm32f4xx_i2c.o
    0x08000cd4   0x00000014   Code   RO         2891    i.I2C_GenerateSTART  stm32f4xx_i2c.o
    0x08000ce8   0x00000014   Code   RO         2892    i.I2C_GenerateSTOP  stm32f4xx_i2c.o
    0x08000cfc   0x0000002a   Code   RO         2893    i.I2C_GetFlagStatus  stm32f4xx_i2c.o
    0x08000d26   0x00000002   PAD
    0x08000d28   0x000000b4   Code   RO         2898    i.I2C_Init          stm32f4xx_i2c.o
    0x08000ddc   0x00000170   Code   RO         1676    i.I2C_ReadDeviceRegister  stm324xg_eval_ioe.o
    0x08000f4c   0x00000010   Code   RO         2905    i.I2C_Send7bitAddress  stm32f4xx_i2c.o
    0x08000f5c   0x00000004   Code   RO         2906    i.I2C_SendData      stm32f4xx_i2c.o
    0x08000f60   0x00000134   Code   RO         1677    i.I2C_WriteDeviceRegister  stm324xg_eval_ioe.o
    0x08001094   0x00000108   Code   RO         1680    i.IOE_Config        stm324xg_eval_ioe.o
    0x0800119c   0x00000070   Code   RO         1681    i.IOE_DMA_Config    stm324xg_eval_ioe.o
    0x0800120c   0x00000024   Code   RO         1683    i.IOE_FnctCmd       stm324xg_eval_ioe.o
    0x08001230   0x00000098   Code   RO         1686    i.IOE_GPIO_Config   stm324xg_eval_ioe.o
    0x080012c8   0x00000024   Code   RO         1689    i.IOE_IOAFConfig    stm324xg_eval_ioe.o
    0x080012ec   0x0000004a   Code   RO         1690    i.IOE_IOEdgeConfig  stm324xg_eval_ioe.o
    0x08001336   0x00000024   Code   RO         1692    i.IOE_IOPinConfig   stm324xg_eval_ioe.o
    0x0800135a   0x00000002   PAD
    0x0800135c   0x00000024   Code   RO         1695    i.IOE_IsOperational  stm324xg_eval_ioe.o
    0x08001380   0x0000003e   Code   RO         1696    i.IOE_JoyStickGetState  stm324xg_eval_ioe.o
    0x080013be   0x0000001e   Code   RO         1697    i.IOE_ReadID        stm324xg_eval_ioe.o
    0x080013dc   0x00000020   Code   RO         1699    i.IOE_Reset         stm324xg_eval_ioe.o
    0x080013fc   0x000000bc   Code   RO         1700    i.IOE_TS_Config     stm324xg_eval_ioe.o
    0x080014b8   0x00000044   Code   RO         1702    i.IOE_TempSens_Config  stm324xg_eval_ioe.o
    0x080014fc   0x0000002a   Code   RO         1704    i.IOE_WriteIOPin    stm324xg_eval_ioe.o
    0x08001526   0x00000026   Code   RO         1301    i.LCD_Clear         stm324xg_eval_lcd.o
    0x0800154c   0x00000030   Code   RO         1302    i.LCD_ClearLine     stm324xg_eval_lcd.o
    0x0800157c   0x00000134   Code   RO         1305    i.LCD_CtrlLinesConfig  stm324xg_eval_lcd.o
    0x080016b0   0x00000020   Code   RO         1307    i.LCD_DisplayChar   stm324xg_eval_lcd.o
    0x080016d0   0x00000038   Code   RO         1310    i.LCD_DisplayStringLine  stm324xg_eval_lcd.o
    0x08001708   0x0000007c   Code   RO         1311    i.LCD_DrawChar      stm324xg_eval_lcd.o
    0x08001784   0x00000058   Code   RO         1319    i.LCD_FSMCConfig    stm324xg_eval_lcd.o
    0x080017dc   0x0000000c   Code   RO         1322    i.LCD_GetFont       stm324xg_eval_lcd.o
    0x080017e8   0x00000028   Code   RO         1196    i.LCD_LOG_DeInit    lcd_log.o
    0x08001810   0x00000010   Code   RO         1197    i.LCD_LOG_Init      lcd_log.o
    0x08001820   0x00000064   Code   RO         1198    i.LCD_LOG_SetFooter  lcd_log.o
    0x08001884   0x00000090   Code   RO         1199    i.LCD_LOG_SetHeader  lcd_log.o
    0x08001914   0x000000a0   Code   RO         1200    i.LCD_LOG_UpdateDisplay  lcd_log.o
    0x080019b4   0x0000000a   Code   RO         1328    i.LCD_ReadReg       stm324xg_eval_lcd.o
    0x080019be   0x00000002   PAD
    0x080019c0   0x00000010   Code   RO         1329    i.LCD_SetBackColor  stm324xg_eval_lcd.o
    0x080019d0   0x00000018   Code   RO         1331    i.LCD_SetCursor     stm324xg_eval_lcd.o
    0x080019e8   0x0000000c   Code   RO         1333    i.LCD_SetFont       stm324xg_eval_lcd.o
    0x080019f4   0x00000010   Code   RO         1334    i.LCD_SetTextColor  stm324xg_eval_lcd.o
    0x08001a04   0x0000000a   Code   RO         1339    i.LCD_WriteReg      stm324xg_eval_lcd.o
    0x08001a0e   0x00000002   Code   RO          195    i.MemManage_Handler  stm32fxxx_it.o
    0x08001a10   0x00000002   Code   RO          196    i.NMI_Handler       stm32fxxx_it.o
    0x08001a12   0x00000002   PAD
    0x08001a14   0x00000064   Code   RO          421    i.NVIC_Init         misc.o
    0x08001a78   0x00000014   Code   RO          422    i.NVIC_PriorityGroupConfig  misc.o
    0x08001a8c   0x0000005c   Code   RO          197    i.OTG_FS_WKUP_IRQHandler  stm32fxxx_it.o
    0x08001ae8   0x0000000c   Code   RO          198    i.OTG_HS_EP1_IN_IRQHandler  stm32fxxx_it.o
    0x08001af4   0x0000000c   Code   RO          199    i.OTG_HS_EP1_OUT_IRQHandler  stm32fxxx_it.o
    0x08001b00   0x0000000c   Code   RO          200    i.OTG_HS_IRQHandler  stm32fxxx_it.o
    0x08001b0c   0x0000006c   Code   RO          201    i.OTG_HS_WKUP_IRQHandler  stm32fxxx_it.o
    0x08001b78   0x00000002   Code   RO          202    i.PendSV_Handler    stm32fxxx_it.o
    0x08001b7a   0x00000002   PAD
    0x08001b7c   0x00000018   Code   RO         3176    i.RCC_AHB1PeriphClockCmd  stm32f4xx_rcc.o
    0x08001b94   0x00000018   Code   RO         3179    i.RCC_AHB2PeriphClockCmd  stm32f4xx_rcc.o
    0x08001bac   0x00000018   Code   RO         3182    i.RCC_AHB3PeriphClockCmd  stm32f4xx_rcc.o
    0x08001bc4   0x00000018   Code   RO         3185    i.RCC_APB1PeriphClockCmd  stm32f4xx_rcc.o
    0x08001bdc   0x00000018   Code   RO         3187    i.RCC_APB1PeriphResetCmd  stm32f4xx_rcc.o
    0x08001bf4   0x00000018   Code   RO         3188    i.RCC_APB2PeriphClockCmd  stm32f4xx_rcc.o
    0x08001c0c   0x00000094   Code   RO         3197    i.RCC_GetClocksFreq  stm32f4xx_rcc.o
    0x08001ca0   0x00000034   Code   RO         3198    i.RCC_GetFlagStatus  stm32f4xx_rcc.o
    0x08001cd4   0x00000010   Code   RO         3200    i.RCC_GetSYSCLKSource  stm32f4xx_rcc.o
    0x08001ce4   0x00000010   Code   RO         3202    i.RCC_HSEConfig     stm32f4xx_rcc.o
    0x08001cf4   0x0000000c   Code   RO         3212    i.RCC_PLLCmd        stm32f4xx_rcc.o
    0x08001d00   0x00000014   Code   RO         3218    i.RCC_SYSCLKConfig  stm32f4xx_rcc.o
    0x08001d14   0x00000410   Code   RO         1341    i.STM324xG_LCD_Init  stm324xg_eval_lcd.o
    0x08002124   0x00000048   Code   RO         1577    i.STM_EVAL_LEDInit  stm324xg_eval.o
    0x0800216c   0x0000001c   Code   RO         1580    i.STM_EVAL_LEDToggle  stm324xg_eval.o
    0x08002188   0x000000a4   Code   RO         1582    i.STM_EVAL_PBInit   stm324xg_eval.o
    0x0800222c   0x00000002   Code   RO          203    i.SVC_Handler       stm32fxxx_it.o
    0x0800222e   0x00000002   PAD
    0x08002230   0x00000028   Code   RO         2033    i.SYSCFG_EXTILineConfig  stm32f4xx_syscfg.o
    0x08002258   0x000000b4   Code   RO         1264    i.SetSysClock       system_stm32f4xx.o
    0x0800230c   0x0000005c   Code   RO          204    i.SysTick_Handler   stm32fxxx_it.o
    0x08002368   0x0000005c   Code   RO         1266    i.SystemInit        system_stm32f4xx.o
    0x080023c4   0x0000000e   Code   RO          986    i.USBD_ClrCfg       usbd_core.o
    0x080023d2   0x00000012   Code   RO         1087    i.USBD_CtlContinueRx  usbd_ioreq.o
    0x080023e4   0x00000012   Code   RO         1088    i.USBD_CtlContinueSendData  usbd_ioreq.o
    0x080023f6   0x0000001c   Code   RO          913    i.USBD_CtlError     usbd_req.o
    0x08002412   0x00000022   Code   RO         1090    i.USBD_CtlReceiveStatus  usbd_ioreq.o
    0x08002434   0x00000020   Code   RO         1091    i.USBD_CtlSendData  usbd_ioreq.o
    0x08002454   0x00000022   Code   RO         1092    i.USBD_CtlSendStatus  usbd_ioreq.o
    0x08002476   0x00000002   PAD
    0x08002478   0x000000b0   Code   RO          987    i.USBD_DataInStage  usbd_core.o
    0x08002528   0x00000078   Code   RO          988    i.USBD_DataOutStage  usbd_core.o
    0x080025a0   0x00000016   Code   RO          990    i.USBD_DevConnected  usbd_core.o
    0x080025b6   0x00000020   Code   RO          991    i.USBD_DevDisconnected  usbd_core.o
    0x080025d6   0x00000002   PAD
    0x080025d8   0x00000128   Code   RO          914    i.USBD_GetDescriptor  usbd_req.o
    0x08002700   0x00000046   Code   RO          915    i.USBD_GetString    usbd_req.o
    0x08002746   0x0000000c   Code   RO         1143    i.USBD_HID_DataIn   usbd_hid_core.o
    0x08002752   0x00000016   Code   RO         1144    i.USBD_HID_DeInit   usbd_hid_core.o
    0x08002768   0x0000000c   Code   RO         1145    i.USBD_HID_GetCfgDesc  usbd_hid_core.o
    0x08002774   0x0000001e   Code   RO         1146    i.USBD_HID_Init     usbd_hid_core.o
    0x08002792   0x00000018   Code   RO         1147    i.USBD_HID_SendReport  usbd_hid_core.o
    0x080027aa   0x00000002   PAD
    0x080027ac   0x000000a4   Code   RO         1148    i.USBD_HID_Setup    usbd_hid_core.o
    0x08002850   0x00000036   Code   RO          992    i.USBD_Init         usbd_core.o
    0x08002886   0x0000000e   Code   RO          993    i.USBD_IsoINIncomplete  usbd_core.o
    0x08002894   0x0000000e   Code   RO          994    i.USBD_IsoOUTIncomplete  usbd_core.o
    0x080028a2   0x00000002   PAD
    0x080028a4   0x00000078   Code   RO          539    i.USBD_OTG_EP1IN_ISR_Handler  usb_dcd_int.o
    0x0800291c   0x00000050   Code   RO          540    i.USBD_OTG_EP1OUT_ISR_Handler  usb_dcd_int.o
    0x0800296c   0x00000178   Code   RO          541    i.USBD_OTG_ISR_Handler  usb_dcd_int.o
    0x08002ae4   0x00000044   Code   RO          916    i.USBD_ParseSetupRequest  usbd_req.o
    0x08002b28   0x0000002e   Code   RO          995    i.USBD_Reset        usbd_core.o
    0x08002b56   0x00000016   Code   RO          996    i.USBD_Resume       usbd_core.o
    0x08002b6c   0x00000010   Code   RO          997    i.USBD_SOF          usbd_core.o
    0x08002b7c   0x0000001a   Code   RO          998    i.USBD_SetCfg       usbd_core.o
    0x08002b96   0x00000002   PAD
    0x08002b98   0x00000074   Code   RO          917    i.USBD_SetConfig    usbd_req.o
    0x08002c0c   0x0000007c   Code   RO          918    i.USBD_SetFeature   usbd_req.o
    0x08002c88   0x00000048   Code   RO          999    i.USBD_SetupStage   usbd_core.o
    0x08002cd0   0x000000f0   Code   RO          919    i.USBD_StdDevReq    usbd_req.o
    0x08002dc0   0x000000d4   Code   RO          920    i.USBD_StdEPReq     usbd_req.o
    0x08002e94   0x00000036   Code   RO          921    i.USBD_StdItfReq    usbd_req.o
    0x08002eca   0x0000001a   Code   RO         1000    i.USBD_Suspend      usbd_core.o
    0x08002ee4   0x00000020   Code   RO          465    i.USBD_USR_ConfigStrDescriptor  usbd_desc.o
    0x08002f04   0x00000030   Code   RO          354    i.USBD_USR_DeviceConfigured  usbd_usr.o
    0x08002f34   0x00000030   Code   RO          355    i.USBD_USR_DeviceConnected  usbd_usr.o
    0x08002f64   0x0000000c   Code   RO          466    i.USBD_USR_DeviceDescriptor  usbd_desc.o
    0x08002f70   0x00000030   Code   RO          356    i.USBD_USR_DeviceDisconnected  usbd_usr.o
    0x08002fa0   0x00000080   Code   RO          357    i.USBD_USR_DeviceReset  usbd_usr.o
    0x08003020   0x00000030   Code   RO          358    i.USBD_USR_DeviceResumed  usbd_usr.o
    0x08003050   0x00000034   Code   RO          359    i.USBD_USR_DeviceSuspended  usbd_usr.o
    0x08003084   0x00000120   Code   RO          360    i.USBD_USR_Init     usbd_usr.o
    0x080031a4   0x00000024   Code   RO          467    i.USBD_USR_InterfaceStrDescriptor  usbd_desc.o
    0x080031c8   0x0000000c   Code   RO          468    i.USBD_USR_LangIDStrDescriptor  usbd_desc.o
    0x080031d4   0x00000028   Code   RO          469    i.USBD_USR_ManufacturerStrDescriptor  usbd_desc.o
    0x080031fc   0x00000044   Code   RO          470    i.USBD_USR_ProductStrDescriptor  usbd_desc.o
    0x08003240   0x0000003c   Code   RO          471    i.USBD_USR_SerialStrDescriptor  usbd_desc.o
    0x0800327c   0x00000042   Code   RO          599    i.USB_OTG_ActiveRemoteWakeup  usb_core.o
    0x080032be   0x00000068   Code   RO          313    i.USB_OTG_BSP_EnableInterrupt  usb_bsp.o
    0x08003326   0x00000002   PAD
    0x08003328   0x00000148   Code   RO          314    i.USB_OTG_BSP_Init  usb_bsp.o
    0x08003470   0x0000000a   Code   RO          315    i.USB_OTG_BSP_mDelay  usb_bsp.o
    0x0800347a   0x00000016   Code   RO          316    i.USB_OTG_BSP_uDelay  usb_bsp.o
    0x08003490   0x00000080   Code   RO          600    i.USB_OTG_CoreInit  usb_core.o
    0x08003510   0x0000019a   Code   RO          601    i.USB_OTG_CoreInitDev  usb_core.o
    0x080036aa   0x00000002   PAD
    0x080036ac   0x00000058   Code   RO          602    i.USB_OTG_CoreReset  usb_core.o
    0x08003704   0x00000010   Code   RO          603    i.USB_OTG_DisableGlobalInt  usb_core.o
    0x08003714   0x0000003a   Code   RO          604    i.USB_OTG_EP0Activate  usb_core.o
    0x0800374e   0x00000002   PAD
    0x08003750   0x000000b6   Code   RO          605    i.USB_OTG_EP0StartXfer  usb_core.o
    0x08003806   0x00000002   PAD
    0x08003808   0x00000024   Code   RO          606    i.USB_OTG_EP0_OutStart  usb_core.o
    0x0800382c   0x00000068   Code   RO          607    i.USB_OTG_EPActivate  usb_core.o
    0x08003894   0x00000032   Code   RO          608    i.USB_OTG_EPClearStall  usb_core.o
    0x080038c6   0x0000004e   Code   RO          609    i.USB_OTG_EPDeactivate  usb_core.o
    0x08003914   0x00000030   Code   RO          610    i.USB_OTG_EPSetStall  usb_core.o
    0x08003944   0x00000122   Code   RO          611    i.USB_OTG_EPStartXfer  usb_core.o
    0x08003a66   0x00000002   PAD
    0x08003a68   0x00000050   Code   RO          612    i.USB_OTG_EnableDevInt  usb_core.o
    0x08003ab8   0x00000010   Code   RO          613    i.USB_OTG_EnableGlobalInt  usb_core.o
    0x08003ac8   0x00000038   Code   RO          614    i.USB_OTG_FlushRxFifo  usb_core.o
    0x08003b00   0x00000040   Code   RO          615    i.USB_OTG_FlushTxFifo  usb_core.o
    0x08003b40   0x00000026   Code   RO          616    i.USB_OTG_GetDeviceSpeed  usb_core.o
    0x08003b66   0x0000000c   Code   RO          619    i.USB_OTG_InitDevSpeed  usb_core.o
    0x08003b72   0x00000012   Code   RO          620    i.USB_OTG_IsDeviceMode  usb_core.o
    0x08003b84   0x0000000a   Code   RO          622    i.USB_OTG_ReadCoreItr  usb_core.o
    0x08003b8e   0x0000000c   Code   RO          623    i.USB_OTG_ReadDevAllInEPItr  usb_core.o
    0x08003b9a   0x0000000c   Code   RO          624    i.USB_OTG_ReadDevAllOutEp_itr  usb_core.o
    0x08003ba6   0x00000010   Code   RO          625    i.USB_OTG_ReadDevOutEP_itr  usb_core.o
    0x08003bb6   0x00000020   Code   RO          627    i.USB_OTG_ReadPacket  usb_core.o
    0x08003bd6   0x00000002   PAD
    0x08003bd8   0x000000c8   Code   RO          628    i.USB_OTG_SelectCore  usb_core.o
    0x08003ca0   0x0000002a   Code   RO          629    i.USB_OTG_SetCurrentMode  usb_core.o
    0x08003cca   0x0000001e   Code   RO          632    i.USB_OTG_UngateClock  usb_core.o
    0x08003ce8   0x00000028   Code   RO          633    i.USB_OTG_WritePacket  usb_core.o
    0x08003d10   0x00000002   Code   RO          205    i.UsageFault_Handler  stm32fxxx_it.o
    0x08003d12   0x00000002   PAD
    0x08003d14   0x00000010   Code   RO         3652    i.__0printf$bare    mc_w.l(printfb.o)
    0x08003d24   0x0000000e   Code   RO         3959    i.__scatterload_copy  mc_w.l(handlers.o)
    0x08003d32   0x00000002   Code   RO         3960    i.__scatterload_null  mc_w.l(handlers.o)
    0x08003d34   0x0000000e   Code   RO         3961    i.__scatterload_zeroinit  mc_w.l(handlers.o)
    0x08003d42   0x00000022   Code   RO         3659    i._printf_core      mc_w.l(printfb.o)
    0x08003d64   0x0000001c   Code   RO         1342    i.delay             stm324xg_eval_lcd.o
    0x08003d80   0x0000001c   Code   RO         1705    i.delay             stm324xg_eval_ioe.o
    0x08003d9c   0x000000fc   Code   RO         1201    i.fputc             lcd_log.o
    0x08003e98   0x00000050   Code   RO            3    i.main              app.o
    0x08003ee8   0x000011d0   Data   RO         1343    .constdata          stm324xg_eval_lcd.o
    0x080050b8   0x00000900   Data   RO         1344    .constdata          stm324xg_eval_lcd.o
    0x080059b8   0x00000900   Data   RO         1345    .constdata          stm324xg_eval_lcd.o
    0x080062b8   0x0000005c   Data   RO         1587    .constdata          stm324xg_eval.o
    0x08006314   0x00000020   Data   RO         3957    Region$$Table       anon$$obj.o


    Execution Region RW_IRAM1 (Base: 0x20000000, Size: 0x00000e08, Max: 0x00020000, ABSOLUTE, COMPRESSED[0x00000148])

    Base Addr    Size         Type   Attr      Idx    E Section Name        Object

    0x20000000   0x00000008   Data   RW          206    .data               stm32fxxx_it.o
    0x20000008   0x0000001c   Data   RW          361    .data               usbd_usr.o
    0x20000024   0x0000001c   Data   RW          472    .data               usbd_desc.o
    0x20000040   0x00000016   Data   RW          473    .data               usbd_desc.o
    0x20000056   0x00000002   PAD
    0x20000058   0x0000000a   Data   RW          474    .data               usbd_desc.o
    0x20000062   0x00000002   PAD
    0x20000064   0x00000010   Data   RW          923    .data               usbd_req.o
    0x20000074   0x0000002c   Data   RW         1001    .data               usbd_core.o
    0x200000a0   0x00000004   Data   RW         1002    .data               usbd_core.o
    0x200000a4   0x00000004   Data   RW         1003    .data               usbd_core.o
    0x200000a8   0x00000030   Data   RW         1149    .data               usbd_hid_core.o
    0x200000d8   0x00000086   Data   RW         1150    .data               usbd_hid_core.o
    0x2000015e   0x00000012   Data   RW         1203    .data               lcd_log.o
    0x20000170   0x00000014   Data   RW         1267    .data               system_stm32f4xx.o
    0x20000184   0x00000010   Data   RW         1347    .data               stm324xg_eval_lcd.o
    0x20000194   0x00000008   Data   RW         1348    .data               stm324xg_eval_lcd.o
    0x2000019c   0x00000008   Data   RW         1349    .data               stm324xg_eval_lcd.o
    0x200001a4   0x0000002c   Data   RW         1588    .data               stm324xg_eval.o
    0x200001d0   0x00000018   Data   RW         1706    .data               stm324xg_eval_ioe.o
    0x200001e8   0x00000010   Data   RW         3220    .data               stm32f4xx_rcc.o
    0x200001f8   0x00000004   Data   RW         3933    .data               mc_w.l(stdout.o)
    0x200001fc   0x000005f4   Zero   RW            4    .bss                app.o
    0x200007f0   0x00000040   Zero   RW          922    .bss                usbd_req.o
    0x20000830   0x000001d4   Zero   RW         1202    .bss                lcd_log.o
    0x20000a04   0x00000004   PAD
    0x20000a08   0x00000400   Zero   RW         1255    STACK               startup_stm32f4xx.o


==============================================================================

Image component sizes


      Code (inc. data)   RO Data    RW Data    ZI Data      Debug   Object Name

        80         16          0          0       1524     303016   app.o
       712         32          0         18        468       7073   lcd_log.o
       120         18          0          0          0       1979   misc.o
        36          8        392          0       1024       1016   startup_stm32f4xx.o
       264         26         92         44          0       4562   stm324xg_eval.o
      1872         90          0         24          0      17425   stm324xg_eval_ioe.o
      1862         66       9168         32          0      15514   stm324xg_eval_lcd.o
       492         48          0          0          0       5474   stm32f4xx_dma.o
       156         14          0          0          0       2784   stm32f4xx_exti.o
       224          4          0          0          0       2353   stm32f4xx_fsmc.o
       194          0          0          0          0       2155   stm32f4xx_gpio.o
       346          8          0          0          0       7366   stm32f4xx_i2c.o
       408         82          0         16          0      10964   stm32f4xx_rcc.o
        40          6          0          0          0        772   stm32f4xx_syscfg.o
       528         88          0          8          0      11316   stm32fxxx_it.o
       272         36          0         20          0       2229   system_stm32f4xx.o
       464          4          0          0          0       3251   usb_bsp.o
      2232         26          0          0          0      24357   usb_core.o
       506          0          0          0          0       7299   usb_dcd.o
      1454         52          0          0          0       9646   usb_dcd_int.o
       654          4          0         52          0      12414   usbd_core.o
       260        148          0         60          0       6144   usbd_desc.o
       264         10          0        182          0       5752   usbd_hid_core.o
       136          0          0          0          0       4304   usbd_ioreq.o
      1208         52          0         16         64       9077   usbd_req.o
       660        432          0         28          0      30880   usbd_usr.o

    ----------------------------------------------------------------------
     15484       1270       9684        504       3084     509122   Object Totals
         0          0         32          0          0          0   (incl. Generated)
        40          0          0          4          4          0   (incl. Padding)

    ----------------------------------------------------------------------

      Code (inc. data)   RO Data    RW Data    ZI Data      Debug   Library Member Name

        92          0          0          0          0          0   __dczerorl2.o
         0          0          0          0          0          0   entry.o
         0          0          0          0          0          0   entry10a.o
         0          0          0          0          0          0   entry11a.o
         8          4          0          0          0          0   entry2.o
         4          0          0          0          0          0   entry5.o
         0          0          0          0          0          0   entry7b.o
         0          0          0          0          0          0   entry8b.o
         8          4          0          0          0          0   entry9a.o
        30          0          0          0          0          0   handlers.o
        36          8          0          0          0         68   init.o
        50          8          0          0          0        152   printfb.o
         0          0          0          4          0          0   stdout.o

    ----------------------------------------------------------------------
       228         24          0          4          0        220   Library Totals
         0          0          0          0          0          0   (incl. Padding)

    ----------------------------------------------------------------------

      Code (inc. data)   RO Data    RW Data    ZI Data      Debug   Library Name

       228         24          0          4          0        220   mc_w.l

    ----------------------------------------------------------------------
       228         24          0          4          0        220   Library Totals

    ----------------------------------------------------------------------

==============================================================================


      Code (inc. data)   RO Data    RW Data    ZI Data      Debug   

     15712       1294       9684        508       3084     490690   Grand Totals
     15712       1294       9684        328       3084     490690   ELF Image Totals (compressed)
     15712       1294       9684        328          0          0   ROM Totals

==============================================================================

    Total RO  Size (Code + RO Data)                25396 (  24.80kB)
    Total RW  Size (RW Data + ZI Data)              3592 (   3.51kB)
    Total ROM Size (Code + RO Data + RW Data)      25724 (  25.12kB)

==============================================================================

