ARM Linker, 5.03 [Build 24] [MDK-ARM Standard]

==============================================================================

Section Cross References

    stm32fxxx_it.o(i.EXTI1_IRQHandler) refers to stm32f4xx_exti.o(i.EXTI_GetITStatus) for EXTI_GetITStatus
    stm32fxxx_it.o(i.EXTI1_IRQHandler) refers to stm32f4xx_exti.o(i.EXTI_ClearITPendingBit) for EXTI_ClearITPendingBit
    stm32fxxx_it.o(i.EXTI1_IRQHandler) refers to main.o(.bss) for USB_Host
    stm32fxxx_it.o(i.OTG_FS_IRQHandler) refers to usb_hcd_int.o(i.USBH_OTG_ISR_Handler) for USBH_OTG_ISR_Handler
    stm32fxxx_it.o(i.OTG_FS_IRQHandler) refers to main.o(.bss) for USB_OTG_Core
    stm32fxxx_it.o(i.TIM2_IRQHandler) refers to usb_bsp.o(i.USB_OTG_BSP_TimerIRQ) for USB_OTG_BSP_TimerIRQ
    usb_bsp.o(i.BSP_Delay) refers to usb_bsp.o(i.BSP_SetTime) for BSP_SetTime
    usb_bsp.o(i.BSP_Delay) refers to stm32f4xx_tim.o(i.TIM_Cmd) for TIM_Cmd
    usb_bsp.o(i.BSP_Delay) refers to usb_bsp.o(.data) for BSP_delay
    usb_bsp.o(i.BSP_SetTime) refers to stm32f4xx_tim.o(i.TIM_Cmd) for TIM_Cmd
    usb_bsp.o(i.BSP_SetTime) refers to stm32f4xx_tim.o(i.TIM_ITConfig) for TIM_ITConfig
    usb_bsp.o(i.BSP_SetTime) refers to stm32f4xx_tim.o(i.TIM_TimeBaseInit) for TIM_TimeBaseInit
    usb_bsp.o(i.BSP_SetTime) refers to stm32f4xx_tim.o(i.TIM_ClearITPendingBit) for TIM_ClearITPendingBit
    usb_bsp.o(i.BSP_SetTime) refers to stm32f4xx_tim.o(i.TIM_ARRPreloadConfig) for TIM_ARRPreloadConfig
    usb_bsp.o(i.USB_OTG_BSP_ConfigVBUS) refers to stm32f4xx_rcc.o(i.RCC_AHB1PeriphClockCmd) for RCC_AHB1PeriphClockCmd
    usb_bsp.o(i.USB_OTG_BSP_ConfigVBUS) refers to stm32f4xx_gpio.o(i.GPIO_Init) for GPIO_Init
    usb_bsp.o(i.USB_OTG_BSP_ConfigVBUS) refers to stm32f4xx_gpio.o(i.GPIO_SetBits) for GPIO_SetBits
    usb_bsp.o(i.USB_OTG_BSP_ConfigVBUS) refers to usb_bsp.o(i.USB_OTG_BSP_mDelay) for USB_OTG_BSP_mDelay
    usb_bsp.o(i.USB_OTG_BSP_DriveVBUS) refers to stm32f4xx_gpio.o(i.GPIO_SetBits) for GPIO_SetBits
    usb_bsp.o(i.USB_OTG_BSP_DriveVBUS) refers to stm32f4xx_gpio.o(i.GPIO_ResetBits) for GPIO_ResetBits
    usb_bsp.o(i.USB_OTG_BSP_EnableInterrupt) refers to misc.o(i.NVIC_PriorityGroupConfig) for NVIC_PriorityGroupConfig
    usb_bsp.o(i.USB_OTG_BSP_EnableInterrupt) refers to misc.o(i.NVIC_Init) for NVIC_Init
    usb_bsp.o(i.USB_OTG_BSP_Init) refers to stm32f4xx_rcc.o(i.RCC_AHB1PeriphClockCmd) for RCC_AHB1PeriphClockCmd
    usb_bsp.o(i.USB_OTG_BSP_Init) refers to stm32f4xx_gpio.o(i.GPIO_Init) for GPIO_Init
    usb_bsp.o(i.USB_OTG_BSP_Init) refers to stm32f4xx_gpio.o(i.GPIO_PinAFConfig) for GPIO_PinAFConfig
    usb_bsp.o(i.USB_OTG_BSP_Init) refers to stm32f4xx_rcc.o(i.RCC_APB2PeriphClockCmd) for RCC_APB2PeriphClockCmd
    usb_bsp.o(i.USB_OTG_BSP_Init) refers to stm32f4xx_rcc.o(i.RCC_AHB2PeriphClockCmd) for RCC_AHB2PeriphClockCmd
    usb_bsp.o(i.USB_OTG_BSP_Init) refers to usb_bsp.o(i.USB_OTG_BSP_TimeInit) for USB_OTG_BSP_TimeInit
    usb_bsp.o(i.USB_OTG_BSP_TimeInit) refers to misc.o(i.NVIC_SetVectorTable) for NVIC_SetVectorTable
    usb_bsp.o(i.USB_OTG_BSP_TimeInit) refers to misc.o(i.NVIC_PriorityGroupConfig) for NVIC_PriorityGroupConfig
    usb_bsp.o(i.USB_OTG_BSP_TimeInit) refers to misc.o(i.NVIC_Init) for NVIC_Init
    usb_bsp.o(i.USB_OTG_BSP_TimeInit) refers to stm32f4xx_rcc.o(i.RCC_APB1PeriphClockCmd) for RCC_APB1PeriphClockCmd
    usb_bsp.o(i.USB_OTG_BSP_TimerIRQ) refers to stm32f4xx_tim.o(i.TIM_GetITStatus) for TIM_GetITStatus
    usb_bsp.o(i.USB_OTG_BSP_TimerIRQ) refers to stm32f4xx_tim.o(i.TIM_ClearITPendingBit) for TIM_ClearITPendingBit
    usb_bsp.o(i.USB_OTG_BSP_TimerIRQ) refers to stm32f4xx_tim.o(i.TIM_Cmd) for TIM_Cmd
    usb_bsp.o(i.USB_OTG_BSP_TimerIRQ) refers to usb_bsp.o(.data) for BSP_delay
    usb_bsp.o(i.USB_OTG_BSP_mDelay) refers to usb_bsp.o(i.BSP_Delay) for BSP_Delay
    usb_bsp.o(i.USB_OTG_BSP_uDelay) refers to usb_bsp.o(i.BSP_Delay) for BSP_Delay
    main.o(i.main) refers to usbh_core.o(i.USBH_Init) for USBH_Init
    main.o(i.main) refers to usbh_core.o(i.USBH_Process) for USBH_Process
    main.o(i.main) refers to stm324xg_eval.o(i.STM_EVAL_LEDToggle) for STM_EVAL_LEDToggle
    main.o(i.main) refers to usbh_usr.o(.data) for USR_cb
    main.o(i.main) refers to usbh_msc_core.o(.data) for USBH_MSC_cb
    main.o(i.main) refers to main.o(.bss) for USB_Host
    usbh_usr.o(i.Explore_Disk) refers to ff.o(i.f_opendir) for f_opendir
    usbh_usr.o(i.Explore_Disk) refers to ff.o(i.f_readdir) for f_readdir
    usbh_usr.o(i.Explore_Disk) refers to strcpy.o(.text) for strcpy
    usbh_usr.o(i.Explore_Disk) refers to stm324xg_eval_lcd.o(i.LCD_SetTextColor) for LCD_SetTextColor
    usbh_usr.o(i.Explore_Disk) refers to stm324xg_eval_lcd.o(i.LCD_DisplayStringLine) for LCD_DisplayStringLine
    usbh_usr.o(i.Explore_Disk) refers to usbh_usr.o(i.Toggle_Leds) for Toggle_Leds
    usbh_usr.o(i.Explore_Disk) refers to usb_hcd.o(i.HCD_IsDeviceConnected) for HCD_IsDeviceConnected
[...]
    i.USB_OTG_DriveVbus                      0x0000446e   Section        0  usb_core.o(i.USB_OTG_DriveVbus)
    i.USB_OTG_EnableCommonInt                0x000044ca   Section        0  usb_core.o(i.USB_OTG_EnableCommonInt)
    USB_OTG_EnableCommonInt                  0x000044cb   Thumb Code    52  usb_core.o(i.USB_OTG_EnableCommonInt)
    i.USB_OTG_EnableGlobalInt                0x000044fe   Section        0  usb_core.o(i.USB_OTG_EnableGlobalInt)
    i.USB_OTG_EnableHostInt                  0x00004520   Section        0  usb_core.o(i.USB_OTG_EnableHostInt)
    i.USB_OTG_FlushRxFifo                    0x00004594   Section        0  usb_core.o(i.USB_OTG_FlushRxFifo)
    i.USB_OTG_FlushTxFifo                    0x000045e0   Section        0  usb_core.o(i.USB_OTG_FlushTxFifo)
    i.USB_OTG_GetMode                        0x00004634   Section        0  usb_core.o(i.USB_OTG_GetMode)
    i.USB_OTG_HC_DoPing                      0x00004640   Section        0  usb_core.o(i.USB_OTG_HC_DoPing)
    i.USB_OTG_HC_Halt                        0x0000469a   Section        0  usb_core.o(i.USB_OTG_HC_Halt)
    i.USB_OTG_HC_Init                        0x0000471c   Section        0  usb_core.o(i.USB_OTG_HC_Init)
    i.USB_OTG_HC_StartXfer                   0x00004954   Section        0  usb_core.o(i.USB_OTG_HC_StartXfer)
    i.USB_OTG_InitFSLSPClkSel                0x00004b4a   Section        0  usb_core.o(i.USB_OTG_InitFSLSPClkSel)
    i.USB_OTG_IsEvenFrame                    0x00004b62   Section        0  usb_core.o(i.USB_OTG_IsEvenFrame)
    i.USB_OTG_IsHostMode                     0x00004b72   Section        0  usb_core.o(i.USB_OTG_IsHostMode)
    i.USB_OTG_ReadCoreItr                    0x00004b86   Section        0  usb_core.o(i.USB_OTG_ReadCoreItr)
    i.USB_OTG_ReadHPRT0                      0x00004b96   Section        0  usb_core.o(i.USB_OTG_ReadHPRT0)
    i.USB_OTG_ReadHostAllChannels_intr       0x00004bc6   Section        0  usb_core.o(i.USB_OTG_ReadHostAllChannels_intr)
    i.USB_OTG_ReadPacket                     0x00004bce   Section        0  usb_core.o(i.USB_OTG_ReadPacket)
    i.USB_OTG_ResetPort                      0x00004bf6   Section        0  usb_core.o(i.USB_OTG_ResetPort)
    i.USB_OTG_SelectCore                     0x00004c38   Section        0  usb_core.o(i.USB_OTG_SelectCore)
    i.USB_OTG_SetCurrentMode                 0x00004d08   Section        0  usb_core.o(i.USB_OTG_SetCurrentMode)
    i.USB_OTG_USBH_handle_Disconnect_ISR     0x00004d58   Section        0  usb_hcd_int.o(i.USB_OTG_USBH_handle_Disconnect_ISR)
    USB_OTG_USBH_handle_Disconnect_ISR       0x00004d59   Thumb Code    40  usb_hcd_int.o(i.USB_OTG_USBH_handle_Disconnect_ISR)
    i.USB_OTG_USBH_handle_IncompletePeriodicXfer_ISR 0x00004d84   Section        0  usb_hcd_int.o(i.USB_OTG_USBH_handle_IncompletePeriodicXfer_ISR)
    USB_OTG_USBH_handle_IncompletePeriodicXfer_ISR 0x00004d85   Thumb Code    70  usb_hcd_int.o(i.USB_OTG_USBH_handle_IncompletePeriodicXfer_ISR)
    i.USB_OTG_USBH_handle_hc_ISR             0x00004dca   Section        0  usb_hcd_int.o(i.USB_OTG_USBH_handle_hc_ISR)
    USB_OTG_USBH_handle_hc_ISR               0x00004dcb   Thumb Code    86  usb_hcd_int.o(i.USB_OTG_USBH_handle_hc_ISR)
    i.USB_OTG_USBH_handle_hc_n_In_ISR        0x00004e20   Section        0  usb_hcd_int.o(i.USB_OTG_USBH_handle_hc_n_In_ISR)
    USB_OTG_USBH_handle_hc_n_In_ISR          0x00004e21   Thumb Code  1064  usb_hcd_int.o(i.USB_OTG_USBH_handle_hc_n_In_ISR)
    i.USB_OTG_USBH_handle_hc_n_Out_ISR       0x00005248   Section        0  usb_hcd_int.o(i.USB_OTG_USBH_handle_hc_n_Out_ISR)
    USB_OTG_USBH_handle_hc_n_Out_ISR         0x00005249   Thumb Code   976  usb_hcd_int.o(i.USB_OTG_USBH_handle_hc_n_Out_ISR)
    i.USB_OTG_USBH_handle_nptxfempty_ISR     0x00005618   Section        0  usb_hcd_int.o(i.USB_OTG_USBH_handle_nptxfempty_ISR)
    USB_OTG_USBH_handle_nptxfempty_ISR       0x00005619   Thumb Code   302  usb_hcd_int.o(i.USB_OTG_USBH_handle_nptxfempty_ISR)
    i.USB_OTG_USBH_handle_port_ISR           0x00005748   Section        0  usb_hcd_int.o(i.USB_OTG_USBH_handle_port_ISR)
    USB_OTG_USBH_handle_port_ISR             0x00005749   Thumb Code   282  usb_hcd_int.o(i.USB_OTG_USBH_handle_port_ISR)
    i.USB_OTG_USBH_handle_ptxfempty_ISR      0x00005868   Section        0  usb_hcd_int.o(i.USB_OTG_USBH_handle_ptxfempty_ISR)
    USB_OTG_USBH_handle_ptxfempty_ISR        0x00005869   Thumb Code   302  usb_hcd_int.o(i.USB_OTG_USBH_handle_ptxfempty_ISR)
    i.USB_OTG_USBH_handle_rx_qlvl_ISR        0x00005996   Section        0  usb_hcd_int.o(i.USB_OTG_USBH_handle_rx_qlvl_ISR)
    USB_OTG_USBH_handle_rx_qlvl_ISR          0x00005997   Thumb Code   356  usb_hcd_int.o(i.USB_OTG_USBH_handle_rx_qlvl_ISR)
    i.USB_OTG_USBH_handle_sof_ISR            0x00005afc   Section        0  usb_hcd_int.o(i.USB_OTG_USBH_handle_sof_ISR)
    USB_OTG_USBH_handle_sof_ISR              0x00005afd   Thumb Code    38  usb_hcd_int.o(i.USB_OTG_USBH_handle_sof_ISR)
    i.USB_OTG_WritePacket                    0x00005b28   Section        0  usb_core.o(i.USB_OTG_WritePacket)
    i.UsageFault_Handler                     0x00005b68   Section        0  stm32fxxx_it.o(i.UsageFault_Handler)
    i.__0printf$8                            0x00005b6c   Section        0  printf8.o(i.__0printf$8)
    i.__scatterload_copy                     0x00005b8c   Section       14  handlers.o(i.__scatterload_copy)
    i.__scatterload_null                     0x00005b9a   Section        2  handlers.o(i.__scatterload_null)
    i.__scatterload_zeroinit                 0x00005b9c   Section       14  handlers.o(i.__scatterload_zeroinit)
    i._printf_core                           0x00005bac   Section        0  printf8.o(i._printf_core)
    _printf_core                             0x00005bad   Thumb Code   988  printf8.o(i._printf_core)
    i._printf_post_padding                   0x00005fb4   Section        0  printf8.o(i._printf_post_padding)
    _printf_post_padding                     0x00005fb5   Thumb Code    38  printf8.o(i._printf_post_padding)
    i._printf_pre_padding                    0x00005fda   Section        0  printf8.o(i._printf_pre_padding)
    _printf_pre_padding                      0x00005fdb   Thumb Code    48  printf8.o(i._printf_pre_padding)
    i.check_fs                               0x0000600c   Section        0  ff.o(i.check_fs)
    check_fs                                 0x0000600d   Thumb Code   138  ff.o(i.check_fs)
    i.chk_chr                                0x0000609c   Section        0  ff.o(i.chk_chr)
    chk_chr                                  0x0000609d   Thumb Code    20  ff.o(i.chk_chr)
    i.chk_mounted                            0x000060b0   Section        0  ff.o(i.chk_mounted)
    i.clust2sect                             0x00006398   Section        0  ff.o(i.clust2sect)
    i.create_chain                           0x000063b2   Section        0  ff.o(i.create_chain)
    create_chain                             0x000063b3   Thumb Code   182  ff.o(i.create_chain)
    i.create_name                            0x00006468   Section        0  ff.o(i.create_name)
    create_name                              0x00006469   Thumb Code   248  ff.o(i.create_name)
    i.delay                                  0x00006570   Section        0  stm324xg_eval_lcd.o(i.delay)
    delay                                    0x00006571   Thumb Code    32  stm324xg_eval_lcd.o(i.delay)
    i.dir_find                               0x00006594   Section        0  ff.o(i.dir_find)
    dir_find                                 0x00006595   Thumb Code    92  ff.o(i.dir_find)
    i.dir_next                               0x000065f0   Section        0  ff.o(i.dir_next)
    dir_next                                 0x000065f1   Thumb Code   274  ff.o(i.dir_next)
    i.dir_read                               0x00006702   Section        0  ff.o(i.dir_read)
    dir_read                                 0x00006703   Thumb Code    86  ff.o(i.dir_read)
    i.dir_register                           0x00006758   Section        0  ff.o(i.dir_register)
    dir_register                             0x00006759   Thumb Code   120  ff.o(i.dir_register)
    i.dir_seek                               0x000067d0   Section        0  ff.o(i.dir_seek)
    dir_seek                                 0x000067d1   Thumb Code   156  ff.o(i.dir_seek)
    i.disk_initialize                        0x0000686c   Section        0  usbh_msc_fatfs.o(i.disk_initialize)
    i.disk_ioctl                             0x00006894   Section        0  usbh_msc_fatfs.o(i.disk_ioctl)
    i.disk_read                              0x000068f4   Section        0  usbh_msc_fatfs.o(i.disk_read)
    i.disk_status                            0x00006960   Section        0  usbh_msc_fatfs.o(i.disk_status)
    i.disk_write                             0x00006974   Section        0  usbh_msc_fatfs.o(i.disk_write)
    i.f_close                                0x000069f0   Section        0  ff.o(i.f_close)
    i.f_lseek                                0x00006a06   Section        0  ff.o(i.f_lseek)
    i.f_mount                                0x00006bc8   Section        0  ff.o(i.f_mount)
    i.f_open                                 0x00006bf4   Section        0  ff.o(i.f_open)
    i.f_opendir                              0x00006d7c   Section        0  ff.o(i.f_opendir)
    i.f_read                                 0x00006de4   Section        0  ff.o(i.f_read)
    i.f_readdir                              0x00006fb4   Section        0  ff.o(i.f_readdir)
    i.f_sync                                 0x0000700c   Section        0  ff.o(i.f_sync)
    i.f_write                                0x000070c2   Section        0  ff.o(i.f_write)
    i.follow_path                            0x000072d0   Section        0  ff.o(i.follow_path)
    follow_path                              0x000072d1   Thumb Code   166  ff.o(i.follow_path)
    i.fputc                                  0x00007376   Section        0  fputc.o(i.fputc)
    i.get_fat                                0x00007388   Section        0  ff.o(i.get_fat)
    i.get_fattime                            0x0000749a   Section        0  fattime.o(i.get_fattime)
    i.get_fileinfo                           0x0000749e   Section        0  ff.o(i.get_fileinfo)
    get_fileinfo                             0x0000749f   Thumb Code   152  ff.o(i.get_fileinfo)
    i.main                                   0x00007538   Section        0  main.o(i.main)
    i.mem_cmp                                0x00007594   Section        0  ff.o(i.mem_cmp)
    mem_cmp                                  0x00007595   Thumb Code    38  ff.o(i.mem_cmp)
    i.mem_cpy                                0x000075ba   Section        0  ff.o(i.mem_cpy)
    mem_cpy                                  0x000075bb   Thumb Code    26  ff.o(i.mem_cpy)
    i.mem_set                                0x000075d4   Section        0  ff.o(i.mem_set)
    mem_set                                  0x000075d5   Thumb Code    20  ff.o(i.mem_set)
    i.move_window                            0x000075e8   Section        0  ff.o(i.move_window)
    move_window                              0x000075e9   Thumb Code   114  ff.o(i.move_window)
    i.put_fat                                0x0000765a   Section        0  ff.o(i.put_fat)
    i.remove_chain                           0x000077a4   Section        0  ff.o(i.remove_chain)
    remove_chain                             0x000077a5   Thumb Code   104  ff.o(i.remove_chain)
    i.sync                                   0x0000780c   Section        0  ff.o(i.sync)
    sync                                     0x0000780d   Thumb Code   202  ff.o(i.sync)
    i.validate                               0x000078d6   Section        0  ff.o(i.validate)
    validate                                 0x000078d7   Thumb Code    42  ff.o(i.validate)
    .constdata                               0x00007900   Section      410  usbh_usr.o(.constdata)
    .constdata                               0x00007a9c   Section      194  ff.o(.constdata)
    cvt                                      0x00007a9c   Data         128  ff.o(.constdata)
    sstbl                                    0x00007b1c   Data          44  ff.o(.constdata)
    cstbl                                    0x00007b48   Data          22  ff.o(.constdata)
    .constdata                               0x00007b5e   Section    10704  stm324xg_eval_lcd.o(.constdata)
    .constdata                               0x0000a530   Section       92  stm324xg_eval.o(.constdata)
    .data                                    0x20000000   Section        5  usb_bsp.o(.data)
    .data                                    0x20000008   Section       84  usbh_usr.o(.data)
    startup                                  0x20000054   Data           1  usbh_usr.o(.data)
    i                                        0x20000058   Data           4  usbh_usr.o(.data)
    .data                                    0x2000005c   Section        3  usbh_stdreq.o(.data)
    prev_ep_size                             0x2000005c   Data           2  usbh_stdreq.o(.data)
    prev_itf                                 0x2000005e   Data           1  usbh_stdreq.o(.data)
    .data                                    0x20000060   Section       18  usbh_core.o(.data)
    timeout                                  0x20000070   Data           2  usbh_core.o(.data)
    .data                                    0x20000072   Section        1  usbh_msc_scsi.o(.data)
    status                                   0x20000072   Data           1  usbh_msc_scsi.o(.data)
    .data                                    0x20000074   Section       20  usbh_msc_bot.o(.data)
    remainingDataLength                      0x20000074   Data           4  usbh_msc_bot.o(.data)
    datapointer                              0x20000078   Data           4  usbh_msc_bot.o(.data)
    datapointer_prev                         0x2000007c   Data           4  usbh_msc_bot.o(.data)
    error_direction                          0x20000080   Data           1  usbh_msc_bot.o(.data)
    BOTStallErrorCount                       0x20000084   Data           4  usbh_msc_bot.o(.data)
    .data                                    0x20000088   Section       30  usbh_msc_core.o(.data)
    maxLunExceed                             0x2000009c   Data           1  usbh_msc_core.o(.data)
    .data                                    0x200000a6   Section        1  usbh_msc_fatfs.o(.data)
    Stat                                     0x200000a6   Data           1  usbh_msc_fatfs.o(.data)
    .data                                    0x200000a8   Section       10  ff.o(.data)
    FatFs                                    0x200000a8   Data           8  ff.o(.data)
    Fsid                                     0x200000b0   Data           2  ff.o(.data)
    .data                                    0x200000b2   Section       18  lcd_log.o(.data)
    .data                                    0x200000c4   Section       40  stm324xg_eval_lcd.o(.data)
    LCD_Currentfonts                         0x200000e8   Data           4  stm324xg_eval_lcd.o(.data)
    .data                                    0x200000ec   Section       44  stm324xg_eval.o(.data)
    .data                                    0x20000118   Section        4  stdout.o(.data)
    .bss                                     0x2000011c   Section     1584  main.o(.bss)
    .bss                                     0x2000074c   Section     1636  usbh_usr.o(.bss)
    .bss                                     0x20000db0   Section      512  usbh_stdreq.o(.bss)
    .bss                                     0x20000fb0   Section     1040  usbh_msc_scsi.o(.bss)
    .bss                                     0x200013c0   Section       64  usbh_msc_bot.o(.bss)
    .bss                                     0x20001400   Section       74  usbh_msc_core.o(.bss)
    STACK                                    0x20001450   Section     1024  startup_stm32f4xx.o(STACK)

    Global Symbols

    Symbol Name                              Value     Ov Type        Size  Object(Section)

    BuildAttributes$$THM_ISAv4$E$P$D$K$B$S$7EM$VFPi3$EXTD16$VFPS$VFMA$PE$A:L22UL41UL21$X:L11$S22US41US21$IEEE1$IW$USESV6$~STKCKD$USESV7$~SHL$OSPACE$ROPI$EBA8$MICROLIB$REQ8$PRES8$EABIv2 0x00000000   Number         0  anon$$obj.o ABSOLUTE
    __ARM_use_no_argv                        0x00000000   Number         0  main.o ABSOLUTE
    __Vectors                                0x00000000   Data           4  startup_stm32f4xx.o(RESET)
    _printf_a                                0x00000000   Number         0  stubs.o ABSOLUTE
    _printf_c                                0x00000000   Number         0  stubs.o ABSOLUTE
    _printf_charcount                        0x00000000   Number         0  stubs.o ABSOLUTE
    _printf_d                                0x00000000   Number         0  stubs.o ABSOLUTE
    _printf_e                                0x00000000   Number         0  stubs.o ABSOLUTE
    _printf_f                                0x00000000   Number         0  stubs.o ABSOLUTE
    _printf_flags                            0x00000000   Number         0  stubs.o ABSOLUTE
    _printf_fp_dec                           0x00000000   Number         0  stubs.o ABSOLUTE
    _printf_fp_hex                           0x00000000   Number         0  stubs.o ABSOLUTE
    _printf_g                                0x00000000   Number         0  stubs.o ABSOLUTE
    _printf_i                                0x00000000   Number         0  stubs.o ABSOLUTE
    _printf_int_dec                          0x00000000   Number         0  stubs.o ABSOLUTE
    _printf_l                                0x00000000   Number         0  stubs.o ABSOLUTE
    _printf_lc                               0x00000000   Number         0  stubs.o ABSOLUTE
    _printf_ll                               0x00000000   Number         0  stubs.o ABSOLUTE
    _printf_lld                              0x00000000   Number         0  stubs.o ABSOLUTE
    _printf_lli                              0x00000000   Number         0  stubs.o ABSOLUTE
    _printf_llo                              0x00000000   Number         0  stubs.o ABSOLUTE
    _printf_llu                              0x00000000   Number         0  stubs.o ABSOLUTE
    _printf_llx                              0x00000000   Number         0  stubs.o ABSOLUTE
    _printf_longlong_dec                     0x00000000   Number         0  stubs.o ABSOLUTE
    _printf_longlong_hex                     0x00000000   Number         0  stubs.o ABSOLUTE
    _printf_longlong_oct                     0x00000000   Number         0  stubs.o ABSOLUTE
    _printf_ls                               0x00000000   Number         0  stubs.o ABSOLUTE
    _printf_mbtowc                           0x00000000   Number         0  stubs.o ABSOLUTE
    _printf_n                                0x00000000   Number         0  stubs.o ABSOLUTE
    _printf_o                                0x00000000   Number         0  stubs.o ABSOLUTE
    _printf_p                                0x00000000   Number         0  stubs.o ABSOLUTE
    _printf_percent                          0x00000000   Number         0  stubs.o ABSOLUTE
    _printf_pre_padding                      0x00000000   Number         0  stubs.o ABSOLUTE
    _printf_return_value                     0x00000000   Number         0  stubs.o ABSOLUTE
    _printf_s                                0x00000000   Number         0  stubs.o ABSOLUTE
    _printf_sizespec                         0x00000000   Number         0  stubs.o ABSOLUTE
    _printf_str                              0x00000000   Number         0  stubs.o ABSOLUTE
    _printf_truncate_signed                  0x00000000   Number         0  stubs.o ABSOLUTE
    _printf_truncate_unsigned                0x00000000   Number         0  stubs.o ABSOLUTE
    _printf_u                                0x00000000   Number         0  stubs.o ABSOLUTE
    _printf_wc                               0x00000000   Number         0  stubs.o ABSOLUTE
    _printf_wctomb                           0x00000000   Number         0  stubs.o ABSOLUTE
    _printf_widthprec                        0x00000000   Number         0  stubs.o ABSOLUTE
    _printf_x                                0x00000000   Number         0  stubs.o ABSOLUTE
    __cpp_initialize__aeabi_                  - Undefined Weak Reference
    __cxa_finalize                            - Undefined Weak Reference
    __decompress                              - Undefined Weak Reference
    _clock_init                               - Undefined Weak Reference
    _microlib_exit                            - Undefined Weak Reference
    __Vectors_End                            0x00000188   Data           0  startup_stm32f4xx.o(RESET)
    __Vectors_Size                           0x00000188   Number         0  startup_stm32f4xx.o ABSOLUTE
    __main                                   0x00000189   Thumb Code     0  entry.o(.ARM.Collect$$$$00000000)
    _main_stk                                0x00000189   Thumb Code     0  entry2.o(.ARM.Collect$$$$00000001)
    _main_scatterload                        0x0000018d   Thumb Code     0  entry5.o(.ARM.Collect$$$$00000004)
    __main_after_scatterload                 0x00000191   Thumb Code     0  entry5.o(.ARM.Collect$$$$00000004)
    _main_clock                              0x00000191   Thumb Code     0  entry7b.o(.ARM.Collect$$$$00000008)
    _main_cpp_init                           0x00000191   Thumb Code     0  entry8b.o(.ARM.Collect$$$$0000000A)
    _main_init                               0x00000191   Thumb Code     0  entry9a.o(.ARM.Collect$$$$0000000B)
    __rt_final_cpp                           0x00000199   Thumb Code     0  entry10a.o(.ARM.Collect$$$$0000000D)
    __rt_final_exit                          0x00000199   Thumb Code     0  entry11a.o(.ARM.Collect$$$$0000000F)
    Reset_Handler                            0x0000019d   Thumb Code     8  startup_stm32f4xx.o(.text)
    SysTick_Handler                          0x000001b5   Thumb Code     2  startup_stm32f4xx.o(.text)
    ADC_IRQHandler                           0x000001b7   Thumb Code     0  startup_stm32f4xx.o(.text)
    CAN1_RX0_IRQHandler                      0x000001b7   Thumb Code     0  startup_stm32f4xx.o(.text)
    CAN1_RX1_IRQHandler                      0x000001b7   Thumb Code     0  startup_stm32f4xx.o(.text)
    CAN1_SCE_IRQHandler                      0x000001b7   Thumb Code     0  startup_stm32f4xx.o(.text)
    CAN1_TX_IRQHandler                       0x000001b7   Thumb Code     0  startup_stm32f4xx.o(.text)
    CAN2_RX0_IRQHandler                      0x000001b7   Thumb Code     0  startup_stm32f4xx.o(.text)
    CAN2_RX1_IRQHandler                      0x000001b7   Thumb Code     0  startup_stm32f4xx.o(.text)
    CAN2_SCE_IRQHandler                      0x000001b7   Thumb Code     0  startup_stm32f4xx.o(.text)
    CAN2_TX_IRQHandler                       0x000001b7   Thumb Code     0  startup_stm32f4xx.o(.text)
    CRYP_IRQHandler                          0x000001b7   Thumb Code     0  startup_stm32f4xx.o(.text)
    DCMI_IRQHandler                          0x000001b7   Thumb Code     0  startup_stm32f4xx.o(.text)
    DMA1_Stream0_IRQHandler                  0x000001b7   Thumb Code     0  startup_stm32f4xx.o(.text)
    DMA1_Stream1_IRQHandler                  0x000001b7   Thumb Code     0  startup_stm32f4xx.o(.text)
    DMA1_Stream2_IRQHandler                  0x000001b7   Thumb Code     0  startup_stm32f4xx.o(.text)
    DMA1_Stream3_IRQHandler                  0x000001b7   Thumb Code     0  startup_stm32f4xx.o(.text)
    DMA1_Stream4_IRQHandler                  0x000001b7   Thumb Code     0  startup_stm32f4xx.o(.text)
    DMA1_Stream5_IRQHandler                  0x000001b7   Thumb Code     0  startup_stm32f4xx.o(.text)
    DMA1_Stream6_IRQHandler                  0x000001b7   Thumb Code     0  startup_stm32f4xx.o(.text)
    DMA1_Stream7_IRQHandler                  0x000001b7   Thumb Code     0  startup_stm32f4xx.o(.text)
    DMA2_Stream0_IRQHandler                  0x000001b7   Thumb Code     0  startup_stm32f4xx.o(.text)
    DMA2_Stream1_IRQHandler                  0x000001b7   Thumb Code     0  startup_stm32f4xx.o(.text)
    DMA2_Stream2_IRQHandler                  0x000001b7   Thumb Code     0  startup_stm32f4xx.o(.text)
    DMA2_Stream3_IRQHandler                  0x000001b7   Thumb Code     0  startup_stm32f4xx.o(.text)
    DMA2_Stream4_IRQHandler                  0x000001b7   Thumb Code     0  startup_stm32f4xx.o(.text)
    DMA2_Stream5_IRQHandler                  0x000001b7   Thumb Code     0  startup_stm32f4xx.o(.text)
    DMA2_Stream6_IRQHandler                  0x000001b7   Thumb Code     0  startup_stm32f4xx.o(.text)
    DMA2_Stream7_IRQHandler                  0x000001b7   Thumb Code     0  startup_stm32f4xx.o(.text)
    ETH_IRQHandler                           0x000001b7   Thumb Code     0  startup_stm32f4xx.o(.text)
    ETH_WKUP_IRQHandler                      0x000001b7   Thumb Code     0  startup_stm32f4xx.o(.text)
    EXTI0_IRQHandler                         0x000001b7   Thumb Code     0  startup_stm32f4xx.o(.text)
    EXTI15_10_IRQHandler                     0x000001b7   Thumb Code     0  startup_stm32f4xx.o(.text)
    EXTI2_IRQHandler                         0x000001b7   Thumb Code     0  startup_stm32f4xx.o(.text)
    EXTI3_IRQHandler                         0x000001b7   Thumb Code     0  startup_stm32f4xx.o(.text)
    EXTI4_IRQHandler                         0x000001b7   Thumb Code     0  startup_stm32f4xx.o(.text)
    EXTI9_5_IRQHandler                       0x000001b7   Thumb Code     0  startup_stm32f4xx.o(.text)
    FLASH_IRQHandler                         0x000001b7   Thumb Code     0  startup_stm32f4xx.o(.text)
    FPU_IRQHandler                           0x000001b7   Thumb Code     0  startup_stm32f4xx.o(.text)
    FSMC_IRQHandler                          0x000001b7   Thumb Code     0  startup_stm32f4xx.o(.text)
    HASH_RNG_IRQHandler                      0x000001b7   Thumb Code     0  startup_stm32f4xx.o(.text)
    I2C1_ER_IRQHandler                       0x000001b7   Thumb Code     0  startup_stm32f4xx.o(.text)
    I2C1_EV_IRQHandler                       0x000001b7   Thumb Code     0  startup_stm32f4xx.o(.text)
    I2C2_ER_IRQHandler                       0x000001b7   Thumb Code     0  startup_stm32f4xx.o(.text)
    I2C2_EV_IRQHandler                       0x000001b7   Thumb Code     0  startup_stm32f4xx.o(.text)
    I2C3_ER_IRQHandler                       0x000001b7   Thumb Code     0  startup_stm32f4xx.o(.text)
    I2C3_EV_IRQHandler                       0x000001b7   Thumb Code     0  startup_stm32f4xx.o(.text)
    OTG_FS_WKUP_IRQHandler                   0x000001b7   Thumb Code     0  startup_stm32f4xx.o(.text)
    OTG_HS_EP1_IN_IRQHandler                 0x000001b7   Thumb Code     0  startup_stm32f4xx.o(.text)
    OTG_HS_EP1_OUT_IRQHandler                0x000001b7   Thumb Code     0  startup_stm32f4xx.o(.text)
    OTG_HS_IRQHandler                        0x000001b7   Thumb Code     0  startup_stm32f4xx.o(.text)
    OTG_HS_WKUP_IRQHandler                   0x000001b7   Thumb Code     0  startup_stm32f4xx.o(.text)
    PVD_IRQHandler                           0x000001b7   Thumb Code     0  startup_stm32f4xx.o(.text)
    RCC_IRQHandler                           0x000001b7   Thumb Code     0  startup_stm32f4xx.o(.text)
    RTC_Alarm_IRQHandler                     0x000001b7   Thumb Code     0  startup_stm32f4xx.o(.text)
    RTC_WKUP_IRQHandler                      0x000001b7   Thumb Code     0  startup_stm32f4xx.o(.text)
    SDIO_IRQHandler                          0x000001b7   Thumb Code     0  startup_stm32f4xx.o(.text)
    SPI1_IRQHandler                          0x000001b7   Thumb Code     0  startup_stm32f4xx.o(.text)
    SPI2_IRQHandler                          0x000001b7   Thumb Code     0  startup_stm32f4xx.o(.text)
    SPI3_IRQHandler                          0x000001b7   Thumb Code     0  startup_stm32f4xx.o(.text)
    TAMP_STAMP_IRQHandler                    0x000001b7   Thumb Code     0  startup_stm32f4xx.o(.text)
    TIM1_BRK_TIM9_IRQHandler                 0x000001b7   Thumb Code     0  startup_stm32f4xx.o(.text)
    TIM1_CC_IRQHandler                       0x000001b7   Thumb Code     0  startup_stm32f4xx.o(.text)
    TIM1_TRG_COM_TIM11_IRQHandler            0x000001b7   Thumb Code     0  startup_stm32f4xx.o(.text)
    TIM1_UP_TIM10_IRQHandler                 0x000001b7   Thumb Code     0  startup_stm32f4xx.o(.text)
    TIM3_IRQHandler                          0x000001b7   Thumb Code     0  startup_stm32f4xx.o(.text)
    TIM4_IRQHandler                          0x000001b7   Thumb Code     0  startup_stm32f4xx.o(.text)
    TIM5_IRQHandler                          0x000001b7   Thumb Code     0  startup_stm32f4xx.o(.text)
    TIM6_DAC_IRQHandler                      0x000001b7   Thumb Code     0  startup_stm32f4xx.o(.text)
    TIM7_IRQHandler                          0x000001b7   Thumb Code     0  startup_stm32f4xx.o(.text)
    TIM8_BRK_TIM12_IRQHandler                0x000001b7   Thumb Code     0  startup_stm32f4xx.o(.text)
    TIM8_CC_IRQHandler                       0x000001b7   Thumb Code     0  startup_stm32f4xx.o(.text)
    TIM8_TRG_COM_TIM14_IRQHandler            0x000001b7   Thumb Code     0  startup_stm32f4xx.o(.text)
    TIM8_UP_TIM13_IRQHandler                 0x000001b7   Thumb Code     0  startup_stm32f4xx.o(.text)
    UART4_IRQHandler                         0x000001b7   Thumb Code     0  startup_stm32f4xx.o(.text)
    UART5_IRQHandler                         0x000001b7   Thumb Code     0  startup_stm32f4xx.o(.text)
    USART1_IRQHandler                        0x000001b7   Thumb Code     0  startup_stm32f4xx.o(.text)
    USART2_IRQHandler                        0x000001b7   Thumb Code     0  startup_stm32f4xx.o(.text)
    USART3_IRQHandler                        0x000001b7   Thumb Code     0  startup_stm32f4xx.o(.text)
    USART6_IRQHandler                        0x000001b7   Thumb Code     0  startup_stm32f4xx.o(.text)
    WWDG_IRQHandler                          0x000001b7   Thumb Code     0  startup_stm32f4xx.o(.text)
    __aeabi_memcpy                           0x000001c1   Thumb Code    36  memcpya.o(.text)
    __aeabi_memcpy4                          0x000001c1   Thumb Code     0  memcpya.o(.text)
    __aeabi_memcpy8                          0x000001c1   Thumb Code     0  memcpya.o(.text)
    strcat                                   0x000001e5   Thumb Code    24  strcat.o(.text)
    strstr                                   0x000001fd   Thumb Code    36  strstr.o(.text)
    strcpy                                   0x00000221   Thumb Code    18  strcpy.o(.text)
    __aeabi_uldivmod                         0x00000233   Thumb Code    98  uldiv.o(.text)
    __scatterload                            0x00000295   Thumb Code    28  init.o(.text)
    __scatterload_rt2                        0x00000295   Thumb Code     0  init.o(.text)
    __aeabi_llsl                             0x000002b9   Thumb Code    30  llshl.o(.text)
    __semihosting_library_function           0x000002b9   Thumb Code     0  semi.o(.text)
    _ll_shift_l                              0x000002b9   Thumb Code     0  llshl.o(.text)
    __aeabi_llsr                             0x000002d7   Thumb Code    32  llushr.o(.text)
    _ll_ushift_r                             0x000002d7   Thumb Code     0  llushr.o(.text)
    __I$use$semihosting$fputc                0x000002f7   Thumb Code     0  iusesemip.o(.text)
    BusFault_Handler                         0x0000038f   Thumb Code     4  stm32fxxx_it.o(i.BusFault_Handler)
    DebugMon_Handler                         0x00000393   Thumb Code     2  stm32fxxx_it.o(i.DebugMon_Handler)
    EXTI1_IRQHandler                         0x00000395   Thumb Code    28  stm32fxxx_it.o(i.EXTI1_IRQHandler)
    EXTI_ClearITPendingBit                   0x000003b5   Thumb Code     6  stm32f4xx_exti.o(i.EXTI_ClearITPendingBit)
    EXTI_GetITStatus                         0x000003c1   Thumb Code    34  stm32f4xx_exti.o(i.EXTI_GetITStatus)
    EXTI_Init                                0x000003e9   Thumb Code   142  stm32f4xx_exti.o(i.EXTI_Init)
    FSMC_NORSRAMCmd                          0x00000629   Thumb Code    46  stm32f4xx_fsmc.o(i.FSMC_NORSRAMCmd)
    FSMC_NORSRAMInit                         0x0000065d   Thumb Code   224  stm32f4xx_fsmc.o(i.FSMC_NORSRAMInit)
    GPIO_Init                                0x0000073d   Thumb Code   144  stm32f4xx_gpio.o(i.GPIO_Init)
    GPIO_PinAFConfig                         0x000007cd   Thumb Code    70  stm32f4xx_gpio.o(i.GPIO_PinAFConfig)
    GPIO_ReadInputDataBit                    0x00000813   Thumb Code    18  stm32f4xx_gpio.o(i.GPIO_ReadInputDataBit)
    GPIO_ResetBits                           0x00000825   Thumb Code     4  stm32f4xx_gpio.o(i.GPIO_ResetBits)
    GPIO_SetBits                             0x00000829   Thumb Code     4  stm32f4xx_gpio.o(i.GPIO_SetBits)
    HCD_GetCurrentFrame                      0x0000082d   Thumb Code    10  usb_hcd.o(i.HCD_GetCurrentFrame)
    HCD_GetCurrentSpeed                      0x00000837   Thumb Code    20  usb_hcd.o(i.HCD_GetCurrentSpeed)
    HCD_GetURB_State                         0x0000084b   Thumb Code    10  usb_hcd.o(i.HCD_GetURB_State)
    HCD_GetXferCnt                           0x00000855   Thumb Code    12  usb_hcd.o(i.HCD_GetXferCnt)
    HCD_Init                                 0x00000861   Thumb Code    96  usb_hcd.o(i.HCD_Init)
    HCD_IsDeviceConnected                    0x000008c1   Thumb Code     8  usb_hcd.o(i.HCD_IsDeviceConnected)
    HCD_ResetPort                            0x000008c9   Thumb Code    14  usb_hcd.o(i.HCD_ResetPort)
    HCD_SubmitRequest                        0x000008d7   Thumb Code    32  usb_hcd.o(i.HCD_SubmitRequest)
    HardFault_Handler                        0x000008f7   Thumb Code     4  stm32fxxx_it.o(i.HardFault_Handler)
    LCD_Clear                                0x00000a35   Thumb Code    40  stm324xg_eval_lcd.o(i.LCD_Clear)
    LCD_ClearLine                            0x00000a5d   Thumb Code    46  stm324xg_eval_lcd.o(i.LCD_ClearLine)
    LCD_CtrlLinesConfig                      0x00000a91   Thumb Code   286  stm324xg_eval_lcd.o(i.LCD_CtrlLinesConfig)
    LCD_DisplayChar                          0x00000bc1   Thumb Code    42  stm324xg_eval_lcd.o(i.LCD_DisplayChar)
    LCD_DisplayStringLine                    0x00000bf1   Thumb Code    70  stm324xg_eval_lcd.o(i.LCD_DisplayStringLine)
    LCD_DrawChar                             0x00000c3d   Thumb Code   160  stm324xg_eval_lcd.o(i.LCD_DrawChar)
    LCD_FSMCConfig                           0x00000ce9   Thumb Code    98  stm324xg_eval_lcd.o(i.LCD_FSMCConfig)
    LCD_GetFont                              0x00000d4d   Thumb Code     6  stm324xg_eval_lcd.o(i.LCD_GetFont)
    LCD_LOG_ClearTextZone                    0x00000d59   Thumb Code    40  lcd_log.o(i.LCD_LOG_ClearTextZone)
    LCD_LOG_DeInit                           0x00000d81   Thumb Code    56  lcd_log.o(i.LCD_LOG_DeInit)
    LCD_LOG_Init                             0x00000de5   Thumb Code    14  lcd_log.o(i.LCD_LOG_Init)
    LCD_LOG_SetFooter                        0x00000df3   Thumb Code   100  lcd_log.o(i.LCD_LOG_SetFooter)
    LCD_LOG_SetHeader                        0x00000e59   Thumb Code   144  lcd_log.o(i.LCD_LOG_SetHeader)
    LCD_ReadReg                              0x00000ef1   Thumb Code    12  stm324xg_eval_lcd.o(i.LCD_ReadReg)
    LCD_SetBackColor                         0x00000efd   Thumb Code    12  stm324xg_eval_lcd.o(i.LCD_SetBackColor)
    LCD_SetCursor                            0x00000f0d   Thumb Code    24  stm324xg_eval_lcd.o(i.LCD_SetCursor)
    LCD_SetDisplayWindow                     0x00000f25   Thumb Code    88  stm324xg_eval_lcd.o(i.LCD_SetDisplayWindow)
    LCD_SetFont                              0x00000f7d   Thumb Code     6  stm324xg_eval_lcd.o(i.LCD_SetFont)
    LCD_SetTextColor                         0x00000f89   Thumb Code    12  stm324xg_eval_lcd.o(i.LCD_SetTextColor)
    LCD_WriteRAM                             0x00000f99   Thumb Code     8  stm324xg_eval_lcd.o(i.LCD_WriteRAM)
    LCD_WriteRAM_Prepare                     0x00000fa1   Thumb Code    10  stm324xg_eval_lcd.o(i.LCD_WriteRAM_Prepare)
    LCD_WriteReg                             0x00000fab   Thumb Code    10  stm324xg_eval_lcd.o(i.LCD_WriteReg)
    MemManage_Handler                        0x00000fb5   Thumb Code     4  stm32fxxx_it.o(i.MemManage_Handler)
    NMI_Handler                              0x00000fb9   Thumb Code     2  stm32fxxx_it.o(i.NMI_Handler)
    NVIC_Init                                0x00000fbd   Thumb Code   108  misc.o(i.NVIC_Init)
    NVIC_PriorityGroupConfig                 0x00001035   Thumb Code    10  misc.o(i.NVIC_PriorityGroupConfig)
    NVIC_SetVectorTable                      0x00001049   Thumb Code    12  misc.o(i.NVIC_SetVectorTable)
    OTG_FS_IRQHandler                        0x0000105d   Thumb Code    10  stm32fxxx_it.o(i.OTG_FS_IRQHandler)
    PendSV_Handler                           0x0000106d   Thumb Code     2  stm32fxxx_it.o(i.PendSV_Handler)
    RCC_AHB1PeriphClockCmd                   0x00001071   Thumb Code    26  stm32f4xx_rcc.o(i.RCC_AHB1PeriphClockCmd)
    RCC_AHB2PeriphClockCmd                   0x00001091   Thumb Code    26  stm32f4xx_rcc.o(i.RCC_AHB2PeriphClockCmd)
    RCC_AHB3PeriphClockCmd                   0x000010b1   Thumb Code    26  stm32f4xx_rcc.o(i.RCC_AHB3PeriphClockCmd)
    RCC_APB1PeriphClockCmd                   0x000010d1   Thumb Code    26  stm32f4xx_rcc.o(i.RCC_APB1PeriphClockCmd)
    RCC_APB2PeriphClockCmd                   0x000010f1   Thumb Code    26  stm32f4xx_rcc.o(i.RCC_APB2PeriphClockCmd)
    STM324xG_LCD_Init                        0x00001111   Thumb Code  1046  stm324xg_eval_lcd.o(i.STM324xG_LCD_Init)
    STM_EVAL_LEDInit                         0x0000152d   Thumb Code    62  stm324xg_eval.o(i.STM_EVAL_LEDInit)
    STM_EVAL_LEDToggle                       0x00001579   Thumb Code    26  stm324xg_eval.o(i.STM_EVAL_LEDToggle)
    STM_EVAL_PBGetState                      0x0000159d   Thumb Code    22  stm324xg_eval.o(i.STM_EVAL_PBGetState)
    STM_EVAL_PBInit                          0x000015bd   Thumb Code   156  stm324xg_eval.o(i.STM_EVAL_PBInit)
    SVC_Handler                              0x00001675   Thumb Code     2  stm32fxxx_it.o(i.SVC_Handler)
    SYSCFG_EXTILineConfig                    0x00001679   Thumb Code    60  stm32f4xx_syscfg.o(i.SYSCFG_EXTILineConfig)
    SystemInit                               0x00001829   Thumb Code    88  system_stm32f4xx.o(i.SystemInit)
    TIM2_IRQHandler                          0x00001891   Thumb Code     8  stm32fxxx_it.o(i.TIM2_IRQHandler)
    TIM_ARRPreloadConfig                     0x00001899   Thumb Code    24  stm32f4xx_tim.o(i.TIM_ARRPreloadConfig)
    TIM_ClearITPendingBit                    0x000018b1   Thumb Code     6  stm32f4xx_tim.o(i.TIM_ClearITPendingBit)
    TIM_Cmd                                  0x000018b7   Thumb Code    24  stm32f4xx_tim.o(i.TIM_Cmd)
    TIM_GetITStatus                          0x000018cf   Thumb Code    34  stm32f4xx_tim.o(i.TIM_GetITStatus)
    TIM_ITConfig                             0x000018f1   Thumb Code    18  stm32f4xx_tim.o(i.TIM_ITConfig)
    TIM_TimeBaseInit                         0x00001905   Thumb Code   104  stm32f4xx_tim.o(i.TIM_TimeBaseInit)
    USBH_Alloc_Channel                       0x000019c1   Thumb Code    38  usbh_hcs.o(i.USBH_Alloc_Channel)
    USBH_BulkReceiveData                     0x000019e7   Thumb Code    96  usbh_ioreq.o(i.USBH_BulkReceiveData)
    USBH_BulkSendData                        0x00001a47   Thumb Code    94  usbh_ioreq.o(i.USBH_BulkSendData)
    USBH_ClrFeature                          0x00001aa5   Thumb Code    76  usbh_stdreq.o(i.USBH_ClrFeature)
    USBH_Connected                           0x00001af1   Thumb Code    12  usbh_core.o(i.USBH_Connected)
    USBH_CtlReceiveData                      0x00001afd   Thumb Code    70  usbh_ioreq.o(i.USBH_CtlReceiveData)
    USBH_CtlReq                              0x00001b43   Thumb Code   100  usbh_ioreq.o(i.USBH_CtlReq)
    USBH_CtlSendData                         0x00001ba9   Thumb Code   124  usbh_ioreq.o(i.USBH_CtlSendData)
    USBH_CtlSendSetup                        0x00001c41   Thumb Code    66  usbh_ioreq.o(i.USBH_CtlSendSetup)
    USBH_DeAllocate_AllChannel               0x00001c83   Thumb Code    28  usbh_hcs.o(i.USBH_DeAllocate_AllChannel)
    USBH_DeInit                              0x00001c9f   Thumb Code    58  usbh_core.o(i.USBH_DeInit)
    USBH_Disconnected                        0x00001cd9   Thumb Code    12  usbh_core.o(i.USBH_Disconnected)
    USBH_ErrorHandle                         0x00001ce5   Thumb Code    46  usbh_core.o(i.USBH_ErrorHandle)
    USBH_Free_Channel                        0x00001d13   Thumb Code    30  usbh_hcs.o(i.USBH_Free_Channel)
    USBH_GetDescriptor                       0x00001d31   Thumb Code    68  usbh_stdreq.o(i.USBH_GetDescriptor)
    USBH_GetNextDesc                         0x00001d9d   Thumb Code    18  usbh_stdreq.o(i.USBH_GetNextDesc)
    USBH_Get_CfgDesc                         0x00001db1   Thumb Code    88  usbh_stdreq.o(i.USBH_Get_CfgDesc)
    USBH_Get_DevDesc                         0x00001e0d   Thumb Code    56  usbh_stdreq.o(i.USBH_Get_DevDesc)
    USBH_Get_StringDesc                      0x00001e45   Thumb Code    60  usbh_stdreq.o(i.USBH_Get_StringDesc)
    USBH_HandleControl                       0x00001e81   Thumb Code   544  usbh_core.o(i.USBH_HandleControl)
    USBH_Init                                0x0000232d   Thumb Code    68  usbh_core.o(i.USBH_Init)
    USBH_MSC_BOT_Abort                       0x00002395   Thumb Code    86  usbh_msc_bot.o(i.USBH_MSC_BOT_Abort)
    USBH_MSC_DecodeCSW                       0x00002409   Thumb Code   108  usbh_msc_bot.o(i.USBH_MSC_DecodeCSW)
    USBH_MSC_ErrorHandle                     0x00002489   Thumb Code    58  usbh_msc_core.o(i.USBH_MSC_ErrorHandle)
    USBH_MSC_HandleBOTXfer                   0x000026a1   Thumb Code   812  usbh_msc_bot.o(i.USBH_MSC_HandleBOTXfer)
    USBH_MSC_Init                            0x000029f1   Thumb Code    44  usbh_msc_bot.o(i.USBH_MSC_Init)
    USBH_MSC_ModeSense6                      0x00002b51   Thumb Code   192  usbh_msc_scsi.o(i.USBH_MSC_ModeSense6)
    USBH_MSC_Read10                          0x00002c21   Thumb Code   242  usbh_msc_scsi.o(i.USBH_MSC_Read10)
    USBH_MSC_ReadCapacity10                  0x00002d21   Thumb Code   202  usbh_msc_scsi.o(i.USBH_MSC_ReadCapacity10)
    USBH_MSC_RequestSense                    0x00002dfd   Thumb Code   208  usbh_msc_scsi.o(i.USBH_MSC_RequestSense)
    USBH_MSC_TestUnitReady                   0x00002edd   Thumb Code   162  usbh_msc_scsi.o(i.USBH_MSC_TestUnitReady)
    USBH_MSC_Write10                         0x00002f8d   Thumb Code   218  usbh_msc_scsi.o(i.USBH_MSC_Write10)
    USBH_Modify_Channel                      0x00003071   Thumb Code   100  usbh_hcs.o(i.USBH_Modify_Channel)
    USBH_OTG_ISR_Handler                     0x000030d5   Thumb Code   168  usb_hcd_int.o(i.USBH_OTG_ISR_Handler)
    USBH_Open_Channel                        0x0000317d   Thumb Code   154  usbh_hcs.o(i.USBH_Open_Channel)
    USBH_Process                             0x00003409   Thumb Code   562  usbh_core.o(i.USBH_Process)
    USBH_SOF                                 0x00003765   Thumb Code     6  usbh_core.o(i.USBH_SOF)
    USBH_SetAddress                          0x0000376b   Thumb Code    38  usbh_stdreq.o(i.USBH_SetAddress)
    USBH_SetCfg                              0x00003791   Thumb Code    38  usbh_stdreq.o(i.USBH_SetCfg)
    USBH_USR_Configuration_DescAvailable     0x000037d1   Thumb Code    58  usbh_usr.o(i.USBH_USR_Configuration_DescAvailable)
    USBH_USR_DeInit                          0x00003819   Thumb Code     8  usbh_usr.o(i.USBH_USR_DeInit)
    USBH_USR_DeviceAddressAssigned           0x00003825   Thumb Code     2  usbh_usr.o(i.USBH_USR_DeviceAddressAssigned)
    USBH_USR_DeviceAttached                  0x00003829   Thumb Code    18  usbh_usr.o(i.USBH_USR_DeviceAttached)
    USBH_USR_DeviceDisconnected              0x00003845   Thumb Code    52  usbh_usr.o(i.USBH_USR_DeviceDisconnected)
    USBH_USR_DeviceNotSupported              0x000038b1   Thumb Code    32  usbh_usr.o(i.USBH_USR_DeviceNotSupported)
    USBH_USR_DeviceSpeedDetected             0x000038f5   Thumb Code    78  usbh_usr.o(i.USBH_USR_DeviceSpeedDetected)
    USBH_USR_Device_DescAvailable            0x00003959   Thumb Code    40  usbh_usr.o(i.USBH_USR_Device_DescAvailable)
    USBH_USR_EnumerationDone                 0x000039a5   Thumb Code    50  usbh_usr.o(i.USBH_USR_EnumerationDone)
    USBH_USR_Init                            0x00003a2d   Thumb Code    84  usbh_usr.o(i.USBH_USR_Init)
    USBH_USR_MSC_Application                 0x00003ae1   Thumb Code   554  usbh_usr.o(i.USBH_USR_MSC_Application)
    USBH_USR_Manufacturer_String             0x00003efd   Thumb Code    22  usbh_usr.o(i.USBH_USR_Manufacturer_String)
    USBH_USR_OverCurrentDetected             0x00003f2d   Thumb Code    32  usbh_usr.o(i.USBH_USR_OverCurrentDetected)
    USBH_USR_Product_String                  0x00003f71   Thumb Code    22  usbh_usr.o(i.USBH_USR_Product_String)
    USBH_USR_ResetDevice                     0x00003f9d   Thumb Code     2  usbh_usr.o(i.USBH_USR_ResetDevice)
    USBH_USR_SerialNum_String                0x00003fa1   Thumb Code    22  usbh_usr.o(i.USBH_USR_SerialNum_String)
    USBH_USR_UnrecoveredError                0x00003fd1   Thumb Code    32  usbh_usr.o(i.USBH_USR_UnrecoveredError)
    USBH_USR_UserInput                       0x00004001   Thumb Code    18  usbh_usr.o(i.USBH_USR_UserInput)
    USB_OTG_BSP_ConfigVBUS                   0x00004015   Thumb Code    62  usb_bsp.o(i.USB_OTG_BSP_ConfigVBUS)
    USB_OTG_BSP_DriveVBUS                    0x00004059   Thumb Code    28  usb_bsp.o(i.USB_OTG_BSP_DriveVBUS)
    USB_OTG_BSP_EnableInterrupt              0x00004079   Thumb Code    44  usb_bsp.o(i.USB_OTG_BSP_EnableInterrupt)
    USB_OTG_BSP_Init                         0x000040a5   Thumb Code   174  usb_bsp.o(i.USB_OTG_BSP_Init)
    USB_OTG_BSP_TimerIRQ                     0x00004191   Thumb Code    50  usb_bsp.o(i.USB_OTG_BSP_TimerIRQ)
    USB_OTG_BSP_mDelay                       0x000041c9   Thumb Code    14  usb_bsp.o(i.USB_OTG_BSP_mDelay)
    USB_OTG_BSP_uDelay                       0x000041d7   Thumb Code    14  usb_bsp.o(i.USB_OTG_BSP_uDelay)
    USB_OTG_CoreInit                         0x000041e5   Thumb Code   294  usb_core.o(i.USB_OTG_CoreInit)
    USB_OTG_CoreInitHost                     0x0000430b   Thumb Code   214  usb_core.o(i.USB_OTG_CoreInitHost)
    USB_OTG_DisableGlobalInt                 0x0000444d   Thumb Code    34  usb_core.o(i.USB_OTG_DisableGlobalInt)
    USB_OTG_DriveVbus                        0x0000446f   Thumb Code    92  usb_core.o(i.USB_OTG_DriveVbus)
    USB_OTG_EnableGlobalInt                  0x000044ff   Thumb Code    34  usb_core.o(i.USB_OTG_EnableGlobalInt)
    USB_OTG_EnableHostInt                    0x00004521   Thumb Code   116  usb_core.o(i.USB_OTG_EnableHostInt)
    USB_OTG_FlushRxFifo                      0x00004595   Thumb Code    70  usb_core.o(i.USB_OTG_FlushRxFifo)
    USB_OTG_FlushTxFifo                      0x000045e1   Thumb Code    80  usb_core.o(i.USB_OTG_FlushTxFifo)
    USB_OTG_GetMode                          0x00004635   Thumb Code    12  usb_core.o(i.USB_OTG_GetMode)
    USB_OTG_HC_DoPing                        0x00004641   Thumb Code    90  usb_core.o(i.USB_OTG_HC_DoPing)
    USB_OTG_HC_Halt                          0x0000469b   Thumb Code   130  usb_core.o(i.USB_OTG_HC_Halt)
    USB_OTG_HC_Init                          0x0000471d   Thumb Code   568  usb_core.o(i.USB_OTG_HC_Init)
    USB_OTG_HC_StartXfer                     0x00004955   Thumb Code   502  usb_core.o(i.USB_OTG_HC_StartXfer)
    USB_OTG_InitFSLSPClkSel                  0x00004b4b   Thumb Code    24  usb_core.o(i.USB_OTG_InitFSLSPClkSel)
    USB_OTG_IsEvenFrame                      0x00004b63   Thumb Code    16  usb_core.o(i.USB_OTG_IsEvenFrame)
    USB_OTG_IsHostMode                       0x00004b73   Thumb Code    20  usb_core.o(i.USB_OTG_IsHostMode)
    USB_OTG_ReadCoreItr                      0x00004b87   Thumb Code    16  usb_core.o(i.USB_OTG_ReadCoreItr)
    USB_OTG_ReadHPRT0                        0x00004b97   Thumb Code    48  usb_core.o(i.USB_OTG_ReadHPRT0)
    USB_OTG_ReadHostAllChannels_intr         0x00004bc7   Thumb Code     8  usb_core.o(i.USB_OTG_ReadHostAllChannels_intr)
    USB_OTG_ReadPacket                       0x00004bcf   Thumb Code    40  usb_core.o(i.USB_OTG_ReadPacket)
    USB_OTG_ResetPort                        0x00004bf7   Thumb Code    64  usb_core.o(i.USB_OTG_ResetPort)
    USB_OTG_SelectCore                       0x00004c39   Thumb Code   204  usb_core.o(i.USB_OTG_SelectCore)
    USB_OTG_SetCurrentMode                   0x00004d09   Thumb Code    78  usb_core.o(i.USB_OTG_SetCurrentMode)
    USB_OTG_WritePacket                      0x00005b29   Thumb Code    64  usb_core.o(i.USB_OTG_WritePacket)
    UsageFault_Handler                       0x00005b69   Thumb Code     4  stm32fxxx_it.o(i.UsageFault_Handler)
    __0printf$8                              0x00005b6d   Thumb Code    22  printf8.o(i.__0printf$8)
    __1printf$8                              0x00005b6d   Thumb Code     0  printf8.o(i.__0printf$8)
    __2printf                                0x00005b6d   Thumb Code     0  printf8.o(i.__0printf$8)
    __scatterload_copy                       0x00005b8d   Thumb Code    14  handlers.o(i.__scatterload_copy)
    __scatterload_null                       0x00005b9b   Thumb Code     2  handlers.o(i.__scatterload_null)
    __scatterload_zeroinit                   0x00005b9d   Thumb Code    14  handlers.o(i.__scatterload_zeroinit)
    chk_mounted                              0x000060b1   Thumb Code   726  ff.o(i.chk_mounted)
    clust2sect                               0x00006399   Thumb Code    26  ff.o(i.clust2sect)
    disk_initialize                          0x0000686d   Thumb Code    30  usbh_msc_fatfs.o(i.disk_initialize)
    disk_ioctl                               0x00006895   Thumb Code    86  usbh_msc_fatfs.o(i.disk_ioctl)
    disk_read                                0x000068f5   Thumb Code    96  usbh_msc_fatfs.o(i.disk_read)
    disk_status                              0x00006961   Thumb Code    14  usbh_msc_fatfs.o(i.disk_status)
    disk_write                               0x00006975   Thumb Code   110  usbh_msc_fatfs.o(i.disk_write)
    f_close                                  0x000069f1   Thumb Code    22  ff.o(i.f_close)
    f_lseek                                  0x00006a07   Thumb Code   448  ff.o(i.f_lseek)
    f_mount                                  0x00006bc9   Thumb Code    38  ff.o(i.f_mount)
    f_open                                   0x00006bf5   Thumb Code   392  ff.o(i.f_open)
    f_opendir                                0x00006d7d   Thumb Code   104  ff.o(i.f_opendir)
    f_read                                   0x00006de5   Thumb Code   464  ff.o(i.f_read)
    f_readdir                                0x00006fb5   Thumb Code    88  ff.o(i.f_readdir)
    f_sync                                   0x0000700d   Thumb Code   182  ff.o(i.f_sync)
    f_write                                  0x000070c3   Thumb Code   526  ff.o(i.f_write)
    fputc                                    0x00007377   Thumb Code    18  fputc.o(i.fputc)
    get_fat                                  0x00007389   Thumb Code   274  ff.o(i.get_fat)
    get_fattime                              0x0000749b   Thumb Code     4  fattime.o(i.get_fattime)
    main                                     0x00007539   Thumb Code    74  main.o(i.main)
    put_fat                                  0x0000765b   Thumb Code   330  ff.o(i.put_fat)
    MSG_HOST_INIT                            0x00007900   Data          28  usbh_usr.o(.constdata)
    MSG_DEV_ATTACHED                         0x0000791c   Data          20  usbh_usr.o(.constdata)
    MSG_DEV_DISCONNECTED                     0x00007930   Data          23  usbh_usr.o(.constdata)
    MSG_DEV_ENUMERATED                       0x00007947   Data          26  usbh_usr.o(.constdata)
    MSG_DEV_HIGHSPEED                        0x00007961   Data          30  usbh_usr.o(.constdata)
    MSG_DEV_FULLSPEED                        0x0000797f   Data          30  usbh_usr.o(.constdata)
    MSG_DEV_LOWSPEED                         0x0000799d   Data          29  usbh_usr.o(.constdata)
    MSG_DEV_ERROR                            0x000079ba   Data          17  usbh_usr.o(.constdata)
    MSG_MSC_CLASS                            0x000079cb   Data          33  usbh_usr.o(.constdata)
    MSG_HID_CLASS                            0x000079ec   Data          24  usbh_usr.o(.constdata)
    MSG_DISK_SIZE                            0x00007a04   Data          32  usbh_usr.o(.constdata)
    MSG_LUN                                  0x00007a24   Data          32  usbh_usr.o(.constdata)
    MSG_ROOT_CONT                            0x00007a44   Data          28  usbh_usr.o(.constdata)
    MSG_WR_PROTECT                           0x00007a60   Data          31  usbh_usr.o(.constdata)
    MSG_UNREC_ERROR                          0x00007a7f   Data          27  usbh_usr.o(.constdata)
    ASCII16x24_Table                         0x00007b5e   Data        4560  stm324xg_eval_lcd.o(.constdata)
    ASCII12x12_Table                         0x00008d2e   Data        2304  stm324xg_eval_lcd.o(.constdata)
    ASCII8x12_Table                          0x0000962e   Data        2304  stm324xg_eval_lcd.o(.constdata)
    ASCII8x8_Table                           0x00009f2e   Data        1536  stm324xg_eval_lcd.o(.constdata)
    GPIO_PIN                                 0x0000a530   Data           8  stm324xg_eval.o(.constdata)
    GPIO_CLK                                 0x0000a538   Data          16  stm324xg_eval.o(.constdata)
    BUTTON_PIN                               0x0000a548   Data           6  stm324xg_eval.o(.constdata)
    BUTTON_CLK                               0x0000a550   Data          12  stm324xg_eval.o(.constdata)
    BUTTON_EXTI_LINE                         0x0000a55c   Data           6  stm324xg_eval.o(.constdata)
    BUTTON_PORT_SOURCE                       0x0000a562   Data           6  stm324xg_eval.o(.constdata)
    BUTTON_PIN_SOURCE                        0x0000a568   Data           6  stm324xg_eval.o(.constdata)
    BUTTON_IRQn                              0x0000a56e   Data           6  stm324xg_eval.o(.constdata)
    COM_USART_CLK                            0x0000a574   Data           4  stm324xg_eval.o(.constdata)
    COM_TX_PORT_CLK                          0x0000a578   Data           4  stm324xg_eval.o(.constdata)
    COM_RX_PORT_CLK                          0x0000a57c   Data           4  stm324xg_eval.o(.constdata)
    COM_TX_PIN                               0x0000a580   Data           2  stm324xg_eval.o(.constdata)
    COM_RX_PIN                               0x0000a582   Data           2  stm324xg_eval.o(.constdata)
    COM_TX_PIN_SOURCE                        0x0000a584   Data           2  stm324xg_eval.o(.constdata)
    COM_RX_PIN_SOURCE                        0x0000a586   Data           2  stm324xg_eval.o(.constdata)
    COM_TX_AF                                0x0000a588   Data           2  stm324xg_eval.o(.constdata)
    COM_RX_AF                                0x0000a58a   Data           2  stm324xg_eval.o(.constdata)
    Region$$Table$$Base                      0x0000a58c   Number         0  anon$$obj.o(Region$$Table)
    Region$$Table$$Limit                     0x0000a5ac   Number         0  anon$$obj.o(Region$$Table)
    BSP_delay                                0x20000000   Data           4  usb_bsp.o(.data)
    HSEStartUpStatus                         0x20000004   Data           1  usb_bsp.o(.data)
    USBH_USR_ApplicationState                0x20000008   Data           1  usbh_usr.o(.data)
    line_idx                                 0x20000009   Data           1  usbh_usr.o(.data)
    USR_cb                                   0x2000000c   Data          72  usbh_usr.o(.data)
    USBH_HCD_INT_cb                          0x20000060   Data          12  usbh_core.o(.data)
    USBH_HCD_INT_fops                        0x2000006c   Data           4  usbh_core.o(.data)
    MSCErrorCount                            0x20000088   Data           1  usbh_msc_core.o(.data)
    USBH_MSC_cb                              0x2000008c   Data          16  usbh_msc_core.o(.data)
    MSC_Setup                                0x2000009e   Data           8  usbh_msc_core.o(.data)
    LCD_LineColor                            0x200000b2   Data           2  lcd_log.o(.data)
    LCD_CacheBuffer_xptr                     0x200000b4   Data           2  lcd_log.o(.data)
    LCD_CacheBuffer_yptr_top                 0x200000b6   Data           2  lcd_log.o(.data)
    LCD_CacheBuffer_yptr_bottom              0x200000b8   Data           2  lcd_log.o(.data)
    LCD_CacheBuffer_yptr_top_bak             0x200000ba   Data           2  lcd_log.o(.data)
    LCD_CacheBuffer_yptr_bottom_bak          0x200000bc   Data           2  lcd_log.o(.data)
    LCD_CacheBuffer_yptr_invert              0x200000be   Data           1  lcd_log.o(.data)
    LCD_ScrollActive                         0x200000bf   Data           1  lcd_log.o(.data)
    LCD_Lock                                 0x200000c0   Data           1  lcd_log.o(.data)
    LCD_Scrolled                             0x200000c1   Data           1  lcd_log.o(.data)
    LCD_ScrollBackStep                       0x200000c2   Data           2  lcd_log.o(.data)
    Font16x24                                0x200000c4   Data           8  stm324xg_eval_lcd.o(.data)
    Font12x12                                0x200000cc   Data           8  stm324xg_eval_lcd.o(.data)
    Font8x12                                 0x200000d4   Data           8  stm324xg_eval_lcd.o(.data)
    Font8x8                                  0x200000dc   Data           8  stm324xg_eval_lcd.o(.data)
    TextColor                                0x200000e4   Data           2  stm324xg_eval_lcd.o(.data)
    BackColor                                0x200000e6   Data           2  stm324xg_eval_lcd.o(.data)
    GPIO_PORT                                0x200000ec   Data          16  stm324xg_eval.o(.data)
    BUTTON_PORT                              0x200000fc   Data          12  stm324xg_eval.o(.data)
    COM_USART                                0x20000108   Data           4  stm324xg_eval.o(.data)
    COM_TX_PORT                              0x2000010c   Data           4  stm324xg_eval.o(.data)
    COM_RX_PORT                              0x20000110   Data           4  stm324xg_eval.o(.data)
    NVIC_InitStructure                       0x20000114   Data           4  stm324xg_eval.o(.data)
    __stdout                                 0x20000118   Data           4  stdout.o(.data)
    USB_OTG_Core                             0x2000011c   Data        1452  main.o(.bss)
    USB_Host                                 0x200006c8   Data         132  main.o(.bss)
    filenameString                           0x2000074c   Data          15  usbh_usr.o(.bss)
    fatfs                                    0x2000075c   Data         560  usbh_usr.o(.bss)
    file                                     0x2000098c   Data         548  usbh_usr.o(.bss)
    Image_Buf                                0x20000bb0   Data         512  usbh_usr.o(.bss)
    USBH_CfgDesc                             0x20000db0   Data         512  usbh_stdreq.o(.bss)
    USBH_MSC_Param                           0x20000fb0   Data          16  usbh_msc_scsi.o(.bss)
    USBH_DataInBuffer                        0x20000fc0   Data         512  usbh_msc_scsi.o(.bss)
    USBH_DataOutBuffer                       0x200011c0   Data         512  usbh_msc_scsi.o(.bss)
    USBH_MSC_CBWData                         0x200013c0   Data          32  usbh_msc_bot.o(.bss)
    USBH_MSC_CSWData                         0x200013e0   Data          16  usbh_msc_bot.o(.bss)
    USBH_MSC_BOTXferParam                    0x200013f0   Data          16  usbh_msc_bot.o(.bss)
    MSC_Machine                              0x20001400   Data          74  usbh_msc_core.o(.bss)
    __initial_sp                             0x20001850   Data           0  startup_stm32f4xx.o(STACK)



==============================================================================

Memory Map of the image

  Image Entry point : 0x00000189

  Load Region LR_IROM1 (Base: 0x00000000, Size: 0x0000a6c8, Max: 0x00100000, ABSOLUTE)

    Execution Region ER_IROM1 (Base: 0x00000000, Size: 0x0000a5ac, Max: 0x00100000, ABSOLUTE)

    Base Addr    Size         Type   Attr      Idx    E Section Name        Object

    0x00000000   0x00000188   Data   RO         1804    RESET               startup_stm32f4xx.o
    0x00000188   0x00000000   Code   RO         5006  * .ARM.Collect$$$$00000000  mc_w.l(entry.o)
    0x00000188   0x00000004   Code   RO         5288    .ARM.Collect$$$$00000001  mc_w.l(entry2.o)
    0x0000018c   0x00000004   Code   RO         5291    .ARM.Collect$$$$00000004  mc_w.l(entry5.o)
    0x00000190   0x00000000   Code   RO         5293    .ARM.Collect$$$$00000008  mc_w.l(entry7b.o)
    0x00000190   0x00000000   Code   RO         5295    .ARM.Collect$$$$0000000A  mc_w.l(entry8b.o)
    0x00000190   0x00000008   Code   RO         5296    .ARM.Collect$$$$0000000B  mc_w.l(entry9a.o)
    0x00000198   0x00000000   Code   RO         5298    .ARM.Collect$$$$0000000D  mc_w.l(entry10a.o)
    0x00000198   0x00000000   Code   RO         5300    .ARM.Collect$$$$0000000F  mc_w.l(entry11a.o)
    0x00000198   0x00000004   Code   RO         5289    .ARM.Collect$$$$00002712  mc_w.l(entry2.o)
    0x0000019c   0x00000024   Code   RO         1805    .text               startup_stm32f4xx.o
    0x000001c0   0x00000024   Code   RO         5009    .text               mc_w.l(memcpya.o)
    0x000001e4   0x00000018   Code   RO         5011    .text               mc_w.l(strcat.o)
    0x000001fc   0x00000024   Code   RO         5013    .text               mc_w.l(strstr.o)
    0x00000220   0x00000012   Code   RO         5015    .text               mc_w.l(strcpy.o)
    0x00000232   0x00000062   Code   RO         5307    .text               mc_w.l(uldiv.o)
    0x00000294   0x00000024   Code   RO         5320    .text               mc_w.l(init.o)
    0x000002b8   0x00000000   Code   RO         5322    .text               mc_w.l(semi.o)
    0x000002b8   0x0000001e   Code   RO         5323    .text               mc_w.l(llshl.o)
    0x000002d6   0x00000020   Code   RO         5325    .text               mc_w.l(llushr.o)
    0x000002f6   0x00000000   Code   RO         5329    .text               mc_w.l(iusesemip.o)
    0x000002f6   0x00000002   PAD
    0x000002f8   0x0000002c   Code   RO          244    i.BSP_Delay         usb_bsp.o
    0x00000324   0x0000006a   Code   RO          245    i.BSP_SetTime       usb_bsp.o
    0x0000038e   0x00000004   Code   RO            3    i.BusFault_Handler  stm32fxxx_it.o
    0x00000392   0x00000002   Code   RO            4    i.DebugMon_Handler  stm32fxxx_it.o
    0x00000394   0x00000020   Code   RO            5    i.EXTI1_IRQHandler  stm32fxxx_it.o
    0x000003b4   0x0000000c   Code   RO         3135    i.EXTI_ClearITPendingBit  stm32f4xx_exti.o
    0x000003c0   0x00000028   Code   RO         3139    i.EXTI_GetITStatus  stm32f4xx_exti.o
    0x000003e8   0x00000094   Code   RO         3140    i.EXTI_Init         stm32f4xx_exti.o
    0x0000047c   0x000001ac   Code   RO          427    i.Explore_Disk      usbh_usr.o
    0x00000628   0x00000034   Code   RO         3401    i.FSMC_NORSRAMCmd   stm32f4xx_fsmc.o
    0x0000065c   0x000000e0   Code   RO         3403    i.FSMC_NORSRAMInit  stm32f4xx_fsmc.o
    0x0000073c   0x00000090   Code   RO         3519    i.GPIO_Init         stm32f4xx_gpio.o
    0x000007cc   0x00000046   Code   RO         3520    i.GPIO_PinAFConfig  stm32f4xx_gpio.o
    0x00000812   0x00000012   Code   RO         3523    i.GPIO_ReadInputDataBit  stm32f4xx_gpio.o
    0x00000824   0x00000004   Code   RO         3526    i.GPIO_ResetBits    stm32f4xx_gpio.o
    0x00000828   0x00000004   Code   RO         3527    i.GPIO_SetBits      stm32f4xx_gpio.o
    0x0000082c   0x0000000a   Code   RO         1165    i.HCD_GetCurrentFrame  usb_hcd.o
    0x00000836   0x00000014   Code   RO         1166    i.HCD_GetCurrentSpeed  usb_hcd.o
    0x0000084a   0x0000000a   Code   RO         1168    i.HCD_GetURB_State  usb_hcd.o
    0x00000854   0x0000000c   Code   RO         1169    i.HCD_GetXferCnt    usb_hcd.o
    0x00000860   0x00000060   Code   RO         1171    i.HCD_Init          usb_hcd.o
    0x000008c0   0x00000008   Code   RO         1172    i.HCD_IsDeviceConnected  usb_hcd.o
    0x000008c8   0x0000000e   Code   RO         1173    i.HCD_ResetPort     usb_hcd.o
    0x000008d6   0x00000020   Code   RO         1174    i.HCD_SubmitRequest  usb_hcd.o
    0x000008f6   0x00000004   Code   RO            6    i.HardFault_Handler  stm32fxxx_it.o
    0x000008fa   0x00000002   PAD
    0x000008fc   0x00000138   Code   RO          428    i.Image_Browser     usbh_usr.o
    0x00000a34   0x00000028   Code   RO         4632    i.LCD_Clear         stm324xg_eval_lcd.o
    0x00000a5c   0x00000034   Code   RO         4633    i.LCD_ClearLine     stm324xg_eval_lcd.o
    0x00000a90   0x00000130   Code   RO         4636    i.LCD_CtrlLinesConfig  stm324xg_eval_lcd.o
    0x00000bc0   0x00000030   Code   RO         4638    i.LCD_DisplayChar   stm324xg_eval_lcd.o
    0x00000bf0   0x0000004c   Code   RO         4641    i.LCD_DisplayStringLine  stm324xg_eval_lcd.o
    0x00000c3c   0x000000ac   Code   RO         4642    i.LCD_DrawChar      stm324xg_eval_lcd.o
    0x00000ce8   0x00000062   Code   RO         4650    i.LCD_FSMCConfig    stm324xg_eval_lcd.o
    0x00000d4a   0x00000002   PAD
    0x00000d4c   0x0000000c   Code   RO         4653    i.LCD_GetFont       stm324xg_eval_lcd.o
    0x00000d58   0x00000028   Code   RO         1742    i.LCD_LOG_ClearTextZone  lcd_log.o
    0x00000d80   0x00000064   Code   RO         1743    i.LCD_LOG_DeInit    lcd_log.o
    0x00000de4   0x0000000e   Code   RO         1744    i.LCD_LOG_Init      lcd_log.o
    0x00000df2   0x00000064   Code   RO         1745    i.LCD_LOG_SetFooter  lcd_log.o
    0x00000e56   0x00000002   PAD
    0x00000e58   0x00000098   Code   RO         1746    i.LCD_LOG_SetHeader  lcd_log.o
    0x00000ef0   0x0000000c   Code   RO         4659    i.LCD_ReadReg       stm324xg_eval_lcd.o
    0x00000efc   0x00000010   Code   RO         4660    i.LCD_SetBackColor  stm324xg_eval_lcd.o
    0x00000f0c   0x00000018   Code   RO         4662    i.LCD_SetCursor     stm324xg_eval_lcd.o
    0x00000f24   0x00000058   Code   RO         4663    i.LCD_SetDisplayWindow  stm324xg_eval_lcd.o
    0x00000f7c   0x0000000c   Code   RO         4664    i.LCD_SetFont       stm324xg_eval_lcd.o
    0x00000f88   0x00000010   Code   RO         4665    i.LCD_SetTextColor  stm324xg_eval_lcd.o
    0x00000f98   0x00000008   Code   RO         4668    i.LCD_WriteRAM      stm324xg_eval_lcd.o
    0x00000fa0   0x0000000a   Code   RO         4669    i.LCD_WriteRAM_Prepare  stm324xg_eval_lcd.o
    0x00000faa   0x0000000a   Code   RO         4670    i.LCD_WriteReg      stm324xg_eval_lcd.o
    0x00000fb4   0x00000004   Code   RO            7    i.MemManage_Handler  stm32fxxx_it.o
    0x00000fb8   0x00000002   Code   RO            8    i.NMI_Handler       stm32fxxx_it.o
    0x00000fba   0x00000002   PAD
    0x00000fbc   0x00000078   Code   RO          318    i.NVIC_Init         misc.o
    0x00001034   0x00000014   Code   RO          319    i.NVIC_PriorityGroupConfig  misc.o
    0x00001048   0x00000014   Code   RO          320    i.NVIC_SetVectorTable  misc.o
    0x0000105c   0x00000010   Code   RO            9    i.OTG_FS_IRQHandler  stm32fxxx_it.o
    0x0000106c   0x00000002   Code   RO           10    i.PendSV_Handler    stm32fxxx_it.o
    0x0000106e   0x00000002   PAD
    0x00001070   0x00000020   Code   RO         3914    i.RCC_AHB1PeriphClockCmd  stm32f4xx_rcc.o
    0x00001090   0x00000020   Code   RO         3917    i.RCC_AHB2PeriphClockCmd  stm32f4xx_rcc.o
    0x000010b0   0x00000020   Code   RO         3920    i.RCC_AHB3PeriphClockCmd  stm32f4xx_rcc.o
    0x000010d0   0x00000020   Code   RO         3923    i.RCC_APB1PeriphClockCmd  stm32f4xx_rcc.o
    0x000010f0   0x00000020   Code   RO         3926    i.RCC_APB2PeriphClockCmd  stm32f4xx_rcc.o
    0x00001110   0x0000041c   Code   RO         4672    i.STM324xG_LCD_Init  stm324xg_eval_lcd.o
    0x0000152c   0x0000004c   Code   RO         4910    i.STM_EVAL_LEDInit  stm324xg_eval.o
    0x00001578   0x00000024   Code   RO         4913    i.STM_EVAL_LEDToggle  stm324xg_eval.o
    0x0000159c   0x00000020   Code   RO         4914    i.STM_EVAL_PBGetState  stm324xg_eval.o
    0x000015bc   0x000000b8   Code   RO         4915    i.STM_EVAL_PBInit   stm324xg_eval.o
    0x00001674   0x00000002   Code   RO           11    i.SVC_Handler       stm32fxxx_it.o
    0x00001676   0x00000002   PAD
    0x00001678   0x00000040   Code   RO         2209    i.SYSCFG_EXTILineConfig  stm32f4xx_syscfg.o
    0x000016b8   0x000000ec   Code   RO         1811    i.SetSysClock       system_stm32f4xx.o
    0x000017a4   0x00000084   Code   RO          429    i.Show_Image        usbh_usr.o
    0x00001828   0x00000068   Code   RO         1813    i.SystemInit        system_stm32f4xx.o
    0x00001890   0x00000008   Code   RO           12    i.TIM2_IRQHandler   stm32fxxx_it.o
    0x00001898   0x00000018   Code   RO         2260    i.TIM_ARRPreloadConfig  stm32f4xx_tim.o
    0x000018b0   0x00000006   Code   RO         2267    i.TIM_ClearITPendingBit  stm32f4xx_tim.o
    0x000018b6   0x00000018   Code   RO         2272    i.TIM_Cmd           stm32f4xx_tim.o
    0x000018ce   0x00000022   Code   RO         2293    i.TIM_GetITStatus   stm32f4xx_tim.o
    0x000018f0   0x00000012   Code   RO         2297    i.TIM_ITConfig      stm32f4xx_tim.o
    0x00001902   0x00000002   PAD
    0x00001904   0x00000084   Code   RO         2344    i.TIM_TimeBaseInit  stm32f4xx_tim.o
    0x00001988   0x00000038   Code   RO          430    i.Toggle_Leds       usbh_usr.o
    0x000019c0   0x00000026   Code   RO          781    i.USBH_Alloc_Channel  usbh_hcs.o
    0x000019e6   0x00000060   Code   RO          830    i.USBH_BulkReceiveData  usbh_ioreq.o
    0x00001a46   0x0000005e   Code   RO          831    i.USBH_BulkSendData  usbh_ioreq.o
    0x00001aa4   0x0000004c   Code   RO          608    i.USBH_ClrFeature   usbh_stdreq.o
    0x00001af0   0x0000000c   Code   RO          708    i.USBH_Connected    usbh_core.o
    0x00001afc   0x00000046   Code   RO          832    i.USBH_CtlReceiveData  usbh_ioreq.o
    0x00001b42   0x00000064   Code   RO          833    i.USBH_CtlReq       usbh_ioreq.o
    0x00001ba6   0x00000002   PAD
    0x00001ba8   0x00000098   Code   RO          834    i.USBH_CtlSendData  usbh_ioreq.o
    0x00001c40   0x00000042   Code   RO          835    i.USBH_CtlSendSetup  usbh_ioreq.o
    0x00001c82   0x0000001c   Code   RO          782    i.USBH_DeAllocate_AllChannel  usbh_hcs.o
    0x00001c9e   0x0000003a   Code   RO          709    i.USBH_DeInit       usbh_core.o
    0x00001cd8   0x0000000c   Code   RO          710    i.USBH_Disconnected  usbh_core.o
    0x00001ce4   0x0000002e   Code   RO          711    i.USBH_ErrorHandle  usbh_core.o
    0x00001d12   0x0000001e   Code   RO          783    i.USBH_Free_Channel  usbh_hcs.o
    0x00001d30   0x00000044   Code   RO          609    i.USBH_GetDescriptor  usbh_stdreq.o
    0x00001d74   0x00000028   Code   RO          784    i.USBH_GetFreeChannel  usbh_hcs.o
    0x00001d9c   0x00000012   Code   RO          610    i.USBH_GetNextDesc  usbh_stdreq.o
    0x00001dae   0x00000002   PAD
    0x00001db0   0x0000005c   Code   RO          611    i.USBH_Get_CfgDesc  usbh_stdreq.o
    0x00001e0c   0x00000038   Code   RO          612    i.USBH_Get_DevDesc  usbh_stdreq.o
    0x00001e44   0x0000003c   Code   RO          613    i.USBH_Get_StringDesc  usbh_stdreq.o
    0x00001e80   0x00000224   Code   RO          712    i.USBH_HandleControl  usbh_core.o
    0x000020a4   0x00000288   Code   RO          713    i.USBH_HandleEnum   usbh_core.o
    0x0000232c   0x00000044   Code   RO          714    i.USBH_Init         usbh_core.o
    0x00002370   0x00000024   Code   RO         1341    i.USBH_MSC_BOTReset  usbh_msc_core.o
    0x00002394   0x00000060   Code   RO         1296    i.USBH_MSC_BOT_Abort  usbh_msc_bot.o
    0x000023f4   0x00000014   Code   RO         1342    i.USBH_MSC_ClassRequest  usbh_msc_core.o
    0x00002408   0x00000080   Code   RO         1297    i.USBH_MSC_DecodeCSW  usbh_msc_bot.o
    0x00002488   0x00000044   Code   RO         1343    i.USBH_MSC_ErrorHandle  usbh_msc_core.o
    0x000024cc   0x0000002c   Code   RO         1344    i.USBH_MSC_GETMaxLUN  usbh_msc_core.o
    0x000024f8   0x000001a8   Code   RO         1345    i.USBH_MSC_Handle   usbh_msc_core.o
    0x000026a0   0x00000350   Code   RO         1298    i.USBH_MSC_HandleBOTXfer  usbh_msc_bot.o
    0x000029f0   0x00000044   Code   RO         1299    i.USBH_MSC_Init     usbh_msc_bot.o
    0x00002a34   0x0000004c   Code   RO         1346    i.USBH_MSC_InterfaceDeInit  usbh_msc_core.o
    0x00002a80   0x000000d0   Code   RO         1347    i.USBH_MSC_InterfaceInit  usbh_msc_core.o
    0x00002b50   0x000000d0   Code   RO         1239    i.USBH_MSC_ModeSense6  usbh_msc_scsi.o
    0x00002c20   0x00000100   Code   RO         1240    i.USBH_MSC_Read10   usbh_msc_scsi.o
    0x00002d20   0x000000dc   Code   RO         1241    i.USBH_MSC_ReadCapacity10  usbh_msc_scsi.o
    0x00002dfc   0x000000e0   Code   RO         1242    i.USBH_MSC_RequestSense  usbh_msc_scsi.o
    0x00002edc   0x000000b0   Code   RO         1243    i.USBH_MSC_TestUnitReady  usbh_msc_scsi.o
    0x00002f8c   0x000000e4   Code   RO         1244    i.USBH_MSC_Write10  usbh_msc_scsi.o
    0x00003070   0x00000064   Code   RO          785    i.USBH_Modify_Channel  usbh_hcs.o
    0x000030d4   0x000000a8   Code   RO          909    i.USBH_OTG_ISR_Handler  usb_hcd_int.o
    0x0000317c   0x0000009a   Code   RO          786    i.USBH_Open_Channel  usbh_hcs.o
    0x00003216   0x00000002   PAD
    0x00003218   0x0000011c   Code   RO          614    i.USBH_ParseCfgDesc  usbh_stdreq.o
    0x00003334   0x00000058   Code   RO          615    i.USBH_ParseDevDesc  usbh_stdreq.o
    0x0000338c   0x00000020   Code   RO          616    i.USBH_ParseEPDesc  usbh_stdreq.o
    0x000033ac   0x00000026   Code   RO          617    i.USBH_ParseInterfaceDesc  usbh_stdreq.o
    0x000033d2   0x00000036   Code   RO          618    i.USBH_ParseStringDesc  usbh_stdreq.o
    0x00003408   0x0000035c   Code   RO          715    i.USBH_Process      usbh_core.o
    0x00003764   0x00000006   Code   RO          716    i.USBH_SOF          usbh_core.o
    0x0000376a   0x00000026   Code   RO          619    i.USBH_SetAddress   usbh_stdreq.o
    0x00003790   0x00000026   Code   RO          620    i.USBH_SetCfg       usbh_stdreq.o
    0x000037b6   0x00000018   Code   RO          840    i.USBH_SubmitSetupRequest  usbh_ioreq.o
    0x000037ce   0x00000002   PAD
    0x000037d0   0x00000048   Code   RO          431    i.USBH_USR_Configuration_DescAvailable  usbh_usr.o
    0x00003818   0x0000000c   Code   RO          432    i.USBH_USR_DeInit   usbh_usr.o
    0x00003824   0x00000002   Code   RO          433    i.USBH_USR_DeviceAddressAssigned  usbh_usr.o
    0x00003826   0x00000002   PAD
    0x00003828   0x0000001c   Code   RO          434    i.USBH_USR_DeviceAttached  usbh_usr.o
    0x00003844   0x0000006c   Code   RO          435    i.USBH_USR_DeviceDisconnected  usbh_usr.o
    0x000038b0   0x00000044   Code   RO          436    i.USBH_USR_DeviceNotSupported  usbh_usr.o
    0x000038f4   0x00000064   Code   RO          437    i.USBH_USR_DeviceSpeedDetected  usbh_usr.o
    0x00003958   0x0000004c   Code   RO          438    i.USBH_USR_Device_DescAvailable  usbh_usr.o
    0x000039a4   0x00000088   Code   RO          439    i.USBH_USR_EnumerationDone  usbh_usr.o
    0x00003a2c   0x000000b4   Code   RO          440    i.USBH_USR_Init     usbh_usr.o
    0x00003ae0   0x0000041c   Code   RO          441    i.USBH_USR_MSC_Application  usbh_usr.o
    0x00003efc   0x00000030   Code   RO          442    i.USBH_USR_Manufacturer_String  usbh_usr.o
    0x00003f2c   0x00000044   Code   RO          443    i.USBH_USR_OverCurrentDetected  usbh_usr.o
    0x00003f70   0x0000002c   Code   RO          444    i.USBH_USR_Product_String  usbh_usr.o
    0x00003f9c   0x00000002   Code   RO          445    i.USBH_USR_ResetDevice  usbh_usr.o
    0x00003f9e   0x00000002   PAD
    0x00003fa0   0x00000030   Code   RO          446    i.USBH_USR_SerialNum_String  usbh_usr.o
    0x00003fd0   0x00000030   Code   RO          447    i.USBH_USR_UnrecoveredError  usbh_usr.o
    0x00004000   0x00000012   Code   RO          448    i.USBH_USR_UserInput  usbh_usr.o
    0x00004012   0x00000002   PAD
    0x00004014   0x00000044   Code   RO          246    i.USB_OTG_BSP_ConfigVBUS  usb_bsp.o
    0x00004058   0x00000020   Code   RO          247    i.USB_OTG_BSP_DriveVBUS  usb_bsp.o
    0x00004078   0x0000002c   Code   RO          248    i.USB_OTG_BSP_EnableInterrupt  usb_bsp.o
    0x000040a4   0x000000b4   Code   RO          249    i.USB_OTG_BSP_Init  usb_bsp.o
    0x00004158   0x00000038   Code   RO          250    i.USB_OTG_BSP_TimeInit  usb_bsp.o
    0x00004190   0x00000038   Code   RO          251    i.USB_OTG_BSP_TimerIRQ  usb_bsp.o
    0x000041c8   0x0000000e   Code   RO          252    i.USB_OTG_BSP_mDelay  usb_bsp.o
    0x000041d6   0x0000000e   Code   RO          253    i.USB_OTG_BSP_uDelay  usb_bsp.o
    0x000041e4   0x00000126   Code   RO          979    i.USB_OTG_CoreInit  usb_core.o
    0x0000430a   0x000000d6   Code   RO          980    i.USB_OTG_CoreInitHost  usb_core.o
    0x000043e0   0x0000006c   Code   RO          981    i.USB_OTG_CoreReset  usb_core.o
    0x0000444c   0x00000022   Code   RO          982    i.USB_OTG_DisableGlobalInt  usb_core.o
    0x0000446e   0x0000005c   Code   RO          983    i.USB_OTG_DriveVbus  usb_core.o
    0x000044ca   0x00000034   Code   RO          984    i.USB_OTG_EnableCommonInt  usb_core.o
    0x000044fe   0x00000022   Code   RO          985    i.USB_OTG_EnableGlobalInt  usb_core.o
    0x00004520   0x00000074   Code   RO          986    i.USB_OTG_EnableHostInt  usb_core.o
    0x00004594   0x0000004c   Code   RO          987    i.USB_OTG_FlushRxFifo  usb_core.o
    0x000045e0   0x00000054   Code   RO          988    i.USB_OTG_FlushTxFifo  usb_core.o
    0x00004634   0x0000000c   Code   RO          989    i.USB_OTG_GetMode   usb_core.o
    0x00004640   0x0000005a   Code   RO          990    i.USB_OTG_HC_DoPing  usb_core.o
    0x0000469a   0x00000082   Code   RO          991    i.USB_OTG_HC_Halt   usb_core.o
    0x0000471c   0x00000238   Code   RO          992    i.USB_OTG_HC_Init   usb_core.o
    0x00004954   0x000001f6   Code   RO          993    i.USB_OTG_HC_StartXfer  usb_core.o
    0x00004b4a   0x00000018   Code   RO          994    i.USB_OTG_InitFSLSPClkSel  usb_core.o
    0x00004b62   0x00000010   Code   RO          996    i.USB_OTG_IsEvenFrame  usb_core.o
    0x00004b72   0x00000014   Code   RO          997    i.USB_OTG_IsHostMode  usb_core.o
    0x00004b86   0x00000010   Code   RO          998    i.USB_OTG_ReadCoreItr  usb_core.o
    0x00004b96   0x00000030   Code   RO          999    i.USB_OTG_ReadHPRT0  usb_core.o
    0x00004bc6   0x00000008   Code   RO         1000    i.USB_OTG_ReadHostAllChannels_intr  usb_core.o
    0x00004bce   0x00000028   Code   RO         1002    i.USB_OTG_ReadPacket  usb_core.o
    0x00004bf6   0x00000040   Code   RO         1003    i.USB_OTG_ResetPort  usb_core.o
    0x00004c36   0x00000002   PAD
    0x00004c38   0x000000d0   Code   RO         1004    i.USB_OTG_SelectCore  usb_core.o
    0x00004d08   0x0000004e   Code   RO         1005    i.USB_OTG_SetCurrentMode  usb_core.o
    0x00004d56   0x00000002   PAD
    0x00004d58   0x0000002c   Code   RO          910    i.USB_OTG_USBH_handle_Disconnect_ISR  usb_hcd_int.o
    0x00004d84   0x00000046   Code   RO          911    i.USB_OTG_USBH_handle_IncompletePeriodicXfer_ISR  usb_hcd_int.o
    0x00004dca   0x00000056   Code   RO          912    i.USB_OTG_USBH_handle_hc_ISR  usb_hcd_int.o
    0x00004e20   0x00000428   Code   RO          913    i.USB_OTG_USBH_handle_hc_n_In_ISR  usb_hcd_int.o
    0x00005248   0x000003d0   Code   RO          914    i.USB_OTG_USBH_handle_hc_n_Out_ISR  usb_hcd_int.o
    0x00005618   0x0000012e   Code   RO          915    i.USB_OTG_USBH_handle_nptxfempty_ISR  usb_hcd_int.o
    0x00005746   0x00000002   PAD
    0x00005748   0x00000120   Code   RO          916    i.USB_OTG_USBH_handle_port_ISR  usb_hcd_int.o
    0x00005868   0x0000012e   Code   RO          917    i.USB_OTG_USBH_handle_ptxfempty_ISR  usb_hcd_int.o
    0x00005996   0x00000164   Code   RO          918    i.USB_OTG_USBH_handle_rx_qlvl_ISR  usb_hcd_int.o
    0x00005afa   0x00000002   PAD
    0x00005afc   0x0000002c   Code   RO          919    i.USB_OTG_USBH_handle_sof_ISR  usb_hcd_int.o
    0x00005b28   0x00000040   Code   RO         1007    i.USB_OTG_WritePacket  usb_core.o
    0x00005b68   0x00000004   Code   RO           13    i.UsageFault_Handler  stm32fxxx_it.o
    0x00005b6c   0x00000020   Code   RO         5226    i.__0printf$8       mc_w.l(printf8.o)
    0x00005b8c   0x0000000e   Code   RO         5332    i.__scatterload_copy  mc_w.l(handlers.o)
    0x00005b9a   0x00000002   Code   RO         5333    i.__scatterload_null  mc_w.l(handlers.o)
    0x00005b9c   0x0000000e   Code   RO         5334    i.__scatterload_zeroinit  mc_w.l(handlers.o)
    0x00005baa   0x00000002   PAD
    0x00005bac   0x00000408   Code   RO         5233    i._printf_core      mc_w.l(printf8.o)
    0x00005fb4   0x00000026   Code   RO         5234    i._printf_post_padding  mc_w.l(printf8.o)
    0x00005fda   0x00000030   Code   RO         5235    i._printf_pre_padding  mc_w.l(printf8.o)
    0x0000600a   0x00000002   PAD
    0x0000600c   0x00000090   Code   RO         1448    i.check_fs          ff.o
    0x0000609c   0x00000014   Code   RO         1449    i.chk_chr           ff.o
    0x000060b0   0x000002e8   Code   RO         1450    i.chk_mounted       ff.o
    0x00006398   0x0000001a   Code   RO         1451    i.clust2sect        ff.o
    0x000063b2   0x000000b6   Code   RO         1452    i.create_chain      ff.o
    0x00006468   0x00000108   Code   RO         1453    i.create_name       ff.o
    0x00006570   0x00000024   Code   RO         4673    i.delay             stm324xg_eval_lcd.o
    0x00006594   0x0000005c   Code   RO         1454    i.dir_find          ff.o
    0x000065f0   0x00000112   Code   RO         1455    i.dir_next          ff.o
    0x00006702   0x00000056   Code   RO         1456    i.dir_read          ff.o
    0x00006758   0x00000078   Code   RO         1457    i.dir_register      ff.o
    0x000067d0   0x0000009c   Code   RO         1459    i.dir_seek          ff.o
    0x0000686c   0x00000028   Code   RO         1398    i.disk_initialize   usbh_msc_fatfs.o
    0x00006894   0x00000060   Code   RO         1399    i.disk_ioctl        usbh_msc_fatfs.o
    0x000068f4   0x0000006c   Code   RO         1400    i.disk_read         usbh_msc_fatfs.o
    0x00006960   0x00000014   Code   RO         1401    i.disk_status       usbh_msc_fatfs.o
    0x00006974   0x0000007c   Code   RO         1402    i.disk_write        usbh_msc_fatfs.o
    0x000069f0   0x00000016   Code   RO         1461    i.f_close           ff.o
    0x00006a06   0x000001c0   Code   RO         1464    i.f_lseek           ff.o
    0x00006bc6   0x00000002   PAD
    0x00006bc8   0x0000002c   Code   RO         1467    i.f_mount           ff.o
    0x00006bf4   0x00000188   Code   RO         1468    i.f_open            ff.o
    0x00006d7c   0x00000068   Code   RO         1469    i.f_opendir         ff.o
    0x00006de4   0x000001d0   Code   RO         1473    i.f_read            ff.o
    0x00006fb4   0x00000058   Code   RO         1474    i.f_readdir         ff.o
    0x0000700c   0x000000b6   Code   RO         1477    i.f_sync            ff.o
    0x000070c2   0x0000020e   Code   RO         1481    i.f_write           ff.o
    0x000072d0   0x000000a6   Code   RO         1482    i.follow_path       ff.o
    0x00007376   0x00000012   Code   RO         5302    i.fputc             mc_w.l(fputc.o)
    0x00007388   0x00000112   Code   RO         1483    i.get_fat           ff.o
    0x0000749a   0x00000004   Code   RO         1719    i.get_fattime       fattime.o
    0x0000749e   0x00000098   Code   RO         1484    i.get_fileinfo      ff.o
    0x00007536   0x00000002   PAD
    0x00007538   0x0000005c   Code   RO          362    i.main              main.o
    0x00007594   0x00000026   Code   RO         1485    i.mem_cmp           ff.o
    0x000075ba   0x0000001a   Code   RO         1486    i.mem_cpy           ff.o
    0x000075d4   0x00000014   Code   RO         1487    i.mem_set           ff.o
    0x000075e8   0x00000072   Code   RO         1488    i.move_window       ff.o
    0x0000765a   0x0000014a   Code   RO         1489    i.put_fat           ff.o
    0x000077a4   0x00000068   Code   RO         1490    i.remove_chain      ff.o
    0x0000780c   0x000000ca   Code   RO         1491    i.sync              ff.o
    0x000078d6   0x0000002a   Code   RO         1492    i.validate          ff.o
    0x00007900   0x0000019a   Data   RO          450    .constdata          usbh_usr.o
    0x00007a9a   0x00000002   PAD
    0x00007a9c   0x000000c2   Data   RO         1493    .constdata          ff.o
    0x00007b5e   0x000029d0   Data   RO         4674    .constdata          stm324xg_eval_lcd.o
    0x0000a52e   0x00000002   PAD
    0x0000a530   0x0000005c   Data   RO         4920    .constdata          stm324xg_eval.o
    0x0000a58c   0x00000020   Data   RO         5330    Region$$Table       anon$$obj.o


    Execution Region RW_IRAM1 (Base: 0x20000000, Size: 0x00001850, Max: 0x00020000, ABSOLUTE)

    Base Addr    Size         Type   Attr      Idx    E Section Name        Object

    0x20000000   0x00000005   Data   RW          254    .data               usb_bsp.o
    0x20000005   0x00000003   PAD
    0x20000008   0x00000054   Data   RW          451    .data               usbh_usr.o
    0x2000005c   0x00000003   Data   RW          623    .data               usbh_stdreq.o
    0x2000005f   0x00000001   PAD
    0x20000060   0x00000012   Data   RW          717    .data               usbh_core.o
    0x20000072   0x00000001   Data   RW         1246    .data               usbh_msc_scsi.o
    0x20000073   0x00000001   PAD
    0x20000074   0x00000014   Data   RW         1301    .data               usbh_msc_bot.o
    0x20000088   0x0000001e   Data   RW         1349    .data               usbh_msc_core.o
    0x200000a6   0x00000001   Data   RW         1403    .data               usbh_msc_fatfs.o
    0x200000a7   0x00000001   PAD
    0x200000a8   0x0000000a   Data   RW         1494    .data               ff.o
    0x200000b2   0x00000012   Data   RW         1750    .data               lcd_log.o
    0x200000c4   0x00000028   Data   RW         4675    .data               stm324xg_eval_lcd.o
    0x200000ec   0x0000002c   Data   RW         4921    .data               stm324xg_eval.o
    0x20000118   0x00000004   Data   RW         5304    .data               mc_w.l(stdout.o)
    0x2000011c   0x00000630   Zero   RW          363    .bss                main.o
    0x2000074c   0x00000664   Zero   RW          449    .bss                usbh_usr.o
    0x20000db0   0x00000200   Zero   RW          622    .bss                usbh_stdreq.o
    0x20000fb0   0x00000410   Zero   RW         1245    .bss                usbh_msc_scsi.o
    0x200013c0   0x00000040   Zero   RW         1300    .bss                usbh_msc_bot.o
    0x20001400   0x0000004a   Zero   RW         1348    .bss                usbh_msc_core.o
    0x2000144a   0x00000006   PAD
    0x20001450   0x00000400   Zero   RW         1802    STACK               startup_stm32f4xx.o


==============================================================================

Image component sizes


      Code (inc. data)   RO Data    RW Data    ZI Data      Debug   Object Name

         4          0          0          0          0        630   fattime.o
      5846         46        194         10          0      32915   ff.o
       406         52          0         18          0       6105   lcd_log.o
        92         18          0          0       1584       1467   main.o
       160         30          0          0          0       2793   misc.o
        36          8        392          0       1024       1016   startup_stm32f4xx.o
       328         62         92         44          0       5364   stm324xg_eval.o
      2086         78      10704         40          0      17660   stm324xg_eval_lcd.o
       200         18          0          0          0       2816   stm32f4xx_exti.o
       276          6          0          0          0       2353   stm32f4xx_fsmc.o
       240          0          0          0          0       4527   stm32f4xx_gpio.o
       160         30          0          0          0       3785   stm32f4xx_rcc.o
        64          4          0          0          0        820   stm32f4xx_syscfg.o
       238         28          0          0          0       5433   stm32f4xx_tim.o
        80         10          0          0          0     308888   stm32fxxx_it.o
       340         34          0          0          0       1817   system_stm32f4xx.o
       614         28          0          5          0       7748   usb_bsp.o
      2992         18          0          0          0      22403   usb_core.o
       202          0          0          0          0       6403   usb_hcd.o
      3700         16          0          0          0      12055   usb_hcd_int.o
      2258        450          0         18          0      10869   usbh_core.o
       390          0          0          0          0       5512   usbh_hcs.o
       602         28          0          0          0       6630   usbh_ioreq.o
      1140        100          0         20         64       7753   usbh_msc_bot.o
       876         62          0         30         74       7985   usbh_msc_core.o
       388         52          0          1          0       6302   usbh_msc_fatfs.o
      1312         88          0          1       1040       8516   usbh_msc_scsi.o
       942         14          0          3        512      12317   usbh_stdreq.o
      3038       1230        410         84       1636      30093   usbh_usr.o

    ----------------------------------------------------------------------
     29050       2510      11828        280       5940     542975   Object Totals
         0          0         32          0          0          0   (incl. Generated)
        40          0          4          6          6          0   (incl. Padding)

    ----------------------------------------------------------------------

      Code (inc. data)   RO Data    RW Data    ZI Data      Debug   Library Member Name

         0          0          0          0          0          0   entry.o
         0          0          0          0          0          0   entry10a.o
         0          0          0          0          0          0   entry11a.o
         8          4          0          0          0          0   entry2.o
         4          0          0          0          0          0   entry5.o
         0          0          0          0          0          0   entry7b.o
         0          0          0          0          0          0   entry8b.o
         8          4          0          0          0          0   entry9a.o
        18          0          0          0          0         80   fputc.o
        30          0          0          0          0          0   handlers.o
        36          8          0          0          0         68   init.o
         0          0          0          0          0          0   iusesemip.o
        30          0          0          0          0         68   llshl.o
        32          0          0          0          0         68   llushr.o
        36          0          0          0          0         68   memcpya.o
      1150         54          0          0          0        352   printf8.o
         0          0          0          0          0          0   semi.o
         0          0          0          4          0          0   stdout.o
        24          0          0          0          0         68   strcat.o
        18          0          0          0          0         68   strcpy.o
        36          0          0          0          0         80   strstr.o
        98          0          0          0          0         92   uldiv.o

    ----------------------------------------------------------------------
      1534         70          0          4          0       1012   Library Totals
         6          0          0          0          0          0   (incl. Padding)

    ----------------------------------------------------------------------

      Code (inc. data)   RO Data    RW Data    ZI Data      Debug   Library Name

      1528         70          0          4          0       1012   mc_w.l

    ----------------------------------------------------------------------
      1534         70          0          4          0       1012   Library Totals

    ----------------------------------------------------------------------

==============================================================================


      Code (inc. data)   RO Data    RW Data    ZI Data      Debug   

     30584       2580      11828        284       5940     520867   Grand Totals
     30584       2580      11828        284       5940     520867   ELF Image Totals
     30584       2580      11828        284          0          0   ROM Totals

==============================================================================

    Total RO  Size (Code + RO Data)                42412 (  41.42kB)
    Total RW  Size (RW Data + ZI Data)              6224 (   6.08kB)
    Total ROM Size (Code + RO Data + RW Data)      42696 (  41.70kB)

==============================================================================

