ARM Linker, 5.03 [Build 24] [MDK-ARM Standard]

==============================================================================

Section Cross References

    stm32fxxx_it.o(i.EXTI1_IRQHandler) refers to stm32f4xx_exti.o(i.EXTI_GetITStatus) for EXTI_GetITStatus
    stm32fxxx_it.o(i.EXTI1_IRQHandler) refers to stm32f4xx_exti.o(i.EXTI_ClearITPendingBit) for EXTI_ClearITPendingBit
    stm32fxxx_it.o(i.EXTI1_IRQHandler) refers to dual_core_demo.o(.bss) for USB_Host
    stm32fxxx_it.o(i.EXTI2_IRQHandler) refers to stm324xg_eval_ioe.o(i.IOE_GetGITStatus) for IOE_GetGITStatus
    stm32fxxx_it.o(i.EXTI2_IRQHandler) refers to stm324xg_eval_ioe.o(i.IOE_JoyStickGetState) for IOE_JoyStickGetState
    stm32fxxx_it.o(i.EXTI2_IRQHandler) refers to dual_core_demo.o(i.Demo_ProbeKey) for Demo_ProbeKey
    stm32fxxx_it.o(i.EXTI2_IRQHandler) refers to stm324xg_eval_ioe.o(i.IOE_ClearGITPending) for IOE_ClearGITPending
    stm32fxxx_it.o(i.EXTI2_IRQHandler) refers to stm324xg_eval_ioe.o(i.IOE_ClearIOITPending) for IOE_ClearIOITPending
    stm32fxxx_it.o(i.EXTI2_IRQHandler) refers to stm32f4xx_exti.o(i.EXTI_ClearITPendingBit) for EXTI_ClearITPendingBit
    stm32fxxx_it.o(i.OTG_FS_IRQHandler) refers to usb_hcd_int.o(i.USBH_OTG_ISR_Handler) for USBH_OTG_ISR_Handler
    stm32fxxx_it.o(i.OTG_FS_IRQHandler) refers to dual_core_demo.o(.bss) for USB_OTG_FS_Core
    stm32fxxx_it.o(i.OTG_HS_IRQHandler) refers to usb_hcd_int.o(i.USBH_OTG_ISR_Handler) for USBH_OTG_ISR_Handler
    stm32fxxx_it.o(i.OTG_HS_IRQHandler) refers to dual_core_demo.o(.bss) for USB_OTG_Core
    stm32fxxx_it.o(i.TIM2_IRQHandler) refers to usb_bsp.o(i.USB_OTG_BSP_TimerIRQ) for USB_OTG_BSP_TimerIRQ
    usb_bsp.o(i.BSP_Delay) refers to usb_bsp.o(i.BSP_SetTime) for BSP_SetTime
    usb_bsp.o(i.BSP_Delay) refers to stm32f4xx_tim.o(i.TIM_Cmd) for TIM_Cmd
    usb_bsp.o(i.BSP_Delay) refers to usb_bsp.o(.data) for BSP_delay
    usb_bsp.o(i.BSP_SetTime) refers to stm32f4xx_tim.o(i.TIM_Cmd) for TIM_Cmd
    usb_bsp.o(i.BSP_SetTime) refers to stm32f4xx_tim.o(i.TIM_ITConfig) for TIM_ITConfig
    usb_bsp.o(i.BSP_SetTime) refers to stm32f4xx_tim.o(i.TIM_TimeBaseInit) for TIM_TimeBaseInit
    usb_bsp.o(i.BSP_SetTime) refers to stm32f4xx_tim.o(i.TIM_ClearITPendingBit) for TIM_ClearITPendingBit
    usb_bsp.o(i.BSP_SetTime) refers to stm32f4xx_tim.o(i.TIM_ARRPreloadConfig) for TIM_ARRPreloadConfig
    usb_bsp.o(i.USB_OTG_BSP_ConfigVBUS) refers to stm32f4xx_rcc.o(i.RCC_AHB1PeriphClockCmd) for RCC_AHB1PeriphClockCmd
    usb_bsp.o(i.USB_OTG_BSP_ConfigVBUS) refers to stm32f4xx_gpio.o(i.GPIO_Init) for GPIO_Init
    usb_bsp.o(i.USB_OTG_BSP_ConfigVBUS) refers to stm32f4xx_gpio.o(i.GPIO_SetBits) for GPIO_SetBits
    usb_bsp.o(i.USB_OTG_BSP_ConfigVBUS) refers to usb_bsp.o(i.USB_OTG_BSP_mDelay) for USB_OTG_BSP_mDelay
    usb_bsp.o(i.USB_OTG_BSP_DriveVBUS) refers to stm32f4xx_gpio.o(i.GPIO_SetBits) for GPIO_SetBits
    usb_bsp.o(i.USB_OTG_BSP_DriveVBUS) refers to stm32f4xx_gpio.o(i.GPIO_ResetBits) for GPIO_ResetBits
    usb_bsp.o(i.USB_OTG_BSP_EnableInterrupt) refers to misc.o(i.NVIC_PriorityGroupConfig) for NVIC_PriorityGroupConfig
    usb_bsp.o(i.USB_OTG_BSP_EnableInterrupt) refers to misc.o(i.NVIC_Init) for NVIC_Init
    usb_bsp.o(i.USB_OTG_BSP_Init) refers to stm32f4xx_rcc.o(i.RCC_AHB1PeriphClockCmd) for RCC_AHB1PeriphClockCmd
    usb_bsp.o(i.USB_OTG_BSP_Init) refers to stm32f4xx_gpio.o(i.GPIO_Init) for GPIO_Init
    usb_bsp.o(i.USB_OTG_BSP_Init) refers to stm32f4xx_gpio.o(i.GPIO_PinAFConfig) for GPIO_PinAFConfig
    usb_bsp.o(i.USB_OTG_BSP_Init) refers to stm32f4xx_rcc.o(i.RCC_APB2PeriphClockCmd) for RCC_APB2PeriphClockCmd
    usb_bsp.o(i.USB_OTG_BSP_Init) refers to stm32f4xx_rcc.o(i.RCC_AHB2PeriphClockCmd) for RCC_AHB2PeriphClockCmd
    usb_bsp.o(i.USB_OTG_BSP_Init) refers to usb_bsp.o(i.USB_OTG_BSP_TimeInit) for USB_OTG_BSP_TimeInit
    usb_bsp.o(i.USB_OTG_BSP_TimeInit) refers to misc.o(i.NVIC_SetVectorTable) for NVIC_SetVectorTable
    usb_bsp.o(i.USB_OTG_BSP_TimeInit) refers to misc.o(i.NVIC_PriorityGroupConfig) for NVIC_PriorityGroupConfig
    usb_bsp.o(i.USB_OTG_BSP_TimeInit) refers to misc.o(i.NVIC_Init) for NVIC_Init
    usb_bsp.o(i.USB_OTG_BSP_TimeInit) refers to stm32f4xx_rcc.o(i.RCC_APB1PeriphClockCmd) for RCC_APB1PeriphClockCmd
    usb_bsp.o(i.USB_OTG_BSP_TimerIRQ) refers to stm32f4xx_tim.o(i.TIM_GetITStatus) for TIM_GetITStatus
    usb_bsp.o(i.USB_OTG_BSP_TimerIRQ) refers to stm32f4xx_tim.o(i.TIM_ClearITPendingBit) for TIM_ClearITPendingBit
    usb_bsp.o(i.USB_OTG_BSP_TimerIRQ) refers to stm32f4xx_tim.o(i.TIM_Cmd) for TIM_Cmd
    usb_bsp.o(i.USB_OTG_BSP_TimerIRQ) refers to usb_bsp.o(.data) for BSP_delay
    usb_bsp.o(i.USB_OTG_BSP_mDelay) refers to usb_bsp.o(i.BSP_Delay) for BSP_Delay
    usb_bsp.o(i.USB_OTG_BSP_uDelay) refers to usb_bsp.o(i.BSP_Delay) for BSP_Delay
    main.o(i.COMInit) refers to main.o(i.STM_COMInit) for STM_COMInit
    main.o(i.COMInit) refers to main.o(.bss) for USART_InitStructure
[...]
    DMA2_Stream4_IRQHandler                  0x080001b7   Thumb Code     0  startup_stm32f4xx.o(.text)
    DMA2_Stream5_IRQHandler                  0x080001b7   Thumb Code     0  startup_stm32f4xx.o(.text)
    DMA2_Stream6_IRQHandler                  0x080001b7   Thumb Code     0  startup_stm32f4xx.o(.text)
    DMA2_Stream7_IRQHandler                  0x080001b7   Thumb Code     0  startup_stm32f4xx.o(.text)
    ETH_IRQHandler                           0x080001b7   Thumb Code     0  startup_stm32f4xx.o(.text)
    ETH_WKUP_IRQHandler                      0x080001b7   Thumb Code     0  startup_stm32f4xx.o(.text)
    EXTI0_IRQHandler                         0x080001b7   Thumb Code     0  startup_stm32f4xx.o(.text)
    EXTI15_10_IRQHandler                     0x080001b7   Thumb Code     0  startup_stm32f4xx.o(.text)
    EXTI3_IRQHandler                         0x080001b7   Thumb Code     0  startup_stm32f4xx.o(.text)
    EXTI4_IRQHandler                         0x080001b7   Thumb Code     0  startup_stm32f4xx.o(.text)
    EXTI9_5_IRQHandler                       0x080001b7   Thumb Code     0  startup_stm32f4xx.o(.text)
    FLASH_IRQHandler                         0x080001b7   Thumb Code     0  startup_stm32f4xx.o(.text)
    FPU_IRQHandler                           0x080001b7   Thumb Code     0  startup_stm32f4xx.o(.text)
    FSMC_IRQHandler                          0x080001b7   Thumb Code     0  startup_stm32f4xx.o(.text)
    HASH_RNG_IRQHandler                      0x080001b7   Thumb Code     0  startup_stm32f4xx.o(.text)
    I2C1_ER_IRQHandler                       0x080001b7   Thumb Code     0  startup_stm32f4xx.o(.text)
    I2C1_EV_IRQHandler                       0x080001b7   Thumb Code     0  startup_stm32f4xx.o(.text)
    I2C2_ER_IRQHandler                       0x080001b7   Thumb Code     0  startup_stm32f4xx.o(.text)
    I2C2_EV_IRQHandler                       0x080001b7   Thumb Code     0  startup_stm32f4xx.o(.text)
    I2C3_ER_IRQHandler                       0x080001b7   Thumb Code     0  startup_stm32f4xx.o(.text)
    I2C3_EV_IRQHandler                       0x080001b7   Thumb Code     0  startup_stm32f4xx.o(.text)
    OTG_FS_WKUP_IRQHandler                   0x080001b7   Thumb Code     0  startup_stm32f4xx.o(.text)
    OTG_HS_EP1_IN_IRQHandler                 0x080001b7   Thumb Code     0  startup_stm32f4xx.o(.text)
    OTG_HS_EP1_OUT_IRQHandler                0x080001b7   Thumb Code     0  startup_stm32f4xx.o(.text)
    OTG_HS_WKUP_IRQHandler                   0x080001b7   Thumb Code     0  startup_stm32f4xx.o(.text)
    PVD_IRQHandler                           0x080001b7   Thumb Code     0  startup_stm32f4xx.o(.text)
    RCC_IRQHandler                           0x080001b7   Thumb Code     0  startup_stm32f4xx.o(.text)
    RTC_Alarm_IRQHandler                     0x080001b7   Thumb Code     0  startup_stm32f4xx.o(.text)
    RTC_WKUP_IRQHandler                      0x080001b7   Thumb Code     0  startup_stm32f4xx.o(.text)
    SDIO_IRQHandler                          0x080001b7   Thumb Code     0  startup_stm32f4xx.o(.text)
    SPI1_IRQHandler                          0x080001b7   Thumb Code     0  startup_stm32f4xx.o(.text)
    SPI2_IRQHandler                          0x080001b7   Thumb Code     0  startup_stm32f4xx.o(.text)
    SPI3_IRQHandler                          0x080001b7   Thumb Code     0  startup_stm32f4xx.o(.text)
    TAMP_STAMP_IRQHandler                    0x080001b7   Thumb Code     0  startup_stm32f4xx.o(.text)
    TIM1_BRK_TIM9_IRQHandler                 0x080001b7   Thumb Code     0  startup_stm32f4xx.o(.text)
    TIM1_CC_IRQHandler                       0x080001b7   Thumb Code     0  startup_stm32f4xx.o(.text)
    TIM1_TRG_COM_TIM11_IRQHandler            0x080001b7   Thumb Code     0  startup_stm32f4xx.o(.text)
    TIM1_UP_TIM10_IRQHandler                 0x080001b7   Thumb Code     0  startup_stm32f4xx.o(.text)
    TIM3_IRQHandler                          0x080001b7   Thumb Code     0  startup_stm32f4xx.o(.text)
    TIM4_IRQHandler                          0x080001b7   Thumb Code     0  startup_stm32f4xx.o(.text)
    TIM5_IRQHandler                          0x080001b7   Thumb Code     0  startup_stm32f4xx.o(.text)
    TIM6_DAC_IRQHandler                      0x080001b7   Thumb Code     0  startup_stm32f4xx.o(.text)
    TIM7_IRQHandler                          0x080001b7   Thumb Code     0  startup_stm32f4xx.o(.text)
    TIM8_BRK_TIM12_IRQHandler                0x080001b7   Thumb Code     0  startup_stm32f4xx.o(.text)
    TIM8_CC_IRQHandler                       0x080001b7   Thumb Code     0  startup_stm32f4xx.o(.text)
    TIM8_TRG_COM_TIM14_IRQHandler            0x080001b7   Thumb Code     0  startup_stm32f4xx.o(.text)
    TIM8_UP_TIM13_IRQHandler                 0x080001b7   Thumb Code     0  startup_stm32f4xx.o(.text)
    UART4_IRQHandler                         0x080001b7   Thumb Code     0  startup_stm32f4xx.o(.text)
    UART5_IRQHandler                         0x080001b7   Thumb Code     0  startup_stm32f4xx.o(.text)
    USART1_IRQHandler                        0x080001b7   Thumb Code     0  startup_stm32f4xx.o(.text)
    USART2_IRQHandler                        0x080001b7   Thumb Code     0  startup_stm32f4xx.o(.text)
    USART3_IRQHandler                        0x080001b7   Thumb Code     0  startup_stm32f4xx.o(.text)
    USART6_IRQHandler                        0x080001b7   Thumb Code     0  startup_stm32f4xx.o(.text)
    WWDG_IRQHandler                          0x080001b7   Thumb Code     0  startup_stm32f4xx.o(.text)
    strcat                                   0x080001c1   Thumb Code    24  strcat.o(.text)
    strstr                                   0x080001d9   Thumb Code    36  strstr.o(.text)
    strcpy                                   0x080001fd   Thumb Code    18  strcpy.o(.text)
    __aeabi_uldivmod                         0x0800020f   Thumb Code    98  uldiv.o(.text)
    __scatterload                            0x08000271   Thumb Code    28  init.o(.text)
    __scatterload_rt2                        0x08000271   Thumb Code     0  init.o(.text)
    __aeabi_llsl                             0x08000295   Thumb Code    30  llshl.o(.text)
    _ll_shift_l                              0x08000295   Thumb Code     0  llshl.o(.text)
    __aeabi_llsr                             0x080002b3   Thumb Code    32  llushr.o(.text)
    _ll_ushift_r                             0x080002b3   Thumb Code     0  llushr.o(.text)
    __decompress                             0x080002d3   Thumb Code     0  __dczerorl2.o(.text)
    __decompress1                            0x080002d3   Thumb Code    92  __dczerorl2.o(.text)
    BusFault_Handler                         0x080003c7   Thumb Code     4  stm32fxxx_it.o(i.BusFault_Handler)
    COMInit                                  0x080003cd   Thumb Code    32  main.o(i.COMInit)
    DMA_ClearFlag                            0x08000449   Thumb Code    38  stm32f4xx_dma.o(i.DMA_ClearFlag)
    DMA_Cmd                                  0x0800047d   Thumb Code    22  stm32f4xx_dma.o(i.DMA_Cmd)
    DMA_DeInit                               0x08000495   Thumb Code   324  stm32f4xx_dma.o(i.DMA_DeInit)
    DMA_GetFlagStatus                        0x080005ed   Thumb Code    52  stm32f4xx_dma.o(i.DMA_GetFlagStatus)
    DMA_Init                                 0x0800062d   Thumb Code    82  stm32f4xx_dma.o(i.DMA_Init)
    DebugMon_Handler                         0x08000685   Thumb Code     2  stm32fxxx_it.o(i.DebugMon_Handler)
    Demo_Init                                0x08000e79   Thumb Code   154  dual_core_demo.o(i.Demo_Init)
    Demo_ProbeKey                            0x08000fbd   Thumb Code   150  dual_core_demo.o(i.Demo_ProbeKey)
    Demo_Process                             0x0800106d   Thumb Code    40  dual_core_demo.o(i.Demo_Process)
    EVAL_COM_TX_BYTE                         0x08001185   Thumb Code    50  main.o(i.EVAL_COM_TX_BYTE)
    EXTI1_IRQHandler                         0x080011c1   Thumb Code    28  stm32fxxx_it.o(i.EXTI1_IRQHandler)
    EXTI2_IRQHandler                         0x080011e1   Thumb Code    60  stm32fxxx_it.o(i.EXTI2_IRQHandler)
    EXTI_ClearITPendingBit                   0x08001221   Thumb Code     6  stm32f4xx_exti.o(i.EXTI_ClearITPendingBit)
    EXTI_GetITStatus                         0x0800122d   Thumb Code    34  stm32f4xx_exti.o(i.EXTI_GetITStatus)
    EXTI_Init                                0x08001255   Thumb Code   142  stm32f4xx_exti.o(i.EXTI_Init)
    FSMC_NORSRAMCmd                          0x0800147d   Thumb Code    46  stm32f4xx_fsmc.o(i.FSMC_NORSRAMCmd)
    FSMC_NORSRAMInit                         0x080014b1   Thumb Code   224  stm32f4xx_fsmc.o(i.FSMC_NORSRAMInit)
    GPIO_Init                                0x08001591   Thumb Code   144  stm32f4xx_gpio.o(i.GPIO_Init)
    GPIO_PinAFConfig                         0x08001621   Thumb Code    70  stm32f4xx_gpio.o(i.GPIO_PinAFConfig)
    GPIO_ResetBits                           0x08001667   Thumb Code     4  stm32f4xx_gpio.o(i.GPIO_ResetBits)
    GPIO_SetBits                             0x0800166b   Thumb Code     4  stm32f4xx_gpio.o(i.GPIO_SetBits)
    HCD_GetCurrentFrame                      0x0800166f   Thumb Code    10  usb_hcd.o(i.HCD_GetCurrentFrame)
    HCD_GetCurrentSpeed                      0x08001679   Thumb Code    20  usb_hcd.o(i.HCD_GetCurrentSpeed)
    HCD_GetURB_State                         0x0800168d   Thumb Code    10  usb_hcd.o(i.HCD_GetURB_State)
    HCD_GetXferCnt                           0x08001697   Thumb Code    12  usb_hcd.o(i.HCD_GetXferCnt)
    HCD_Init                                 0x080016a3   Thumb Code    96  usb_hcd.o(i.HCD_Init)
    HCD_IsDeviceConnected                    0x08001703   Thumb Code     8  usb_hcd.o(i.HCD_IsDeviceConnected)
    HCD_ResetPort                            0x0800170b   Thumb Code    14  usb_hcd.o(i.HCD_ResetPort)
    HCD_SubmitRequest                        0x08001719   Thumb Code    32  usb_hcd.o(i.HCD_SubmitRequest)
    HID_MOUSE_ButtonPressed                  0x08001739   Thumb Code    78  usbh_usr_lcd.o(i.HID_MOUSE_ButtonPressed)
    HID_MOUSE_ButtonReleased                 0x08001787   Thumb Code    78  usbh_usr_lcd.o(i.HID_MOUSE_ButtonReleased)
    HID_MOUSE_UpdatePosition                 0x080017d5   Thumb Code   240  usbh_usr_lcd.o(i.HID_MOUSE_UpdatePosition)
    HardFault_Handler                        0x080018d5   Thumb Code     4  stm32fxxx_it.o(i.HardFault_Handler)
    I2C_CheckEvent                           0x080018d9   Thumb Code    42  stm32f4xx_i2c.o(i.I2C_CheckEvent)
    I2C_DMACmd                               0x08001903   Thumb Code    24  stm32f4xx_i2c.o(i.I2C_DMACmd)
    I2C_DMALastTransferCmd                   0x0800191b   Thumb Code    24  stm32f4xx_i2c.o(i.I2C_DMALastTransferCmd)
    I2C_GenerateSTART                        0x08001933   Thumb Code    24  stm32f4xx_i2c.o(i.I2C_GenerateSTART)
    I2C_GenerateSTOP                         0x0800194b   Thumb Code    24  stm32f4xx_i2c.o(i.I2C_GenerateSTOP)
    I2C_GetFlagStatus                        0x08001963   Thumb Code    58  stm32f4xx_i2c.o(i.I2C_GetFlagStatus)
    I2C_Init                                 0x0800199d   Thumb Code   218  stm32f4xx_i2c.o(i.I2C_Init)
    I2C_ReadDeviceRegister                   0x08001a85   Thumb Code   382  stm324xg_eval_ioe.o(i.I2C_ReadDeviceRegister)
    I2C_Send7bitAddress                      0x08001c1d   Thumb Code    16  stm32f4xx_i2c.o(i.I2C_Send7bitAddress)
    I2C_SendData                             0x08001c2d   Thumb Code     4  stm32f4xx_i2c.o(i.I2C_SendData)
    I2C_WriteDeviceRegister                  0x08001c31   Thumb Code   298  stm324xg_eval_ioe.o(i.I2C_WriteDeviceRegister)
    IOE_ClearGITPending                      0x08001d75   Thumb Code    20  stm324xg_eval_ioe.o(i.IOE_ClearGITPending)
    IOE_ClearIOITPending                     0x08001d89   Thumb Code    50  stm324xg_eval_ioe.o(i.IOE_ClearIOITPending)
    IOE_Config                               0x08001dbb   Thumb Code   212  stm324xg_eval_ioe.o(i.IOE_Config)
    IOE_FnctCmd                              0x08001f85   Thumb Code    46  stm324xg_eval_ioe.o(i.IOE_FnctCmd)
    IOE_GITCmd                               0x08001fb3   Thumb Code    40  stm324xg_eval_ioe.o(i.IOE_GITCmd)
    IOE_GITConfig                            0x08001fdb   Thumb Code    46  stm324xg_eval_ioe.o(i.IOE_GITConfig)
    IOE_GetGITStatus                         0x080020a5   Thumb Code    36  stm324xg_eval_ioe.o(i.IOE_GetGITStatus)
    IOE_IOAFConfig                           0x08002105   Thumb Code    46  stm324xg_eval_ioe.o(i.IOE_IOAFConfig)
    IOE_IOEdgeConfig                         0x08002133   Thumb Code    80  stm324xg_eval_ioe.o(i.IOE_IOEdgeConfig)
    IOE_IOITConfig                           0x08002183   Thumb Code    46  stm324xg_eval_ioe.o(i.IOE_IOITConfig)
    IOE_IOPinConfig                          0x080021b1   Thumb Code    46  stm324xg_eval_ioe.o(i.IOE_IOPinConfig)
    IOE_ITConfig                             0x080021df   Thumb Code   172  stm324xg_eval_ioe.o(i.IOE_ITConfig)
    IOE_ITOutConfig                          0x0800228b   Thumb Code    72  stm324xg_eval_ioe.o(i.IOE_ITOutConfig)
    IOE_IsOperational                        0x080022d5   Thumb Code    36  stm324xg_eval_ioe.o(i.IOE_IsOperational)
    IOE_JoyStickGetState                     0x080022fd   Thumb Code    80  stm324xg_eval_ioe.o(i.IOE_JoyStickGetState)
    IOE_ReadID                               0x0800234d   Thumb Code    38  stm324xg_eval_ioe.o(i.IOE_ReadID)
    IOE_Reset                                0x08002373   Thumb Code    34  stm324xg_eval_ioe.o(i.IOE_Reset)
    IOE_TS_Config                            0x08002395   Thumb Code   196  stm324xg_eval_ioe.o(i.IOE_TS_Config)
    IOE_TempSens_Config                      0x0800245d   Thumb Code    62  stm324xg_eval_ioe.o(i.IOE_TempSens_Config)
    IOE_WriteIOPin                           0x0800249b   Thumb Code    60  stm324xg_eval_ioe.o(i.IOE_WriteIOPin)
    LCD_Clear                                0x08002749   Thumb Code    40  stm324xg_eval_lcd.o(i.LCD_Clear)
    LCD_ClearLine                            0x08002771   Thumb Code    46  stm324xg_eval_lcd.o(i.LCD_ClearLine)
    LCD_CtrlLinesConfig                      0x080027a5   Thumb Code   286  stm324xg_eval_lcd.o(i.LCD_CtrlLinesConfig)
    LCD_DisplayChar                          0x080028d5   Thumb Code    42  stm324xg_eval_lcd.o(i.LCD_DisplayChar)
    LCD_DisplayStringLine                    0x08002905   Thumb Code    70  stm324xg_eval_lcd.o(i.LCD_DisplayStringLine)
    LCD_DrawChar                             0x08002951   Thumb Code   160  stm324xg_eval_lcd.o(i.LCD_DrawChar)
    LCD_DrawFullRect                         0x080029fd   Thumb Code   132  stm324xg_eval_lcd.o(i.LCD_DrawFullRect)
    LCD_DrawLine                             0x08002a89   Thumb Code    86  stm324xg_eval_lcd.o(i.LCD_DrawLine)
    LCD_DrawRect                             0x08002ae5   Thumb Code    66  stm324xg_eval_lcd.o(i.LCD_DrawRect)
    LCD_FSMCConfig                           0x08002b27   Thumb Code    98  stm324xg_eval_lcd.o(i.LCD_FSMCConfig)
    LCD_GetFont                              0x08002b89   Thumb Code     6  stm324xg_eval_lcd.o(i.LCD_GetFont)
    LCD_LOG_ClearTextZone                    0x08002b95   Thumb Code    40  lcd_log.o(i.LCD_LOG_ClearTextZone)
    LCD_LOG_DeInit                           0x08002bbd   Thumb Code    56  lcd_log.o(i.LCD_LOG_DeInit)
    LCD_LOG_Init                             0x08002c21   Thumb Code    14  lcd_log.o(i.LCD_LOG_Init)
    LCD_LOG_SetHeader                        0x08002c31   Thumb Code   144  lcd_log.o(i.LCD_LOG_SetHeader)
    LCD_ReadReg                              0x08002cc9   Thumb Code    12  stm324xg_eval_lcd.o(i.LCD_ReadReg)
    LCD_SetBackColor                         0x08002cd5   Thumb Code    12  stm324xg_eval_lcd.o(i.LCD_SetBackColor)
    LCD_SetCursor                            0x08002ce5   Thumb Code    24  stm324xg_eval_lcd.o(i.LCD_SetCursor)
    LCD_SetDisplayWindow                     0x08002cfd   Thumb Code    88  stm324xg_eval_lcd.o(i.LCD_SetDisplayWindow)
    LCD_SetFont                              0x08002d55   Thumb Code     6  stm324xg_eval_lcd.o(i.LCD_SetFont)
    LCD_SetTextColor                         0x08002d61   Thumb Code    12  stm324xg_eval_lcd.o(i.LCD_SetTextColor)
    LCD_WriteRAM                             0x08002d71   Thumb Code     8  stm324xg_eval_lcd.o(i.LCD_WriteRAM)
    LCD_WriteRAM_Prepare                     0x08002d79   Thumb Code    10  stm324xg_eval_lcd.o(i.LCD_WriteRAM_Prepare)
    LCD_WriteReg                             0x08002d83   Thumb Code    10  stm324xg_eval_lcd.o(i.LCD_WriteReg)
    MemManage_Handler                        0x08002db5   Thumb Code     4  stm32fxxx_it.o(i.MemManage_Handler)
    NMI_Handler                              0x08002db9   Thumb Code     2  stm32fxxx_it.o(i.NMI_Handler)
    NVIC_Init                                0x08002dbd   Thumb Code   108  misc.o(i.NVIC_Init)
    NVIC_PriorityGroupConfig                 0x08002e35   Thumb Code    10  misc.o(i.NVIC_PriorityGroupConfig)
    NVIC_SetVectorTable                      0x08002e49   Thumb Code    12  misc.o(i.NVIC_SetVectorTable)
    OTG_FS_IRQHandler                        0x08002e5d   Thumb Code    10  stm32fxxx_it.o(i.OTG_FS_IRQHandler)
    OTG_HS_IRQHandler                        0x08002e6d   Thumb Code    10  stm32fxxx_it.o(i.OTG_HS_IRQHandler)
    PendSV_Handler                           0x08002e7d   Thumb Code     2  stm32fxxx_it.o(i.PendSV_Handler)
    RCC_AHB1PeriphClockCmd                   0x08002e81   Thumb Code    26  stm32f4xx_rcc.o(i.RCC_AHB1PeriphClockCmd)
    RCC_AHB2PeriphClockCmd                   0x08002ea1   Thumb Code    26  stm32f4xx_rcc.o(i.RCC_AHB2PeriphClockCmd)
    RCC_AHB3PeriphClockCmd                   0x08002ec1   Thumb Code    26  stm32f4xx_rcc.o(i.RCC_AHB3PeriphClockCmd)
    RCC_APB1PeriphClockCmd                   0x08002ee1   Thumb Code    26  stm32f4xx_rcc.o(i.RCC_APB1PeriphClockCmd)
    RCC_APB1PeriphResetCmd                   0x08002f01   Thumb Code    26  stm32f4xx_rcc.o(i.RCC_APB1PeriphResetCmd)
    RCC_APB2PeriphClockCmd                   0x08002f21   Thumb Code    26  stm32f4xx_rcc.o(i.RCC_APB2PeriphClockCmd)
    RCC_GetClocksFreq                        0x08002f41   Thumb Code   214  stm32f4xx_rcc.o(i.RCC_GetClocksFreq)
    STM324xG_LCD_Init                        0x08003029   Thumb Code  1046  stm324xg_eval_lcd.o(i.STM324xG_LCD_Init)
    STM_COMInit                              0x08003445   Thumb Code   392  main.o(i.STM_COMInit)
    STM_EVAL_LEDInit                         0x080035e1   Thumb Code    62  stm324xg_eval.o(i.STM_EVAL_LEDInit)
    STM_EVAL_LEDOff                          0x0800362d   Thumb Code    16  stm324xg_eval.o(i.STM_EVAL_LEDOff)
    STM_EVAL_LEDOn                           0x08003645   Thumb Code    16  stm324xg_eval.o(i.STM_EVAL_LEDOn)
    SVC_Handler                              0x0800365d   Thumb Code     2  stm32fxxx_it.o(i.SVC_Handler)
    SYSCFG_EXTILineConfig                    0x08003661   Thumb Code    60  stm32f4xx_syscfg.o(i.SYSCFG_EXTILineConfig)
    SystemInit                               0x08003875   Thumb Code    88  system_stm32f4xx.o(i.SystemInit)
    TIM2_IRQHandler                          0x080038dd   Thumb Code     8  stm32fxxx_it.o(i.TIM2_IRQHandler)
    TIM_ARRPreloadConfig                     0x080038e5   Thumb Code    24  stm32f4xx_tim.o(i.TIM_ARRPreloadConfig)
    TIM_ClearITPendingBit                    0x080038fd   Thumb Code     6  stm32f4xx_tim.o(i.TIM_ClearITPendingBit)
    TIM_Cmd                                  0x08003903   Thumb Code    24  stm32f4xx_tim.o(i.TIM_Cmd)
    TIM_GetITStatus                          0x0800391b   Thumb Code    34  stm32f4xx_tim.o(i.TIM_GetITStatus)
    TIM_ITConfig                             0x0800393d   Thumb Code    18  stm32f4xx_tim.o(i.TIM_ITConfig)
    TIM_TimeBaseInit                         0x08003951   Thumb Code   104  stm32f4xx_tim.o(i.TIM_TimeBaseInit)
    USART_Cmd                                0x08003a85   Thumb Code    24  stm32f4xx_usart.o(i.USART_Cmd)
    USART_GetFlagStatus                      0x08003a9d   Thumb Code    26  stm32f4xx_usart.o(i.USART_GetFlagStatus)
    USART_ITConfig                           0x08003ab7   Thumb Code    74  stm32f4xx_usart.o(i.USART_ITConfig)
    USART_Init                               0x08003b01   Thumb Code   204  stm32f4xx_usart.o(i.USART_Init)
    USART_SendData                           0x08003bd5   Thumb Code     8  stm32f4xx_usart.o(i.USART_SendData)
    USBH_Alloc_Channel                       0x08003bdd   Thumb Code    38  usbh_hcs.o(i.USBH_Alloc_Channel)
    USBH_BulkReceiveData                     0x08003c03   Thumb Code    96  usbh_ioreq.o(i.USBH_BulkReceiveData)
    USBH_BulkSendData                        0x08003c63   Thumb Code    94  usbh_ioreq.o(i.USBH_BulkSendData)
    USBH_ClrFeature                          0x08003cc1   Thumb Code    76  usbh_stdreq.o(i.USBH_ClrFeature)
    USBH_Connected                           0x08003d0d   Thumb Code    12  usbh_core.o(i.USBH_Connected)
    USBH_CtlReceiveData                      0x08003d19   Thumb Code    70  usbh_ioreq.o(i.USBH_CtlReceiveData)
    USBH_CtlReq                              0x08003d5f   Thumb Code   100  usbh_ioreq.o(i.USBH_CtlReq)
    USBH_CtlSendData                         0x08003dc5   Thumb Code   124  usbh_ioreq.o(i.USBH_CtlSendData)
    USBH_CtlSendSetup                        0x08003e5d   Thumb Code    66  usbh_ioreq.o(i.USBH_CtlSendSetup)
    USBH_DeAllocate_AllChannel               0x08003e9f   Thumb Code    28  usbh_hcs.o(i.USBH_DeAllocate_AllChannel)
    USBH_DeInit                              0x08003ebb   Thumb Code    58  usbh_core.o(i.USBH_DeInit)
    USBH_Disconnected                        0x08003ef5   Thumb Code    12  usbh_core.o(i.USBH_Disconnected)
    USBH_ErrorHandle                         0x08003f01   Thumb Code    46  usbh_core.o(i.USBH_ErrorHandle)
    USBH_Free_Channel                        0x08003f2f   Thumb Code    30  usbh_hcs.o(i.USBH_Free_Channel)
    USBH_GetDescriptor                       0x08003f4d   Thumb Code    68  usbh_stdreq.o(i.USBH_GetDescriptor)
    USBH_GetNextDesc                         0x08003fb9   Thumb Code    18  usbh_stdreq.o(i.USBH_GetNextDesc)
    USBH_Get_CfgDesc                         0x08003fcd   Thumb Code    88  usbh_stdreq.o(i.USBH_Get_CfgDesc)
    USBH_Get_DevDesc                         0x08004029   Thumb Code    56  usbh_stdreq.o(i.USBH_Get_DevDesc)
    USBH_Get_StringDesc                      0x08004119   Thumb Code    60  usbh_stdreq.o(i.USBH_Get_StringDesc)
    USBH_HID_USR_Configuration_DescAvailable 0x080045a5   Thumb Code    36  usbh_hid_usr.o(i.USBH_HID_USR_Configuration_DescAvailable)
    USBH_HID_USR_DeInit                      0x080045d1   Thumb Code     2  usbh_hid_usr.o(i.USBH_HID_USR_DeInit)
    USBH_HID_USR_DeviceAddressAssigned       0x080045d3   Thumb Code     2  usbh_hid_usr.o(i.USBH_HID_USR_DeviceAddressAssigned)
    USBH_HID_USR_DeviceAttached              0x080045d5   Thumb Code     2  usbh_hid_usr.o(i.USBH_HID_USR_DeviceAttached)
    USBH_HID_USR_DeviceDisconnected          0x080045d9   Thumb Code    38  usbh_hid_usr.o(i.USBH_HID_USR_DeviceDisconnected)
    USBH_HID_USR_DeviceNotSupported          0x08004615   Thumb Code    18  usbh_hid_usr.o(i.USBH_HID_USR_DeviceNotSupported)
    USBH_HID_USR_DeviceSpeedDetected         0x0800464d   Thumb Code    78  usbh_hid_usr.o(i.USBH_HID_USR_DeviceSpeedDetected)
    USBH_HID_USR_Device_DescAvailable        0x080046b1   Thumb Code     2  usbh_hid_usr.o(i.USBH_HID_USR_Device_DescAvailable)
    USBH_HID_USR_EnumerationDone             0x080046b5   Thumb Code    24  usbh_hid_usr.o(i.USBH_HID_USR_EnumerationDone)
    USBH_HID_USR_Init                        0x080046d9   Thumb Code     2  usbh_hid_usr.o(i.USBH_HID_USR_Init)
    USBH_HID_USR_Manufacturer_String         0x080046dd   Thumb Code    34  usbh_hid_usr.o(i.USBH_HID_USR_Manufacturer_String)
    USBH_HID_USR_OverCurrentDetected         0x08004721   Thumb Code    32  usbh_hid_usr.o(i.USBH_HID_USR_OverCurrentDetected)
    USBH_HID_USR_Product_String              0x0800476d   Thumb Code    34  usbh_hid_usr.o(i.USBH_HID_USR_Product_String)
    USBH_HID_USR_ResetDevice                 0x080047ad   Thumb Code     2  usbh_hid_usr.o(i.USBH_HID_USR_ResetDevice)
    USBH_HID_USR_SerialNum_String            0x080047b1   Thumb Code    34  usbh_hid_usr.o(i.USBH_HID_USR_SerialNum_String)
    USBH_HID_USR_UnrecoveredError            0x080047f5   Thumb Code    32  usbh_hid_usr.o(i.USBH_HID_USR_UnrecoveredError)
    USBH_HID_USR_UserInput                   0x08004825   Thumb Code    12  usbh_hid_usr.o(i.USBH_HID_USR_UserInput)
    USBH_HandleControl                       0x08004835   Thumb Code   544  usbh_core.o(i.USBH_HandleControl)
    USBH_Init                                0x08004ce1   Thumb Code    68  usbh_core.o(i.USBH_Init)
    USBH_InterruptReceiveData                0x08004d25   Thumb Code   134  usbh_ioreq.o(i.USBH_InterruptReceiveData)
    USBH_MSC_BOT_Abort                       0x08004df9   Thumb Code    86  usbh_msc_bot.o(i.USBH_MSC_BOT_Abort)
    USBH_MSC_DecodeCSW                       0x08004e6d   Thumb Code   108  usbh_msc_bot.o(i.USBH_MSC_DecodeCSW)
    USBH_MSC_ErrorHandle                     0x08004eed   Thumb Code    58  usbh_msc_core.o(i.USBH_MSC_ErrorHandle)
    USBH_MSC_HandleBOTXfer                   0x08005105   Thumb Code   812  usbh_msc_bot.o(i.USBH_MSC_HandleBOTXfer)
    USBH_MSC_Init                            0x08005455   Thumb Code    44  usbh_msc_bot.o(i.USBH_MSC_Init)
    USBH_MSC_ModeSense6                      0x080055b5   Thumb Code   192  usbh_msc_scsi.o(i.USBH_MSC_ModeSense6)
    USBH_MSC_Read10                          0x08005685   Thumb Code   242  usbh_msc_scsi.o(i.USBH_MSC_Read10)
    USBH_MSC_ReadCapacity10                  0x08005785   Thumb Code   202  usbh_msc_scsi.o(i.USBH_MSC_ReadCapacity10)
    USBH_MSC_RequestSense                    0x08005861   Thumb Code   208  usbh_msc_scsi.o(i.USBH_MSC_RequestSense)
    USBH_MSC_TestUnitReady                   0x08005941   Thumb Code   162  usbh_msc_scsi.o(i.USBH_MSC_TestUnitReady)
    USBH_MSC_Write10                         0x080059f1   Thumb Code   218  usbh_msc_scsi.o(i.USBH_MSC_Write10)
    USBH_Modify_Channel                      0x08005ad5   Thumb Code   100  usbh_hcs.o(i.USBH_Modify_Channel)
    USBH_OTG_ISR_Handler                     0x08005b39   Thumb Code   168  usb_hcd_int.o(i.USBH_OTG_ISR_Handler)
    USBH_Open_Channel                        0x08005be1   Thumb Code   154  usbh_hcs.o(i.USBH_Open_Channel)
    USBH_Process                             0x08005ed1   Thumb Code   562  usbh_core.o(i.USBH_Process)
    USBH_SOF                                 0x0800622d   Thumb Code     6  usbh_core.o(i.USBH_SOF)
    USBH_SetAddress                          0x08006233   Thumb Code    38  usbh_stdreq.o(i.USBH_SetAddress)
    USBH_SetCfg                              0x08006259   Thumb Code    38  usbh_stdreq.o(i.USBH_SetCfg)
    USBH_USR_Configuration_DescAvailable     0x08006365   Thumb Code    36  usbh_msc_usr.o(i.USBH_USR_Configuration_DescAvailable)
    USBH_USR_DeInit                          0x08006391   Thumb Code     8  usbh_msc_usr.o(i.USBH_USR_DeInit)
    USBH_USR_DeviceAddressAssigned           0x0800639d   Thumb Code     2  usbh_msc_usr.o(i.USBH_USR_DeviceAddressAssigned)
    USBH_USR_DeviceAttached                  0x0800639f   Thumb Code     2  usbh_msc_usr.o(i.USBH_USR_DeviceAttached)
    USBH_USR_DeviceDisconnected              0x080063a1   Thumb Code    38  usbh_msc_usr.o(i.USBH_USR_DeviceDisconnected)
    USBH_USR_DeviceNotSupported              0x080063dd   Thumb Code    18  usbh_msc_usr.o(i.USBH_USR_DeviceNotSupported)
    USBH_USR_DeviceSpeedDetected             0x08006421   Thumb Code    78  usbh_msc_usr.o(i.USBH_USR_DeviceSpeedDetected)
    USBH_USR_Device_DescAvailable            0x08006485   Thumb Code     2  usbh_msc_usr.o(i.USBH_USR_Device_DescAvailable)
    USBH_USR_EnumerationDone                 0x08006489   Thumb Code    24  usbh_msc_usr.o(i.USBH_USR_EnumerationDone)
    USBH_USR_Init                            0x080064ad   Thumb Code     2  usbh_msc_usr.o(i.USBH_USR_Init)
    USBH_USR_MSC_Application                 0x080064af   Thumb Code     4  usbh_msc_usr.o(i.USBH_USR_MSC_Application)
    USBH_USR_Manufacturer_String             0x080064b5   Thumb Code    22  usbh_msc_usr.o(i.USBH_USR_Manufacturer_String)
    USBH_USR_OverCurrentDetected             0x080064ed   Thumb Code    32  usbh_msc_usr.o(i.USBH_USR_OverCurrentDetected)
    USBH_USR_Product_String                  0x08006539   Thumb Code    22  usbh_msc_usr.o(i.USBH_USR_Product_String)
    USBH_USR_ResetDevice                     0x0800656d   Thumb Code     2  usbh_msc_usr.o(i.USBH_USR_ResetDevice)
    USBH_USR_SerialNum_String                0x08006571   Thumb Code    22  usbh_msc_usr.o(i.USBH_USR_SerialNum_String)
    USBH_USR_UnrecoveredError                0x080065a9   Thumb Code    32  usbh_msc_usr.o(i.USBH_USR_UnrecoveredError)
    USBH_USR_UserInput                       0x080065d9   Thumb Code     4  usbh_msc_usr.o(i.USBH_USR_UserInput)
    USB_OTG_BSP_ConfigVBUS                   0x080065dd   Thumb Code    62  usb_bsp.o(i.USB_OTG_BSP_ConfigVBUS)
    USB_OTG_BSP_DriveVBUS                    0x08006621   Thumb Code    28  usb_bsp.o(i.USB_OTG_BSP_DriveVBUS)
    USB_OTG_BSP_EnableInterrupt              0x08006641   Thumb Code    74  usb_bsp.o(i.USB_OTG_BSP_EnableInterrupt)
    USB_OTG_BSP_Init                         0x0800668d   Thumb Code   398  usb_bsp.o(i.USB_OTG_BSP_Init)
    USB_OTG_BSP_TimerIRQ                     0x08006869   Thumb Code    50  usb_bsp.o(i.USB_OTG_BSP_TimerIRQ)
    USB_OTG_BSP_mDelay                       0x080068a1   Thumb Code    14  usb_bsp.o(i.USB_OTG_BSP_mDelay)
    USB_OTG_BSP_uDelay                       0x080068af   Thumb Code    14  usb_bsp.o(i.USB_OTG_BSP_uDelay)
    USB_OTG_CoreInit                         0x080068bd   Thumb Code   306  usb_core.o(i.USB_OTG_CoreInit)
    USB_OTG_CoreInitHost                     0x080069ef   Thumb Code   284  usb_core.o(i.USB_OTG_CoreInitHost)
    USB_OTG_DisableGlobalInt                 0x08006b79   Thumb Code    34  usb_core.o(i.USB_OTG_DisableGlobalInt)
    USB_OTG_DriveVbus                        0x08006b9b   Thumb Code    92  usb_core.o(i.USB_OTG_DriveVbus)
    USB_OTG_EnableGlobalInt                  0x08006c2b   Thumb Code    34  usb_core.o(i.USB_OTG_EnableGlobalInt)
    USB_OTG_EnableHostInt                    0x08006c4d   Thumb Code   116  usb_core.o(i.USB_OTG_EnableHostInt)
    USB_OTG_FlushRxFifo                      0x08006cc1   Thumb Code    70  usb_core.o(i.USB_OTG_FlushRxFifo)
    USB_OTG_FlushTxFifo                      0x08006d0d   Thumb Code    80  usb_core.o(i.USB_OTG_FlushTxFifo)
    USB_OTG_GetMode                          0x08006d61   Thumb Code    12  usb_core.o(i.USB_OTG_GetMode)
    USB_OTG_HC_DoPing                        0x08006d6d   Thumb Code    90  usb_core.o(i.USB_OTG_HC_DoPing)
    USB_OTG_HC_Halt                          0x08006dc7   Thumb Code   130  usb_core.o(i.USB_OTG_HC_Halt)
    USB_OTG_HC_Init                          0x08006e49   Thumb Code   568  usb_core.o(i.USB_OTG_HC_Init)
    USB_OTG_HC_StartXfer                     0x08007081   Thumb Code   502  usb_core.o(i.USB_OTG_HC_StartXfer)
    USB_OTG_InitFSLSPClkSel                  0x08007277   Thumb Code    24  usb_core.o(i.USB_OTG_InitFSLSPClkSel)
    USB_OTG_IsEvenFrame                      0x0800728f   Thumb Code    16  usb_core.o(i.USB_OTG_IsEvenFrame)
    USB_OTG_IsHostMode                       0x0800729f   Thumb Code    20  usb_core.o(i.USB_OTG_IsHostMode)
    USB_OTG_ReadCoreItr                      0x080072b3   Thumb Code    16  usb_core.o(i.USB_OTG_ReadCoreItr)
    USB_OTG_ReadHPRT0                        0x080072c3   Thumb Code    48  usb_core.o(i.USB_OTG_ReadHPRT0)
    USB_OTG_ReadHostAllChannels_intr         0x080072f3   Thumb Code     8  usb_core.o(i.USB_OTG_ReadHostAllChannels_intr)
    USB_OTG_ReadPacket                       0x080072fb   Thumb Code    40  usb_core.o(i.USB_OTG_ReadPacket)
    USB_OTG_ResetPort                        0x08007323   Thumb Code    64  usb_core.o(i.USB_OTG_ResetPort)
    USB_OTG_SelectCore                       0x08007365   Thumb Code   208  usb_core.o(i.USB_OTG_SelectCore)
    USB_OTG_SetCurrentMode                   0x08007439   Thumb Code    78  usb_core.o(i.USB_OTG_SetCurrentMode)
    USB_OTG_WritePacket                      0x08008259   Thumb Code    64  usb_core.o(i.USB_OTG_WritePacket)
    USR_KEYBRD_Init                          0x08008299   Thumb Code    52  usbh_hid_usr.o(i.USR_KEYBRD_Init)
    USR_KEYBRD_ProcessData                   0x0800830d   Thumb Code   238  usbh_hid_usr.o(i.USR_KEYBRD_ProcessData)
    USR_MOUSE_Init                           0x0800842d   Thumb Code    96  usbh_hid_usr.o(i.USR_MOUSE_Init)
    USR_MOUSE_ProcessData                    0x080084a9   Thumb Code   150  usbh_hid_usr.o(i.USR_MOUSE_ProcessData)
    UsageFault_Handler                       0x0800856d   Thumb Code     4  stm32fxxx_it.o(i.UsageFault_Handler)
    __0printf$8                              0x08008571   Thumb Code    22  printf8.o(i.__0printf$8)
    __1printf$8                              0x08008571   Thumb Code     0  printf8.o(i.__0printf$8)
    __2printf                                0x08008571   Thumb Code     0  printf8.o(i.__0printf$8)
    __0sprintf$8                             0x08008591   Thumb Code    34  printf8.o(i.__0sprintf$8)
    __1sprintf$8                             0x08008591   Thumb Code     0  printf8.o(i.__0sprintf$8)
    __2sprintf                               0x08008591   Thumb Code     0  printf8.o(i.__0sprintf$8)
    __scatterload_copy                       0x080085b9   Thumb Code    14  handlers.o(i.__scatterload_copy)
    __scatterload_null                       0x080085c7   Thumb Code     2  handlers.o(i.__scatterload_null)
    __scatterload_zeroinit                   0x080085c9   Thumb Code    14  handlers.o(i.__scatterload_zeroinit)
    chk_mounted                              0x08008ae5   Thumb Code   726  ff.o(i.chk_mounted)
    clust2sect                               0x08008dcd   Thumb Code    26  ff.o(i.clust2sect)
    disk_initialize                          0x080092c5   Thumb Code    30  usbh_msc_fatfs.o(i.disk_initialize)
    disk_ioctl                               0x080092ed   Thumb Code    86  usbh_msc_fatfs.o(i.disk_ioctl)
    disk_read                                0x0800934d   Thumb Code    96  usbh_msc_fatfs.o(i.disk_read)
    disk_status                              0x080093b9   Thumb Code    14  usbh_msc_fatfs.o(i.disk_status)
    disk_write                               0x080093cd   Thumb Code   110  usbh_msc_fatfs.o(i.disk_write)
    f_close                                  0x08009449   Thumb Code    22  ff.o(i.f_close)
    f_mount                                  0x08009461   Thumb Code    38  ff.o(i.f_mount)
    f_open                                   0x0800948d   Thumb Code   392  ff.o(i.f_open)
    f_opendir                                0x08009615   Thumb Code   104  ff.o(i.f_opendir)
    f_read                                   0x0800967d   Thumb Code   464  ff.o(i.f_read)
    f_readdir                                0x0800984d   Thumb Code    88  ff.o(i.f_readdir)
    f_sync                                   0x080098a5   Thumb Code   182  ff.o(i.f_sync)
    f_write                                  0x0800995b   Thumb Code   526  ff.o(i.f_write)
    fputc                                    0x08009c0f   Thumb Code    16  main.o(i.fputc)
    get_fat                                  0x08009c1f   Thumb Code   274  ff.o(i.get_fat)
    get_fattime                              0x08009d31   Thumb Code     4  fattime.o(i.get_fattime)
    main                                     0x08009dcd   Thumb Code    60  main.o(i.main)
    put_fat                                  0x08009eef   Thumb Code   330  ff.o(i.put_fat)
    MSG_HOST_INIT                            0x0800a194   Data          33  usbh_hid_usr.o(.constdata)
    MSG_HID_DEV_ATTACHED                     0x0800a1b5   Data          24  usbh_hid_usr.o(.constdata)
    MSG_HID_DEV_DISCONNECTED                 0x0800a1cd   Data          28  usbh_hid_usr.o(.constdata)
    MSG_HID_DEV_ENUMERATED                   0x0800a1e9   Data          30  usbh_hid_usr.o(.constdata)
    MSG_HID_DEV_HIGHSPEED                    0x0800a207   Data          35  usbh_hid_usr.o(.constdata)
    MSG_HID_DEV_FULLSPEED                    0x0800a22a   Data          35  usbh_hid_usr.o(.constdata)
    MSG_HID_DEV_LOWSPEED                     0x0800a24d   Data          34  usbh_hid_usr.o(.constdata)
    MSG_HID_DEV_ERROR                        0x0800a26f   Data          22  usbh_hid_usr.o(.constdata)
    MSG_HID_CLASS                            0x0800a285   Data          29  usbh_hid_usr.o(.constdata)
    USB_HID_MouseStatus                      0x0800a2a2   Data          32  usbh_hid_usr.o(.constdata)
    USB_HID_KeybrdStatus                     0x0800a2c2   Data          35  usbh_hid_usr.o(.constdata)
    MSG_UNREC_ERROR                          0x0800a2e5   Data          32  usbh_hid_usr.o(.constdata)
    MSG_DEV_ATTACHED                         0x0800a305   Data          25  usbh_msc_usr.o(.constdata)
    MSG_DEV_DISCONNECTED                     0x0800a31e   Data          28  usbh_msc_usr.o(.constdata)
    MSG_DEV_ENUMERATED                       0x0800a33a   Data          31  usbh_msc_usr.o(.constdata)
    MSG_DEV_HIGHSPEED                        0x0800a359   Data          35  usbh_msc_usr.o(.constdata)
    MSG_DEV_FULLSPEED                        0x0800a37c   Data          35  usbh_msc_usr.o(.constdata)
    MSG_DEV_LOWSPEED                         0x0800a39f   Data          34  usbh_msc_usr.o(.constdata)
    MSG_DEV_ERROR                            0x0800a3c1   Data          22  usbh_msc_usr.o(.constdata)
    MSG_MSC_CLASS                            0x0800a3d7   Data          38  usbh_msc_usr.o(.constdata)
    MSG_DISK_SIZE                            0x0800a3fd   Data          37  usbh_msc_usr.o(.constdata)
    MSG_LUN                                  0x0800a422   Data          37  usbh_msc_usr.o(.constdata)
    MSG_ROOT_CONT                            0x0800a447   Data          33  usbh_msc_usr.o(.constdata)
    MSG_WR_PROTECT                           0x0800a468   Data          36  usbh_msc_usr.o(.constdata)
    MSG_MSC_UNREC_ERROR                      0x0800a48c   Data          32  usbh_msc_usr.o(.constdata)
    GPIO_PIN                                 0x0800a75c   Data           8  stm324xg_eval.o(.constdata)
    GPIO_CLK                                 0x0800a764   Data          16  stm324xg_eval.o(.constdata)
    BUTTON_PIN                               0x0800a774   Data           6  stm324xg_eval.o(.constdata)
    BUTTON_CLK                               0x0800a77c   Data          12  stm324xg_eval.o(.constdata)
    BUTTON_EXTI_LINE                         0x0800a788   Data           6  stm324xg_eval.o(.constdata)
    BUTTON_PORT_SOURCE                       0x0800a78e   Data           6  stm324xg_eval.o(.constdata)
    BUTTON_PIN_SOURCE                        0x0800a794   Data           6  stm324xg_eval.o(.constdata)
    BUTTON_IRQn                              0x0800a79a   Data           6  stm324xg_eval.o(.constdata)
    COM_USART_CLK                            0x0800a7a0   Data           4  stm324xg_eval.o(.constdata)
    COM_TX_PORT_CLK                          0x0800a7a4   Data           4  stm324xg_eval.o(.constdata)
    COM_RX_PORT_CLK                          0x0800a7a8   Data           4  stm324xg_eval.o(.constdata)
    COM_TX_PIN                               0x0800a7ac   Data           2  stm324xg_eval.o(.constdata)
    COM_RX_PIN                               0x0800a7ae   Data           2  stm324xg_eval.o(.constdata)
    COM_TX_PIN_SOURCE                        0x0800a7b0   Data           2  stm324xg_eval.o(.constdata)
    COM_RX_PIN_SOURCE                        0x0800a7b2   Data           2  stm324xg_eval.o(.constdata)
    COM_TX_AF                                0x0800a7b4   Data           2  stm324xg_eval.o(.constdata)
    COM_RX_AF                                0x0800a7b6   Data           2  stm324xg_eval.o(.constdata)
    ASCII16x24_Table                         0x0800a7b8   Data        4560  stm324xg_eval_lcd.o(.constdata)
    ASCII12x12_Table                         0x0800b988   Data        2304  stm324xg_eval_lcd.o(.constdata)
    ASCII8x12_Table                          0x0800c288   Data        2304  stm324xg_eval_lcd.o(.constdata)
    ASCII8x8_Table                           0x0800cb88   Data        1536  stm324xg_eval_lcd.o(.constdata)
    Region$$Table$$Base                      0x0800d318   Number         0  anon$$obj.o(Region$$Table)
    Region$$Table$$Limit                     0x0800d338   Number         0  anon$$obj.o(Region$$Table)
    BSP_delay                                0x20000000   Data           4  usb_bsp.o(.data)
    HSEStartUpStatus                         0x20000004   Data           1  usb_bsp.o(.data)
    DEMO_HID_ShowData                        0x20000008   Data           1  dual_core_demo.o(.data)
    USBH_USR_ApplicationState                0x20000009   Data           1  dual_core_demo.o(.data)
    line_idx                                 0x2000000a   Data           1  dual_core_demo.o(.data)
    wait_user_input                          0x2000000b   Data           1  dual_core_demo.o(.data)
    USBFS_EnumDone                           0x2000000c   Data           1  dual_core_demo.o(.data)
    USBHS_EnumDone                           0x2000000d   Data           1  dual_core_demo.o(.data)
    HS_DemoDisconnHandled                    0x2000000e   Data           1  dual_core_demo.o(.data)
    FS_DemoDisconnHandled                    0x2000000f   Data           1  dual_core_demo.o(.data)
    DEMO_main_menu                           0x20000010   Data          12  dual_core_demo.o(.data)
    DEMO_MSC_menu                            0x2000001c   Data          16  dual_core_demo.o(.data)
    DEMO_HID_menu                            0x2000002c   Data          12  dual_core_demo.o(.data)
    writeTextBuff                            0x20000038   Data          62  dual_core_demo.o(.data)
    demo                                     0x2000007d   Data           5  dual_core_demo.o(.data)
    DEMO_StartHID                            0x20000084   Data           1  usbh_hid_usr.o(.data)
    USR_HID_cb                               0x20000088   Data          72  usbh_hid_usr.o(.data)
    Xpos                                     0x200000d3   Data           1  usbh_hid_usr.o(.data)
    Ypos                                     0x200000d4   Data           2  usbh_hid_usr.o(.data)
    USR_MSC_cb                               0x200000d8   Data          72  usbh_msc_usr.o(.data)
    x_loc                                    0x20000120   Data           2  usbh_usr_lcd.o(.data)
    y_loc                                    0x20000122   Data           2  usbh_usr_lcd.o(.data)
    prev_x                                   0x20000124   Data           2  usbh_usr_lcd.o(.data)
    prev_y                                   0x20000126   Data           2  usbh_usr_lcd.o(.data)
    HID_MOUSE_cb                             0x20000128   Data           8  usbh_hid_mouse.o(.data)
    HID_MOUSE_Data                           0x20000130   Data           4  usbh_hid_mouse.o(.data)
    start_toggle                             0x20000134   Data           1  usbh_hid_core.o(.data)
    HID_cb                                   0x20000138   Data          16  usbh_hid_core.o(.data)
    HID_Setup                                0x20000148   Data           8  usbh_hid_core.o(.data)
    HID_KEYBRD_cb                            0x20000150   Data           8  usbh_hid_keybd.o(.data)
    MSCErrorCount                            0x20000184   Data           1  usbh_msc_core.o(.data)
    USBH_MSC_cb                              0x20000188   Data          16  usbh_msc_core.o(.data)
    MSC_Setup                                0x2000019a   Data           8  usbh_msc_core.o(.data)
    USBH_HCD_INT_cb                          0x200001a8   Data          12  usbh_core.o(.data)
    USBH_HCD_INT_fops                        0x200001b4   Data           4  usbh_core.o(.data)
    LCD_LineColor                            0x200001c6   Data           2  lcd_log.o(.data)
    LCD_CacheBuffer_xptr                     0x200001c8   Data           2  lcd_log.o(.data)
    LCD_CacheBuffer_yptr_top                 0x200001ca   Data           2  lcd_log.o(.data)
    LCD_CacheBuffer_yptr_bottom              0x200001cc   Data           2  lcd_log.o(.data)
    LCD_CacheBuffer_yptr_top_bak             0x200001ce   Data           2  lcd_log.o(.data)
    LCD_CacheBuffer_yptr_bottom_bak          0x200001d0   Data           2  lcd_log.o(.data)
    LCD_CacheBuffer_yptr_invert              0x200001d2   Data           1  lcd_log.o(.data)
    LCD_ScrollActive                         0x200001d3   Data           1  lcd_log.o(.data)
    LCD_Lock                                 0x200001d4   Data           1  lcd_log.o(.data)
    LCD_Scrolled                             0x200001d5   Data           1  lcd_log.o(.data)
    LCD_ScrollBackStep                       0x200001d6   Data           2  lcd_log.o(.data)
    GPIO_PORT                                0x200001e8   Data          16  stm324xg_eval.o(.data)
    BUTTON_PORT                              0x200001f8   Data          12  stm324xg_eval.o(.data)
    COM_USART                                0x20000204   Data           4  stm324xg_eval.o(.data)
    COM_TX_PORT                              0x20000208   Data           4  stm324xg_eval.o(.data)
    COM_RX_PORT                              0x2000020c   Data           4  stm324xg_eval.o(.data)
    NVIC_InitStructure                       0x20000210   Data           4  stm324xg_eval.o(.data)
    IOE_TimeOut                              0x20000214   Data           4  stm324xg_eval_ioe.o(.data)
    TS_State                                 0x20000224   Data           8  stm324xg_eval_ioe.o(.data)
    Font16x24                                0x2000022c   Data           8  stm324xg_eval_lcd.o(.data)
    Font12x12                                0x20000234   Data           8  stm324xg_eval_lcd.o(.data)
    Font8x12                                 0x2000023c   Data           8  stm324xg_eval_lcd.o(.data)
    Font8x8                                  0x20000244   Data           8  stm324xg_eval_lcd.o(.data)
    TextColor                                0x2000024c   Data           2  stm324xg_eval_lcd.o(.data)
    BackColor                                0x2000024e   Data           2  stm324xg_eval_lcd.o(.data)
    __stdout                                 0x20000254   Data           4  stdout.o(.data)
    USART_InitStructure                      0x20000258   Data          16  main.o(.bss)
    filenameString                           0x20000268   Data          15  dual_core_demo.o(.bss)
    Image_Buf                                0x20000277   Data         512  dual_core_demo.o(.bss)
    fatfs                                    0x20000478   Data         560  dual_core_demo.o(.bss)
    file                                     0x200006a8   Data         548  dual_core_demo.o(.bss)
    USB_OTG_Core                             0x200008cc   Data        1452  dual_core_demo.o(.bss)
    USB_Host                                 0x20000e78   Data         132  dual_core_demo.o(.bss)
    USB_OTG_FS_Core                          0x20000efc   Data        1452  dual_core_demo.o(.bss)
    USB_FS_Host                              0x200014a8   Data         132  dual_core_demo.o(.bss)
    HID_Machine                              0x2000152c   Data          84  usbh_hid_core.o(.bss)
    HID_Report                               0x20001580   Data          72  usbh_hid_core.o(.bss)
    HID_Desc                                 0x200015c8   Data          10  usbh_hid_core.o(.bss)
    USBH_MSC_Param                           0x200015d4   Data          16  usbh_msc_scsi.o(.bss)
    USBH_DataInBuffer                        0x200015e4   Data         512  usbh_msc_scsi.o(.bss)
    USBH_DataOutBuffer                       0x200017e4   Data         512  usbh_msc_scsi.o(.bss)
    USBH_MSC_CBWData                         0x200019e4   Data          32  usbh_msc_bot.o(.bss)
    USBH_MSC_CSWData                         0x20001a04   Data          16  usbh_msc_bot.o(.bss)
    USBH_MSC_BOTXferParam                    0x20001a14   Data          16  usbh_msc_bot.o(.bss)
    MSC_Machine                              0x20001a24   Data         522  usbh_msc_core.o(.bss)
    USBH_CfgDesc                             0x20001c2e   Data         512  usbh_stdreq.o(.bss)
    __initial_sp                             0x20002230   Data           0  startup_stm32f4xx.o(STACK)



==============================================================================

Memory Map of the image

  Image Entry point : 0x08000189

  Load Region LR_IROM1 (Base: 0x08000000, Size: 0x0000d590, Max: 0x00100000, ABSOLUTE, COMPRESSED[0x0000d498])

    Execution Region ER_IROM1 (Base: 0x08000000, Size: 0x0000d338, Max: 0x00100000, ABSOLUTE)

    Base Addr    Size         Type   Attr      Idx    E Section Name        Object

    0x08000000   0x00000188   Data   RO         2249    RESET               startup_stm32f4xx.o
    0x08000188   0x00000000   Code   RO         5451  * .ARM.Collect$$$$00000000  mc_w.l(entry.o)
    0x08000188   0x00000004   Code   RO         5729    .ARM.Collect$$$$00000001  mc_w.l(entry2.o)
    0x0800018c   0x00000004   Code   RO         5732    .ARM.Collect$$$$00000004  mc_w.l(entry5.o)
    0x08000190   0x00000000   Code   RO         5734    .ARM.Collect$$$$00000008  mc_w.l(entry7b.o)
    0x08000190   0x00000000   Code   RO         5736    .ARM.Collect$$$$0000000A  mc_w.l(entry8b.o)
    0x08000190   0x00000008   Code   RO         5737    .ARM.Collect$$$$0000000B  mc_w.l(entry9a.o)
    0x08000198   0x00000000   Code   RO         5739    .ARM.Collect$$$$0000000D  mc_w.l(entry10a.o)
    0x08000198   0x00000000   Code   RO         5741    .ARM.Collect$$$$0000000F  mc_w.l(entry11a.o)
    0x08000198   0x00000004   Code   RO         5730    .ARM.Collect$$$$00002712  mc_w.l(entry2.o)
    0x0800019c   0x00000024   Code   RO         2250    .text               startup_stm32f4xx.o
    0x080001c0   0x00000018   Code   RO         5454    .text               mc_w.l(strcat.o)
    0x080001d8   0x00000024   Code   RO         5456    .text               mc_w.l(strstr.o)
    0x080001fc   0x00000012   Code   RO         5458    .text               mc_w.l(strcpy.o)
    0x0800020e   0x00000062   Code   RO         5746    .text               mc_w.l(uldiv.o)
    0x08000270   0x00000024   Code   RO         5759    .text               mc_w.l(init.o)
    0x08000294   0x0000001e   Code   RO         5761    .text               mc_w.l(llshl.o)
    0x080002b2   0x00000020   Code   RO         5763    .text               mc_w.l(llushr.o)
    0x080002d2   0x0000005c   Code   RO         5775    .text               mc_w.l(__dczerorl2.o)
    0x0800032e   0x00000002   PAD
    0x08000330   0x0000002c   Code   RO          264    i.BSP_Delay         usb_bsp.o
    0x0800035c   0x0000006a   Code   RO          265    i.BSP_SetTime       usb_bsp.o
    0x080003c6   0x00000004   Code   RO            3    i.BusFault_Handler  stm32fxxx_it.o
    0x080003ca   0x00000002   PAD
    0x080003cc   0x00000024   Code   RO          382    i.COMInit           main.o
    0x080003f0   0x00000058   Code   RO          440    i.Check_BMP_file    dual_core_demo.o
    0x08000448   0x00000034   Code   RO         2481    i.DMA_ClearFlag     stm32f4xx_dma.o
    0x0800047c   0x00000016   Code   RO         2483    i.DMA_Cmd           stm32f4xx_dma.o
    0x08000492   0x00000002   PAD
    0x08000494   0x00000158   Code   RO         2484    i.DMA_DeInit        stm32f4xx_dma.o
    0x080005ec   0x00000040   Code   RO         2492    i.DMA_GetFlagStatus  stm32f4xx_dma.o
    0x0800062c   0x00000058   Code   RO         2495    i.DMA_Init          stm32f4xx_dma.o
    0x08000684   0x00000002   Code   RO            4    i.DebugMon_Handler  stm32fxxx_it.o
    0x08000686   0x00000002   PAD
    0x08000688   0x000006e0   Code   RO          441    i.Demo_Application  dual_core_demo.o
    0x08000d68   0x00000110   Code   RO          442    i.Demo_HandleDisconnect  dual_core_demo.o
    0x08000e78   0x00000144   Code   RO          443    i.Demo_Init         dual_core_demo.o
    0x08000fbc   0x000000b0   Code   RO          444    i.Demo_ProbeKey     dual_core_demo.o
    0x0800106c   0x0000003c   Code   RO          445    i.Demo_Process      dual_core_demo.o
    0x080010a8   0x000000dc   Code   RO          446    i.Demo_SelectItem   dual_core_demo.o
    0x08001184   0x0000003c   Code   RO          383    i.EVAL_COM_TX_BYTE  main.o
    0x080011c0   0x00000020   Code   RO            5    i.EXTI1_IRQHandler  stm32fxxx_it.o
    0x080011e0   0x00000040   Code   RO            6    i.EXTI2_IRQHandler  stm32fxxx_it.o
    0x08001220   0x0000000c   Code   RO         2610    i.EXTI_ClearITPendingBit  stm32f4xx_exti.o
    0x0800122c   0x00000028   Code   RO         2614    i.EXTI_GetITStatus  stm32f4xx_exti.o
    0x08001254   0x00000094   Code   RO         2615    i.EXTI_Init         stm32f4xx_exti.o
    0x080012e8   0x00000194   Code   RO          447    i.Explore_Disk      dual_core_demo.o
    0x0800147c   0x00000034   Code   RO         2876    i.FSMC_NORSRAMCmd   stm32f4xx_fsmc.o
    0x080014b0   0x000000e0   Code   RO         2878    i.FSMC_NORSRAMInit  stm32f4xx_fsmc.o
    0x08001590   0x00000090   Code   RO         2994    i.GPIO_Init         stm32f4xx_gpio.o
    0x08001620   0x00000046   Code   RO         2995    i.GPIO_PinAFConfig  stm32f4xx_gpio.o
    0x08001666   0x00000004   Code   RO         3001    i.GPIO_ResetBits    stm32f4xx_gpio.o
    0x0800166a   0x00000004   Code   RO         3002    i.GPIO_SetBits      stm32f4xx_gpio.o
    0x0800166e   0x0000000a   Code   RO         1749    i.HCD_GetCurrentFrame  usb_hcd.o
    0x08001678   0x00000014   Code   RO         1750    i.HCD_GetCurrentSpeed  usb_hcd.o
    0x0800168c   0x0000000a   Code   RO         1752    i.HCD_GetURB_State  usb_hcd.o
    0x08001696   0x0000000c   Code   RO         1753    i.HCD_GetXferCnt    usb_hcd.o
    0x080016a2   0x00000060   Code   RO         1755    i.HCD_Init          usb_hcd.o
    0x08001702   0x00000008   Code   RO         1756    i.HCD_IsDeviceConnected  usb_hcd.o
    0x0800170a   0x0000000e   Code   RO         1757    i.HCD_ResetPort     usb_hcd.o
    0x08001718   0x00000020   Code   RO         1758    i.HCD_SubmitRequest  usb_hcd.o
    0x08001738   0x0000004e   Code   RO          877    i.HID_MOUSE_ButtonPressed  usbh_usr_lcd.o
    0x08001786   0x0000004e   Code   RO          878    i.HID_MOUSE_ButtonReleased  usbh_usr_lcd.o
    0x080017d4   0x00000100   Code   RO          879    i.HID_MOUSE_UpdatePosition  usbh_usr_lcd.o
    0x080018d4   0x00000004   Code   RO            7    i.HardFault_Handler  stm32fxxx_it.o
    0x080018d8   0x0000002a   Code   RO         3094    i.I2C_CheckEvent    stm32f4xx_i2c.o
    0x08001902   0x00000018   Code   RO         3098    i.I2C_DMACmd        stm32f4xx_i2c.o
    0x0800191a   0x00000018   Code   RO         3099    i.I2C_DMALastTransferCmd  stm32f4xx_i2c.o
    0x08001932   0x00000018   Code   RO         3104    i.I2C_GenerateSTART  stm32f4xx_i2c.o
    0x0800194a   0x00000018   Code   RO         3105    i.I2C_GenerateSTOP  stm32f4xx_i2c.o
    0x08001962   0x0000003a   Code   RO         3106    i.I2C_GetFlagStatus  stm32f4xx_i2c.o
    0x0800199c   0x000000e8   Code   RO         3111    i.I2C_Init          stm32f4xx_i2c.o
    0x08001a84   0x00000198   Code   RO         4962    i.I2C_ReadDeviceRegister  stm324xg_eval_ioe.o
    0x08001c1c   0x00000010   Code   RO         3118    i.I2C_Send7bitAddress  stm32f4xx_i2c.o
    0x08001c2c   0x00000004   Code   RO         3119    i.I2C_SendData      stm32f4xx_i2c.o
    0x08001c30   0x00000144   Code   RO         4963    i.I2C_WriteDeviceRegister  stm324xg_eval_ioe.o
    0x08001d74   0x00000014   Code   RO         4964    i.IOE_ClearGITPending  stm324xg_eval_ioe.o
    0x08001d88   0x00000032   Code   RO         4965    i.IOE_ClearIOITPending  stm324xg_eval_ioe.o
    0x08001dba   0x000000d4   Code   RO         4966    i.IOE_Config        stm324xg_eval_ioe.o
    0x08001e8e   0x00000002   PAD
    0x08001e90   0x00000080   Code   RO         4967    i.IOE_DMA_Config    stm324xg_eval_ioe.o
    0x08001f10   0x00000074   Code   RO         4968    i.IOE_EXTI_Config   stm324xg_eval_ioe.o
    0x08001f84   0x0000002e   Code   RO         4969    i.IOE_FnctCmd       stm324xg_eval_ioe.o
    0x08001fb2   0x00000028   Code   RO         4970    i.IOE_GITCmd        stm324xg_eval_ioe.o
    0x08001fda   0x0000002e   Code   RO         4971    i.IOE_GITConfig     stm324xg_eval_ioe.o
    0x08002008   0x0000009c   Code   RO         4972    i.IOE_GPIO_Config   stm324xg_eval_ioe.o
    0x080020a4   0x00000024   Code   RO         4973    i.IOE_GetGITStatus  stm324xg_eval_ioe.o
    0x080020c8   0x0000003c   Code   RO         4975    i.IOE_I2C_Config    stm324xg_eval_ioe.o
    0x08002104   0x0000002e   Code   RO         4976    i.IOE_IOAFConfig    stm324xg_eval_ioe.o
    0x08002132   0x00000050   Code   RO         4977    i.IOE_IOEdgeConfig  stm324xg_eval_ioe.o
    0x08002182   0x0000002e   Code   RO         4978    i.IOE_IOITConfig    stm324xg_eval_ioe.o
    0x080021b0   0x0000002e   Code   RO         4979    i.IOE_IOPinConfig   stm324xg_eval_ioe.o
    0x080021de   0x000000ac   Code   RO         4980    i.IOE_ITConfig      stm324xg_eval_ioe.o
    0x0800228a   0x00000048   Code   RO         4981    i.IOE_ITOutConfig   stm324xg_eval_ioe.o
    0x080022d2   0x00000002   PAD
    0x080022d4   0x00000028   Code   RO         4982    i.IOE_IsOperational  stm324xg_eval_ioe.o
    0x080022fc   0x00000050   Code   RO         4983    i.IOE_JoyStickGetState  stm324xg_eval_ioe.o
    0x0800234c   0x00000026   Code   RO         4984    i.IOE_ReadID        stm324xg_eval_ioe.o
    0x08002372   0x00000022   Code   RO         4986    i.IOE_Reset         stm324xg_eval_ioe.o
    0x08002394   0x000000c8   Code   RO         4987    i.IOE_TS_Config     stm324xg_eval_ioe.o
    0x0800245c   0x0000003e   Code   RO         4992    i.IOE_TempSens_Config  stm324xg_eval_ioe.o
    0x0800249a   0x0000003c   Code   RO         4994    i.IOE_WriteIOPin    stm324xg_eval_ioe.o
    0x080024d6   0x00000002   PAD
    0x080024d8   0x00000114   Code   RO          448    i.Image_Browser     dual_core_demo.o
    0x080025ec   0x00000154   Code   RO         1022    i.KEYBRD_Decode     usbh_hid_keybd.o
    0x08002740   0x00000008   Code   RO         1023    i.KEYBRD_Init       usbh_hid_keybd.o
    0x08002748   0x00000028   Code   RO         5180    i.LCD_Clear         stm324xg_eval_lcd.o
    0x08002770   0x00000034   Code   RO         5181    i.LCD_ClearLine     stm324xg_eval_lcd.o
    0x080027a4   0x00000130   Code   RO         5184    i.LCD_CtrlLinesConfig  stm324xg_eval_lcd.o
    0x080028d4   0x00000030   Code   RO         5186    i.LCD_DisplayChar   stm324xg_eval_lcd.o
    0x08002904   0x0000004c   Code   RO         5189    i.LCD_DisplayStringLine  stm324xg_eval_lcd.o
    0x08002950   0x000000ac   Code   RO         5190    i.LCD_DrawChar      stm324xg_eval_lcd.o
    0x080029fc   0x0000008c   Code   RO         5193    i.LCD_DrawFullRect  stm324xg_eval_lcd.o
    0x08002a88   0x0000005c   Code   RO         5194    i.LCD_DrawLine      stm324xg_eval_lcd.o
    0x08002ae4   0x00000042   Code   RO         5196    i.LCD_DrawRect      stm324xg_eval_lcd.o
    0x08002b26   0x00000062   Code   RO         5198    i.LCD_FSMCConfig    stm324xg_eval_lcd.o
    0x08002b88   0x0000000c   Code   RO         5201    i.LCD_GetFont       stm324xg_eval_lcd.o
    0x08002b94   0x00000028   Code   RO         2187    i.LCD_LOG_ClearTextZone  lcd_log.o
    0x08002bbc   0x00000064   Code   RO         2188    i.LCD_LOG_DeInit    lcd_log.o
    0x08002c20   0x0000000e   Code   RO         2189    i.LCD_LOG_Init      lcd_log.o
    0x08002c2e   0x00000002   PAD
    0x08002c30   0x00000098   Code   RO         2191    i.LCD_LOG_SetHeader  lcd_log.o
    0x08002cc8   0x0000000c   Code   RO         5207    i.LCD_ReadReg       stm324xg_eval_lcd.o
    0x08002cd4   0x00000010   Code   RO         5208    i.LCD_SetBackColor  stm324xg_eval_lcd.o
    0x08002ce4   0x00000018   Code   RO         5210    i.LCD_SetCursor     stm324xg_eval_lcd.o
    0x08002cfc   0x00000058   Code   RO         5211    i.LCD_SetDisplayWindow  stm324xg_eval_lcd.o
    0x08002d54   0x0000000c   Code   RO         5212    i.LCD_SetFont       stm324xg_eval_lcd.o
    0x08002d60   0x00000010   Code   RO         5213    i.LCD_SetTextColor  stm324xg_eval_lcd.o
    0x08002d70   0x00000008   Code   RO         5216    i.LCD_WriteRAM      stm324xg_eval_lcd.o
    0x08002d78   0x0000000a   Code   RO         5217    i.LCD_WriteRAM_Prepare  stm324xg_eval_lcd.o
    0x08002d82   0x0000000a   Code   RO         5218    i.LCD_WriteReg      stm324xg_eval_lcd.o
    0x08002d8c   0x00000020   Code   RO          912    i.MOUSE_Decode      usbh_hid_mouse.o
    0x08002dac   0x00000008   Code   RO          913    i.MOUSE_Init        usbh_hid_mouse.o
    0x08002db4   0x00000004   Code   RO            8    i.MemManage_Handler  stm32fxxx_it.o
    0x08002db8   0x00000002   Code   RO            9    i.NMI_Handler       stm32fxxx_it.o
    0x08002dba   0x00000002   PAD
    0x08002dbc   0x00000078   Code   RO          338    i.NVIC_Init         misc.o
    0x08002e34   0x00000014   Code   RO          339    i.NVIC_PriorityGroupConfig  misc.o
    0x08002e48   0x00000014   Code   RO          340    i.NVIC_SetVectorTable  misc.o
    0x08002e5c   0x00000010   Code   RO           10    i.OTG_FS_IRQHandler  stm32fxxx_it.o
    0x08002e6c   0x00000010   Code   RO           11    i.OTG_HS_IRQHandler  stm32fxxx_it.o
    0x08002e7c   0x00000002   Code   RO           12    i.PendSV_Handler    stm32fxxx_it.o
    0x08002e7e   0x00000002   PAD
    0x08002e80   0x00000020   Code   RO         3389    i.RCC_AHB1PeriphClockCmd  stm32f4xx_rcc.o
    0x08002ea0   0x00000020   Code   RO         3392    i.RCC_AHB2PeriphClockCmd  stm32f4xx_rcc.o
    0x08002ec0   0x00000020   Code   RO         3395    i.RCC_AHB3PeriphClockCmd  stm32f4xx_rcc.o
    0x08002ee0   0x00000020   Code   RO         3398    i.RCC_APB1PeriphClockCmd  stm32f4xx_rcc.o
    0x08002f00   0x00000020   Code   RO         3400    i.RCC_APB1PeriphResetCmd  stm32f4xx_rcc.o
    0x08002f20   0x00000020   Code   RO         3401    i.RCC_APB2PeriphClockCmd  stm32f4xx_rcc.o
    0x08002f40   0x000000e8   Code   RO         3410    i.RCC_GetClocksFreq  stm32f4xx_rcc.o
    0x08003028   0x0000041c   Code   RO         5220    i.STM324xG_LCD_Init  stm324xg_eval_lcd.o
    0x08003444   0x0000019c   Code   RO          384    i.STM_COMInit       main.o
    0x080035e0   0x0000004c   Code   RO         4863    i.STM_EVAL_LEDInit  stm324xg_eval.o
    0x0800362c   0x00000018   Code   RO         4864    i.STM_EVAL_LEDOff   stm324xg_eval.o
    0x08003644   0x00000018   Code   RO         4865    i.STM_EVAL_LEDOn    stm324xg_eval.o
    0x0800365c   0x00000002   Code   RO           13    i.SVC_Handler       stm32fxxx_it.o
    0x0800365e   0x00000002   PAD
    0x08003660   0x00000040   Code   RO         4030    i.SYSCFG_EXTILineConfig  stm32f4xx_syscfg.o
    0x080036a0   0x000000ec   Code   RO         2256    i.SetSysClock       system_stm32f4xx.o
    0x0800378c   0x000000e8   Code   RO          449    i.Show_Image        dual_core_demo.o
    0x08003874   0x00000068   Code   RO         2258    i.SystemInit        system_stm32f4xx.o
    0x080038dc   0x00000008   Code   RO           14    i.TIM2_IRQHandler   stm32fxxx_it.o
    0x080038e4   0x00000018   Code   RO         4081    i.TIM_ARRPreloadConfig  stm32f4xx_tim.o
    0x080038fc   0x00000006   Code   RO         4088    i.TIM_ClearITPendingBit  stm32f4xx_tim.o
    0x08003902   0x00000018   Code   RO         4093    i.TIM_Cmd           stm32f4xx_tim.o
    0x0800391a   0x00000022   Code   RO         4114    i.TIM_GetITStatus   stm32f4xx_tim.o
    0x0800393c   0x00000012   Code   RO         4118    i.TIM_ITConfig      stm32f4xx_tim.o
    0x0800394e   0x00000002   PAD
    0x08003950   0x00000084   Code   RO         4165    i.TIM_TimeBaseInit  stm32f4xx_tim.o
    0x080039d4   0x000000b0   Code   RO          450    i.Toggle_Leds       dual_core_demo.o
    0x08003a84   0x00000018   Code   RO         2297    i.USART_Cmd         stm32f4xx_usart.o
    0x08003a9c   0x0000001a   Code   RO         2300    i.USART_GetFlagStatus  stm32f4xx_usart.o
    0x08003ab6   0x0000004a   Code   RO         2303    i.USART_ITConfig    stm32f4xx_usart.o
    0x08003b00   0x000000d4   Code   RO         2304    i.USART_Init        stm32f4xx_usart.o
    0x08003bd4   0x00000008   Code   RO         2314    i.USART_SendData    stm32f4xx_usart.o
    0x08003bdc   0x00000026   Code   RO         1435    i.USBH_Alloc_Channel  usbh_hcs.o
    0x08003c02   0x00000060   Code   RO         1484    i.USBH_BulkReceiveData  usbh_ioreq.o
    0x08003c62   0x0000005e   Code   RO         1485    i.USBH_BulkSendData  usbh_ioreq.o
    0x08003cc0   0x0000004c   Code   RO         1262    i.USBH_ClrFeature   usbh_stdreq.o
    0x08003d0c   0x0000000c   Code   RO         1362    i.USBH_Connected    usbh_core.o
    0x08003d18   0x00000046   Code   RO         1486    i.USBH_CtlReceiveData  usbh_ioreq.o
    0x08003d5e   0x00000064   Code   RO         1487    i.USBH_CtlReq       usbh_ioreq.o
    0x08003dc2   0x00000002   PAD
    0x08003dc4   0x00000098   Code   RO         1488    i.USBH_CtlSendData  usbh_ioreq.o
    0x08003e5c   0x00000042   Code   RO         1489    i.USBH_CtlSendSetup  usbh_ioreq.o
    0x08003e9e   0x0000001c   Code   RO         1436    i.USBH_DeAllocate_AllChannel  usbh_hcs.o
    0x08003eba   0x0000003a   Code   RO         1363    i.USBH_DeInit       usbh_core.o
    0x08003ef4   0x0000000c   Code   RO         1364    i.USBH_Disconnected  usbh_core.o
    0x08003f00   0x0000002e   Code   RO         1365    i.USBH_ErrorHandle  usbh_core.o
    0x08003f2e   0x0000001e   Code   RO         1437    i.USBH_Free_Channel  usbh_hcs.o
    0x08003f4c   0x00000044   Code   RO         1263    i.USBH_GetDescriptor  usbh_stdreq.o
    0x08003f90   0x00000028   Code   RO         1438    i.USBH_GetFreeChannel  usbh_hcs.o
    0x08003fb8   0x00000012   Code   RO         1264    i.USBH_GetNextDesc  usbh_stdreq.o
    0x08003fca   0x00000002   PAD
    0x08003fcc   0x0000005c   Code   RO         1265    i.USBH_Get_CfgDesc  usbh_stdreq.o
    0x08004028   0x00000038   Code   RO         1266    i.USBH_Get_DevDesc  usbh_stdreq.o
    0x08004060   0x0000005c   Code   RO          942    i.USBH_Get_HID_Descriptor  usbh_hid_core.o
    0x080040bc   0x0000005c   Code   RO          943    i.USBH_Get_HID_ReportDescriptor  usbh_hid_core.o
    0x08004118   0x0000003c   Code   RO         1267    i.USBH_Get_StringDesc  usbh_stdreq.o
    0x08004154   0x000000b0   Code   RO          944    i.USBH_HID_ClassRequest  usbh_hid_core.o
    0x08004204   0x000001e0   Code   RO          945    i.USBH_HID_Handle   usbh_hid_core.o
    0x080043e4   0x00000068   Code   RO          946    i.USBH_HID_InterfaceDeInit  usbh_hid_core.o
    0x0800444c   0x00000158   Code   RO          947    i.USBH_HID_InterfaceInit  usbh_hid_core.o
    0x080045a4   0x0000002c   Code   RO          574    i.USBH_HID_USR_Configuration_DescAvailable  usbh_hid_usr.o
    0x080045d0   0x00000002   Code   RO          575    i.USBH_HID_USR_DeInit  usbh_hid_usr.o
    0x080045d2   0x00000002   Code   RO          576    i.USBH_HID_USR_DeviceAddressAssigned  usbh_hid_usr.o
    0x080045d4   0x00000002   Code   RO          577    i.USBH_HID_USR_DeviceAttached  usbh_hid_usr.o
    0x080045d6   0x00000002   PAD
    0x080045d8   0x0000003c   Code   RO          578    i.USBH_HID_USR_DeviceDisconnected  usbh_hid_usr.o
    0x08004614   0x00000038   Code   RO          579    i.USBH_HID_USR_DeviceNotSupported  usbh_hid_usr.o
    0x0800464c   0x00000064   Code   RO          580    i.USBH_HID_USR_DeviceSpeedDetected  usbh_hid_usr.o
    0x080046b0   0x00000002   Code   RO          581    i.USBH_HID_USR_Device_DescAvailable  usbh_hid_usr.o
    0x080046b2   0x00000002   PAD
    0x080046b4   0x00000024   Code   RO          582    i.USBH_HID_USR_EnumerationDone  usbh_hid_usr.o
    0x080046d8   0x00000002   Code   RO          583    i.USBH_HID_USR_Init  usbh_hid_usr.o
    0x080046da   0x00000002   PAD
    0x080046dc   0x00000044   Code   RO          584    i.USBH_HID_USR_Manufacturer_String  usbh_hid_usr.o
    0x08004720   0x0000004c   Code   RO          585    i.USBH_HID_USR_OverCurrentDetected  usbh_hid_usr.o
    0x0800476c   0x00000040   Code   RO          586    i.USBH_HID_USR_Product_String  usbh_hid_usr.o
    0x080047ac   0x00000002   Code   RO          587    i.USBH_HID_USR_ResetDevice  usbh_hid_usr.o
    0x080047ae   0x00000002   PAD
    0x080047b0   0x00000044   Code   RO          588    i.USBH_HID_USR_SerialNum_String  usbh_hid_usr.o
    0x080047f4   0x00000030   Code   RO          589    i.USBH_HID_USR_UnrecoveredError  usbh_hid_usr.o
    0x08004824   0x00000010   Code   RO          590    i.USBH_HID_USR_UserInput  usbh_hid_usr.o
    0x08004834   0x00000224   Code   RO         1366    i.USBH_HandleControl  usbh_core.o
    0x08004a58   0x00000288   Code   RO         1367    i.USBH_HandleEnum   usbh_core.o
    0x08004ce0   0x00000044   Code   RO         1368    i.USBH_Init         usbh_core.o
    0x08004d24   0x000000b0   Code   RO         1490    i.USBH_InterruptReceiveData  usbh_ioreq.o
    0x08004dd4   0x00000024   Code   RO         1155    i.USBH_MSC_BOTReset  usbh_msc_core.o
    0x08004df8   0x00000060   Code   RO         1110    i.USBH_MSC_BOT_Abort  usbh_msc_bot.o
    0x08004e58   0x00000014   Code   RO         1156    i.USBH_MSC_ClassRequest  usbh_msc_core.o
    0x08004e6c   0x00000080   Code   RO         1111    i.USBH_MSC_DecodeCSW  usbh_msc_bot.o
    0x08004eec   0x00000044   Code   RO         1157    i.USBH_MSC_ErrorHandle  usbh_msc_core.o
    0x08004f30   0x0000002c   Code   RO         1158    i.USBH_MSC_GETMaxLUN  usbh_msc_core.o
    0x08004f5c   0x000001a8   Code   RO         1159    i.USBH_MSC_Handle   usbh_msc_core.o
    0x08005104   0x00000350   Code   RO         1112    i.USBH_MSC_HandleBOTXfer  usbh_msc_bot.o
    0x08005454   0x00000044   Code   RO         1113    i.USBH_MSC_Init     usbh_msc_bot.o
    0x08005498   0x0000004c   Code   RO         1160    i.USBH_MSC_InterfaceDeInit  usbh_msc_core.o
    0x080054e4   0x000000d0   Code   RO         1161    i.USBH_MSC_InterfaceInit  usbh_msc_core.o
    0x080055b4   0x000000d0   Code   RO         1053    i.USBH_MSC_ModeSense6  usbh_msc_scsi.o
    0x08005684   0x00000100   Code   RO         1054    i.USBH_MSC_Read10   usbh_msc_scsi.o
    0x08005784   0x000000dc   Code   RO         1055    i.USBH_MSC_ReadCapacity10  usbh_msc_scsi.o
    0x08005860   0x000000e0   Code   RO         1056    i.USBH_MSC_RequestSense  usbh_msc_scsi.o
    0x08005940   0x000000b0   Code   RO         1057    i.USBH_MSC_TestUnitReady  usbh_msc_scsi.o
    0x080059f0   0x000000e4   Code   RO         1058    i.USBH_MSC_Write10  usbh_msc_scsi.o
    0x08005ad4   0x00000064   Code   RO         1439    i.USBH_Modify_Channel  usbh_hcs.o
    0x08005b38   0x000000a8   Code   RO         1823    i.USBH_OTG_ISR_Handler  usb_hcd_int.o
    0x08005be0   0x0000009a   Code   RO         1440    i.USBH_Open_Channel  usbh_hcs.o
    0x08005c7a   0x00000002   PAD
    0x08005c7c   0x0000011c   Code   RO         1268    i.USBH_ParseCfgDesc  usbh_stdreq.o
    0x08005d98   0x00000058   Code   RO         1269    i.USBH_ParseDevDesc  usbh_stdreq.o
    0x08005df0   0x00000020   Code   RO         1270    i.USBH_ParseEPDesc  usbh_stdreq.o
    0x08005e10   0x00000064   Code   RO          948    i.USBH_ParseHIDDesc  usbh_hid_core.o
    0x08005e74   0x00000026   Code   RO         1271    i.USBH_ParseInterfaceDesc  usbh_stdreq.o
    0x08005e9a   0x00000036   Code   RO         1272    i.USBH_ParseStringDesc  usbh_stdreq.o
    0x08005ed0   0x0000035c   Code   RO         1369    i.USBH_Process      usbh_core.o
    0x0800622c   0x00000006   Code   RO         1370    i.USBH_SOF          usbh_core.o
    0x08006232   0x00000026   Code   RO         1273    i.USBH_SetAddress   usbh_stdreq.o
    0x08006258   0x00000026   Code   RO         1274    i.USBH_SetCfg       usbh_stdreq.o
    0x0800627e   0x00000002   PAD
    0x08006280   0x00000068   Code   RO          949    i.USBH_Set_Idle     usbh_hid_core.o
    0x080062e8   0x00000064   Code   RO          950    i.USBH_Set_Protocol  usbh_hid_core.o
    0x0800634c   0x00000018   Code   RO         1494    i.USBH_SubmitSetupRequest  usbh_ioreq.o
    0x08006364   0x0000002c   Code   RO          730    i.USBH_USR_Configuration_DescAvailable  usbh_msc_usr.o
    0x08006390   0x0000000c   Code   RO          731    i.USBH_USR_DeInit   usbh_msc_usr.o
    0x0800639c   0x00000002   Code   RO          732    i.USBH_USR_DeviceAddressAssigned  usbh_msc_usr.o
    0x0800639e   0x00000002   Code   RO          733    i.USBH_USR_DeviceAttached  usbh_msc_usr.o
    0x080063a0   0x0000003c   Code   RO          734    i.USBH_USR_DeviceDisconnected  usbh_msc_usr.o
    0x080063dc   0x00000044   Code   RO          735    i.USBH_USR_DeviceNotSupported  usbh_msc_usr.o
    0x08006420   0x00000064   Code   RO          736    i.USBH_USR_DeviceSpeedDetected  usbh_msc_usr.o
    0x08006484   0x00000002   Code   RO          737    i.USBH_USR_Device_DescAvailable  usbh_msc_usr.o
    0x08006486   0x00000002   PAD
    0x08006488   0x00000024   Code   RO          738    i.USBH_USR_EnumerationDone  usbh_msc_usr.o
    0x080064ac   0x00000002   Code   RO          739    i.USBH_USR_Init     usbh_msc_usr.o
    0x080064ae   0x00000004   Code   RO          740    i.USBH_USR_MSC_Application  usbh_msc_usr.o
    0x080064b2   0x00000002   PAD
    0x080064b4   0x00000038   Code   RO          741    i.USBH_USR_Manufacturer_String  usbh_msc_usr.o
    0x080064ec   0x0000004c   Code   RO          742    i.USBH_USR_OverCurrentDetected  usbh_msc_usr.o
    0x08006538   0x00000034   Code   RO          743    i.USBH_USR_Product_String  usbh_msc_usr.o
    0x0800656c   0x00000002   Code   RO          744    i.USBH_USR_ResetDevice  usbh_msc_usr.o
    0x0800656e   0x00000002   PAD
    0x08006570   0x00000038   Code   RO          745    i.USBH_USR_SerialNum_String  usbh_msc_usr.o
    0x080065a8   0x00000030   Code   RO          746    i.USBH_USR_UnrecoveredError  usbh_msc_usr.o
    0x080065d8   0x00000004   Code   RO          747    i.USBH_USR_UserInput  usbh_msc_usr.o
    0x080065dc   0x00000044   Code   RO          266    i.USB_OTG_BSP_ConfigVBUS  usb_bsp.o
    0x08006620   0x00000020   Code   RO          267    i.USB_OTG_BSP_DriveVBUS  usb_bsp.o
    0x08006640   0x0000004a   Code   RO          268    i.USB_OTG_BSP_EnableInterrupt  usb_bsp.o
    0x0800668a   0x00000002   PAD
    0x0800668c   0x000001a4   Code   RO          269    i.USB_OTG_BSP_Init  usb_bsp.o
    0x08006830   0x00000038   Code   RO          270    i.USB_OTG_BSP_TimeInit  usb_bsp.o
    0x08006868   0x00000038   Code   RO          271    i.USB_OTG_BSP_TimerIRQ  usb_bsp.o
    0x080068a0   0x0000000e   Code   RO          272    i.USB_OTG_BSP_mDelay  usb_bsp.o
    0x080068ae   0x0000000e   Code   RO          273    i.USB_OTG_BSP_uDelay  usb_bsp.o
    0x080068bc   0x00000132   Code   RO         1563    i.USB_OTG_CoreInit  usb_core.o
    0x080069ee   0x0000011c   Code   RO         1564    i.USB_OTG_CoreInitHost  usb_core.o
    0x08006b0a   0x00000002   PAD
    0x08006b0c   0x0000006c   Code   RO         1565    i.USB_OTG_CoreReset  usb_core.o
    0x08006b78   0x00000022   Code   RO         1566    i.USB_OTG_DisableGlobalInt  usb_core.o
    0x08006b9a   0x0000005c   Code   RO         1567    i.USB_OTG_DriveVbus  usb_core.o
    0x08006bf6   0x00000034   Code   RO         1568    i.USB_OTG_EnableCommonInt  usb_core.o
    0x08006c2a   0x00000022   Code   RO         1569    i.USB_OTG_EnableGlobalInt  usb_core.o
    0x08006c4c   0x00000074   Code   RO         1570    i.USB_OTG_EnableHostInt  usb_core.o
    0x08006cc0   0x0000004c   Code   RO         1571    i.USB_OTG_FlushRxFifo  usb_core.o
    0x08006d0c   0x00000054   Code   RO         1572    i.USB_OTG_FlushTxFifo  usb_core.o
    0x08006d60   0x0000000c   Code   RO         1573    i.USB_OTG_GetMode   usb_core.o
    0x08006d6c   0x0000005a   Code   RO         1574    i.USB_OTG_HC_DoPing  usb_core.o
    0x08006dc6   0x00000082   Code   RO         1575    i.USB_OTG_HC_Halt   usb_core.o
    0x08006e48   0x00000238   Code   RO         1576    i.USB_OTG_HC_Init   usb_core.o
    0x08007080   0x000001f6   Code   RO         1577    i.USB_OTG_HC_StartXfer  usb_core.o
    0x08007276   0x00000018   Code   RO         1578    i.USB_OTG_InitFSLSPClkSel  usb_core.o
    0x0800728e   0x00000010   Code   RO         1580    i.USB_OTG_IsEvenFrame  usb_core.o
    0x0800729e   0x00000014   Code   RO         1581    i.USB_OTG_IsHostMode  usb_core.o
    0x080072b2   0x00000010   Code   RO         1582    i.USB_OTG_ReadCoreItr  usb_core.o
    0x080072c2   0x00000030   Code   RO         1583    i.USB_OTG_ReadHPRT0  usb_core.o
    0x080072f2   0x00000008   Code   RO         1584    i.USB_OTG_ReadHostAllChannels_intr  usb_core.o
    0x080072fa   0x00000028   Code   RO         1586    i.USB_OTG_ReadPacket  usb_core.o
    0x08007322   0x00000040   Code   RO         1587    i.USB_OTG_ResetPort  usb_core.o
    0x08007362   0x00000002   PAD
    0x08007364   0x000000d4   Code   RO         1588    i.USB_OTG_SelectCore  usb_core.o
    0x08007438   0x0000004e   Code   RO         1589    i.USB_OTG_SetCurrentMode  usb_core.o
    0x08007486   0x00000002   PAD
    0x08007488   0x0000002c   Code   RO         1824    i.USB_OTG_USBH_handle_Disconnect_ISR  usb_hcd_int.o
    0x080074b4   0x00000046   Code   RO         1825    i.USB_OTG_USBH_handle_IncompletePeriodicXfer_ISR  usb_hcd_int.o
    0x080074fa   0x00000056   Code   RO         1826    i.USB_OTG_USBH_handle_hc_ISR  usb_hcd_int.o
    0x08007550   0x00000428   Code   RO         1827    i.USB_OTG_USBH_handle_hc_n_In_ISR  usb_hcd_int.o
    0x08007978   0x000003d0   Code   RO         1828    i.USB_OTG_USBH_handle_hc_n_Out_ISR  usb_hcd_int.o
    0x08007d48   0x0000012e   Code   RO         1829    i.USB_OTG_USBH_handle_nptxfempty_ISR  usb_hcd_int.o
    0x08007e76   0x00000002   PAD
    0x08007e78   0x00000120   Code   RO         1830    i.USB_OTG_USBH_handle_port_ISR  usb_hcd_int.o
    0x08007f98   0x0000012e   Code   RO         1831    i.USB_OTG_USBH_handle_ptxfempty_ISR  usb_hcd_int.o
    0x080080c6   0x00000164   Code   RO         1832    i.USB_OTG_USBH_handle_rx_qlvl_ISR  usb_hcd_int.o
    0x0800822a   0x00000002   PAD
    0x0800822c   0x0000002c   Code   RO         1833    i.USB_OTG_USBH_handle_sof_ISR  usb_hcd_int.o
    0x08008258   0x00000040   Code   RO         1591    i.USB_OTG_WritePacket  usb_core.o
    0x08008298   0x00000074   Code   RO          591    i.USR_KEYBRD_Init   usbh_hid_usr.o
    0x0800830c   0x00000120   Code   RO          592    i.USR_KEYBRD_ProcessData  usbh_hid_usr.o
    0x0800842c   0x0000007c   Code   RO          593    i.USR_MOUSE_Init    usbh_hid_usr.o
    0x080084a8   0x000000c4   Code   RO          594    i.USR_MOUSE_ProcessData  usbh_hid_usr.o
    0x0800856c   0x00000004   Code   RO           15    i.UsageFault_Handler  stm32fxxx_it.o
    0x08008570   0x00000020   Code   RO         5667    i.__0printf$8       mc_w.l(printf8.o)
    0x08008590   0x00000028   Code   RO         5669    i.__0sprintf$8      mc_w.l(printf8.o)
    0x080085b8   0x0000000e   Code   RO         5769    i.__scatterload_copy  mc_w.l(handlers.o)
    0x080085c6   0x00000002   Code   RO         5770    i.__scatterload_null  mc_w.l(handlers.o)
    0x080085c8   0x0000000e   Code   RO         5771    i.__scatterload_zeroinit  mc_w.l(handlers.o)
    0x080085d6   0x00000002   PAD
    0x080085d8   0x00000408   Code   RO         5674    i._printf_core      mc_w.l(printf8.o)
    0x080089e0   0x00000026   Code   RO         5675    i._printf_post_padding  mc_w.l(printf8.o)
    0x08008a06   0x00000030   Code   RO         5676    i._printf_pre_padding  mc_w.l(printf8.o)
    0x08008a36   0x0000000a   Code   RO         5678    i._sputc            mc_w.l(printf8.o)
    0x08008a40   0x00000090   Code   RO         1893    i.check_fs          ff.o
    0x08008ad0   0x00000014   Code   RO         1894    i.chk_chr           ff.o
    0x08008ae4   0x000002e8   Code   RO         1895    i.chk_mounted       ff.o
    0x08008dcc   0x0000001a   Code   RO         1896    i.clust2sect        ff.o
    0x08008de6   0x000000b6   Code   RO         1897    i.create_chain      ff.o
    0x08008e9c   0x00000108   Code   RO         1898    i.create_name       ff.o
    0x08008fa4   0x00000024   Code   RO         4995    i.delay             stm324xg_eval_ioe.o
    0x08008fc8   0x00000024   Code   RO         5221    i.delay             stm324xg_eval_lcd.o
    0x08008fec   0x0000005c   Code   RO         1899    i.dir_find          ff.o
    0x08009048   0x00000112   Code   RO         1900    i.dir_next          ff.o
    0x0800915a   0x00000056   Code   RO         1901    i.dir_read          ff.o
    0x080091b0   0x00000078   Code   RO         1902    i.dir_register      ff.o
    0x08009228   0x0000009c   Code   RO         1904    i.dir_seek          ff.o
    0x080092c4   0x00000028   Code   RO         1212    i.disk_initialize   usbh_msc_fatfs.o
    0x080092ec   0x00000060   Code   RO         1213    i.disk_ioctl        usbh_msc_fatfs.o
    0x0800934c   0x0000006c   Code   RO         1214    i.disk_read         usbh_msc_fatfs.o
    0x080093b8   0x00000014   Code   RO         1215    i.disk_status       usbh_msc_fatfs.o
    0x080093cc   0x0000007c   Code   RO         1216    i.disk_write        usbh_msc_fatfs.o
    0x08009448   0x00000016   Code   RO         1906    i.f_close           ff.o
    0x0800945e   0x00000002   PAD
    0x08009460   0x0000002c   Code   RO         1912    i.f_mount           ff.o
    0x0800948c   0x00000188   Code   RO         1913    i.f_open            ff.o
    0x08009614   0x00000068   Code   RO         1914    i.f_opendir         ff.o
    0x0800967c   0x000001d0   Code   RO         1918    i.f_read            ff.o
    0x0800984c   0x00000058   Code   RO         1919    i.f_readdir         ff.o
    0x080098a4   0x000000b6   Code   RO         1922    i.f_sync            ff.o
    0x0800995a   0x0000020e   Code   RO         1926    i.f_write           ff.o
    0x08009b68   0x000000a6   Code   RO         1927    i.follow_path       ff.o
    0x08009c0e   0x00000010   Code   RO          385    i.fputc             main.o
    0x08009c1e   0x00000112   Code   RO         1928    i.get_fat           ff.o
    0x08009d30   0x00000004   Code   RO         2164    i.get_fattime       fattime.o
    0x08009d34   0x00000098   Code   RO         1929    i.get_fileinfo      ff.o
    0x08009dcc   0x0000005c   Code   RO          386    i.main              main.o
    0x08009e28   0x00000026   Code   RO         1930    i.mem_cmp           ff.o
    0x08009e4e   0x0000001a   Code   RO         1931    i.mem_cpy           ff.o
    0x08009e68   0x00000014   Code   RO         1932    i.mem_set           ff.o
    0x08009e7c   0x00000072   Code   RO         1933    i.move_window       ff.o
    0x08009eee   0x0000014a   Code   RO         1934    i.put_fat           ff.o
    0x0800a038   0x00000068   Code   RO         1935    i.remove_chain      ff.o
    0x0800a0a0   0x000000ca   Code   RO         1936    i.sync              ff.o
    0x0800a16a   0x0000002a   Code   RO         1937    i.validate          ff.o
    0x0800a194   0x00000171   Data   RO          595    .constdata          usbh_hid_usr.o
    0x0800a305   0x000001a7   Data   RO          748    .constdata          usbh_msc_usr.o
    0x0800a4ac   0x000001ec   Data   RO         1024    .constdata          usbh_hid_keybd.o
    0x0800a698   0x000000c2   Data   RO         1938    .constdata          ff.o
    0x0800a75a   0x00000002   PAD
    0x0800a75c   0x0000005c   Data   RO         4873    .constdata          stm324xg_eval.o
    0x0800a7b8   0x000029d0   Data   RO         5222    .constdata          stm324xg_eval_lcd.o
    0x0800d188   0x00000190   Data   RO          452    .conststring        dual_core_demo.o
    0x0800d318   0x00000020   Data   RO         5767    Region$$Table       anon$$obj.o


    Execution Region RW_IRAM1 (Base: 0x20000000, Size: 0x00002230, Max: 0x00020000, ABSOLUTE, COMPRESSED[0x00000160])

    Base Addr    Size         Type   Attr      Idx    E Section Name        Object

    0x20000000   0x00000005   Data   RW          274    .data               usb_bsp.o
    0x20000005   0x00000003   PAD
    0x20000008   0x0000007a   Data   RW          453    .data               dual_core_demo.o
    0x20000082   0x00000002   PAD
    0x20000084   0x00000052   Data   RW          596    .data               usbh_hid_usr.o
    0x200000d6   0x00000002   PAD
    0x200000d8   0x00000048   Data   RW          749    .data               usbh_msc_usr.o
    0x20000120   0x00000008   Data   RW          880    .data               usbh_usr_lcd.o
    0x20000128   0x0000000c   Data   RW          914    .data               usbh_hid_mouse.o
    0x20000134   0x0000001c   Data   RW          953    .data               usbh_hid_core.o
    0x20000150   0x0000001f   Data   RW         1025    .data               usbh_hid_keybd.o
    0x2000016f   0x00000001   Data   RW         1060    .data               usbh_msc_scsi.o
    0x20000170   0x00000014   Data   RW         1115    .data               usbh_msc_bot.o
    0x20000184   0x0000001e   Data   RW         1163    .data               usbh_msc_core.o
    0x200001a2   0x00000001   Data   RW         1217    .data               usbh_msc_fatfs.o
    0x200001a3   0x00000001   PAD
    0x200001a4   0x00000003   Data   RW         1277    .data               usbh_stdreq.o
    0x200001a7   0x00000001   PAD
    0x200001a8   0x00000012   Data   RW         1371    .data               usbh_core.o
    0x200001ba   0x00000002   PAD
    0x200001bc   0x0000000a   Data   RW         1939    .data               ff.o
    0x200001c6   0x00000012   Data   RW         2195    .data               lcd_log.o
    0x200001d8   0x00000010   Data   RW         3433    .data               stm32f4xx_rcc.o
    0x200001e8   0x0000002c   Data   RW         4874    .data               stm324xg_eval.o
    0x20000214   0x00000018   Data   RW         4996    .data               stm324xg_eval_ioe.o
    0x2000022c   0x00000028   Data   RW         5223    .data               stm324xg_eval_lcd.o
    0x20000254   0x00000004   Data   RW         5743    .data               mc_w.l(stdout.o)
    0x20000258   0x00000010   Zero   RW          387    .bss                main.o
    0x20000268   0x000012c4   Zero   RW          451    .bss                dual_core_demo.o
    0x2000152c   0x000000a6   Zero   RW          952    .bss                usbh_hid_core.o
    0x200015d2   0x00000002   PAD
    0x200015d4   0x00000410   Zero   RW         1059    .bss                usbh_msc_scsi.o
    0x200019e4   0x00000040   Zero   RW         1114    .bss                usbh_msc_bot.o
    0x20001a24   0x0000020a   Zero   RW         1162    .bss                usbh_msc_core.o
    0x20001c2e   0x00000200   Zero   RW         1276    .bss                usbh_stdreq.o
    0x20001e2e   0x00000002   PAD
    0x20001e30   0x00000400   Zero   RW         2247    STACK               startup_stm32f4xx.o


==============================================================================

Image component sizes


      Code (inc. data)   RO Data    RW Data    ZI Data      Debug   Object Name

      3988       1116        400        122       4804      19069   dual_core_demo.o
         4          0          0          0          0        638   fattime.o
      5398         46        194         10          0      31809   ff.o
       306         52          0         18          0       5329   lcd_log.o
       616         66          0          0         16       4815   main.o
       160         30          0          0          0       2809   misc.o
        36          8        392          0       1024       1020   startup_stm32f4xx.o
       124         30         92         44          0       4374   stm324xg_eval.o
      2654        100          0         24          0      25090   stm324xg_eval_ioe.o
      2384         92      10704         40          0      20421   stm324xg_eval_lcd.o
       570         52          0          0          0       5494   stm32f4xx_dma.o
       200         18          0          0          0       2832   stm32f4xx_exti.o
       276          6          0          0          0       2365   stm32f4xx_fsmc.o
       222          0          0          0          0       3755   stm32f4xx_gpio.o
       448         14          0          0          0       7842   stm32f4xx_i2c.o
       424         54          0         16          0       7666   stm32f4xx_rcc.o
        64          4          0          0          0        824   stm32f4xx_syscfg.o
       238         28          0          0          0       5469   stm32f4xx_tim.o
       344          8          0          0          0       5141   stm32f4xx_usart.o
       160         20          0          0          0     337627   stm32fxxx_it.o
       340         34          0          0          0       1833   system_stm32f4xx.o
       884         44          0          5          0       7944   usb_bsp.o
      3078         18          0          0          0      22599   usb_core.o
       202          0          0          0          0       6455   usb_hcd.o
      3700         16          0          0          0      12107   usb_hcd_int.o
      2258        450          0         18          0      10929   usbh_core.o
       390          0          0          0          0       5544   usbh_hcs.o
      1592        390          0         28        166      10932   usbh_hid_core.o
       348         44        492         31          0       2992   usbh_hid_keybd.o
        40          6          0         12          0       2878   usbh_hid_mouse.o
      1372        452        369         82          0      16891   usbh_hid_usr.o
       778         70          0          0          0       7578   usbh_ioreq.o
      1140        100          0         20         64       7781   usbh_msc_bot.o
       876         62          0         30        522       8037   usbh_msc_core.o
       388         52          0          1          0       6350   usbh_msc_fatfs.o
      1312         88          0          1       1040       8568   usbh_msc_scsi.o
       626        276        423         72          0      26181   usbh_msc_usr.o
       942         14          0          3        512      12385   usbh_stdreq.o
       412         16          0          8          0       2924   usbh_usr_lcd.o

    ----------------------------------------------------------------------
     39352       3876      13100        596       8152     675297   Object Totals
         0          0         32          0          0          0   (incl. Generated)
        58          0          2         11          4          0   (incl. Padding)

    ----------------------------------------------------------------------

      Code (inc. data)   RO Data    RW Data    ZI Data      Debug   Library Member Name

        92          0          0          0          0          0   __dczerorl2.o
         0          0          0          0          0          0   entry.o
         0          0          0          0          0          0   entry10a.o
         0          0          0          0          0          0   entry11a.o
         8          4          0          0          0          0   entry2.o
         4          0          0          0          0          0   entry5.o
         0          0          0          0          0          0   entry7b.o
         0          0          0          0          0          0   entry8b.o
         8          4          0          0          0          0   entry9a.o
        30          0          0          0          0          0   handlers.o
        36          8          0          0          0         68   init.o
        30          0          0          0          0         68   llshl.o
        32          0          0          0          0         68   llushr.o
      1200         60          0          0          0        504   printf8.o
         0          0          0          4          0          0   stdout.o
        24          0          0          0          0         68   strcat.o
        18          0          0          0          0         68   strcpy.o
        36          0          0          0          0         80   strstr.o
        98          0          0          0          0         92   uldiv.o

    ----------------------------------------------------------------------
      1620         76          0          4          0       1016   Library Totals
         4          0          0          0          0          0   (incl. Padding)

    ----------------------------------------------------------------------

      Code (inc. data)   RO Data    RW Data    ZI Data      Debug   Library Name

      1616         76          0          4          0       1016   mc_w.l

    ----------------------------------------------------------------------
      1620         76          0          4          0       1016   Library Totals

    ----------------------------------------------------------------------

==============================================================================


      Code (inc. data)   RO Data    RW Data    ZI Data      Debug   

     40972       3952      13100        600       8152     643393   Grand Totals
     40972       3952      13100        352       8152     643393   ELF Image Totals (compressed)
     40972       3952      13100        352          0          0   ROM Totals

==============================================================================

    Total RO  Size (Code + RO Data)                54072 (  52.80kB)
    Total RW  Size (RW Data + ZI Data)              8752 (   8.55kB)
    Total ROM Size (Code + RO Data + RW Data)      54424 (  53.15kB)

==============================================================================

